###############################################################################
#
# IAR ELF Linker V7.50.3.10732/W32 for ARM                18/Feb/2019  19:06:34
# Copyright 2007-2016 IAR Systems AB.
#
#    Output file  =  
#        E:\openwsn\openwsn-fw\projects\openmotestmL4\opentimers\EWARM\STM32L476RG_NUCLEO\Exe\Project.out
#    Map file     =  
#        E:\openwsn\openwsn-fw\projects\openmotestmL4\opentimers\EWARM\STM32L476RG_NUCLEO\List\Project.map
#    Command line =  
#        E:\openwsn\openwsn-fw\projects\openmotestmL4\opentimers\EWARM\STM32L476RG_NUCLEO\Obj\02drv_opentimers.o
#        E:\openwsn\openwsn-fw\projects\openmotestmL4\opentimers\EWARM\STM32L476RG_NUCLEO\Obj\board.o
#        E:\openwsn\openwsn-fw\projects\openmotestmL4\opentimers\EWARM\STM32L476RG_NUCLEO\Obj\bsp_timer.o
#        E:\openwsn\openwsn-fw\projects\openmotestmL4\opentimers\EWARM\STM32L476RG_NUCLEO\Obj\debugpins.o
#        E:\openwsn\openwsn-fw\projects\openmotestmL4\opentimers\EWARM\STM32L476RG_NUCLEO\Obj\eui64.o
#        E:\openwsn\openwsn-fw\projects\openmotestmL4\opentimers\EWARM\STM32L476RG_NUCLEO\Obj\gpio.o
#        E:\openwsn\openwsn-fw\projects\openmotestmL4\opentimers\EWARM\STM32L476RG_NUCLEO\Obj\leds.o
#        E:\openwsn\openwsn-fw\projects\openmotestmL4\opentimers\EWARM\STM32L476RG_NUCLEO\Obj\nvic.o
#        E:\openwsn\openwsn-fw\projects\openmotestmL4\opentimers\EWARM\STM32L476RG_NUCLEO\Obj\opentimers.o
#        E:\openwsn\openwsn-fw\projects\openmotestmL4\opentimers\EWARM\STM32L476RG_NUCLEO\Obj\radio.o
#        E:\openwsn\openwsn-fw\projects\openmotestmL4\opentimers\EWARM\STM32L476RG_NUCLEO\Obj\radiotimer.o
#        E:\openwsn\openwsn-fw\projects\openmotestmL4\opentimers\EWARM\STM32L476RG_NUCLEO\Obj\rcc.o
#        E:\openwsn\openwsn-fw\projects\openmotestmL4\opentimers\EWARM\STM32L476RG_NUCLEO\Obj\spi.o
#        E:\openwsn\openwsn-fw\projects\openmotestmL4\opentimers\EWARM\STM32L476RG_NUCLEO\Obj\startup_stm32l476xx.o
#        E:\openwsn\openwsn-fw\projects\openmotestmL4\opentimers\EWARM\STM32L476RG_NUCLEO\Obj\stm32l4xx_it.o
#        E:\openwsn\openwsn-fw\projects\openmotestmL4\opentimers\EWARM\STM32L476RG_NUCLEO\Obj\stm32l4xx_ll_adc.o
#        E:\openwsn\openwsn-fw\projects\openmotestmL4\opentimers\EWARM\STM32L476RG_NUCLEO\Obj\stm32l4xx_ll_comp.o
#        E:\openwsn\openwsn-fw\projects\openmotestmL4\opentimers\EWARM\STM32L476RG_NUCLEO\Obj\stm32l4xx_ll_crc.o
#        E:\openwsn\openwsn-fw\projects\openmotestmL4\opentimers\EWARM\STM32L476RG_NUCLEO\Obj\stm32l4xx_ll_crs.o
#        E:\openwsn\openwsn-fw\projects\openmotestmL4\opentimers\EWARM\STM32L476RG_NUCLEO\Obj\stm32l4xx_ll_dac.o
#        E:\openwsn\openwsn-fw\projects\openmotestmL4\opentimers\EWARM\STM32L476RG_NUCLEO\Obj\stm32l4xx_ll_dma.o
#        E:\openwsn\openwsn-fw\projects\openmotestmL4\opentimers\EWARM\STM32L476RG_NUCLEO\Obj\stm32l4xx_ll_dma2d.o
#        E:\openwsn\openwsn-fw\projects\openmotestmL4\opentimers\EWARM\STM32L476RG_NUCLEO\Obj\stm32l4xx_ll_exti.o
#        E:\openwsn\openwsn-fw\projects\openmotestmL4\opentimers\EWARM\STM32L476RG_NUCLEO\Obj\stm32l4xx_ll_gpio.o
#        E:\openwsn\openwsn-fw\projects\openmotestmL4\opentimers\EWARM\STM32L476RG_NUCLEO\Obj\stm32l4xx_ll_i2c.o
#        E:\openwsn\openwsn-fw\projects\openmotestmL4\opentimers\EWARM\STM32L476RG_NUCLEO\Obj\stm32l4xx_ll_lptim.o
#        E:\openwsn\openwsn-fw\projects\openmotestmL4\opentimers\EWARM\STM32L476RG_NUCLEO\Obj\stm32l4xx_ll_lpuart.o
#        E:\openwsn\openwsn-fw\projects\openmotestmL4\opentimers\EWARM\STM32L476RG_NUCLEO\Obj\stm32l4xx_ll_opamp.o
#        E:\openwsn\openwsn-fw\projects\openmotestmL4\opentimers\EWARM\STM32L476RG_NUCLEO\Obj\stm32l4xx_ll_pwr.o
#        E:\openwsn\openwsn-fw\projects\openmotestmL4\opentimers\EWARM\STM32L476RG_NUCLEO\Obj\stm32l4xx_ll_rcc.o
#        E:\openwsn\openwsn-fw\projects\openmotestmL4\opentimers\EWARM\STM32L476RG_NUCLEO\Obj\stm32l4xx_ll_rng.o
#        E:\openwsn\openwsn-fw\projects\openmotestmL4\opentimers\EWARM\STM32L476RG_NUCLEO\Obj\stm32l4xx_ll_rtc.o
#        E:\openwsn\openwsn-fw\projects\openmotestmL4\opentimers\EWARM\STM32L476RG_NUCLEO\Obj\stm32l4xx_ll_spi.o
#        E:\openwsn\openwsn-fw\projects\openmotestmL4\opentimers\EWARM\STM32L476RG_NUCLEO\Obj\stm32l4xx_ll_swpmi.o
#        E:\openwsn\openwsn-fw\projects\openmotestmL4\opentimers\EWARM\STM32L476RG_NUCLEO\Obj\stm32l4xx_ll_tim.o
#        E:\openwsn\openwsn-fw\projects\openmotestmL4\opentimers\EWARM\STM32L476RG_NUCLEO\Obj\stm32l4xx_ll_usart.o
#        E:\openwsn\openwsn-fw\projects\openmotestmL4\opentimers\EWARM\STM32L476RG_NUCLEO\Obj\stm32l4xx_ll_utils.o
#        E:\openwsn\openwsn-fw\projects\openmotestmL4\opentimers\EWARM\STM32L476RG_NUCLEO\Obj\system_stm32l4xx.o
#        E:\openwsn\openwsn-fw\projects\openmotestmL4\opentimers\EWARM\STM32L476RG_NUCLEO\Obj\uart.o
#        -o
#        E:\openwsn\openwsn-fw\projects\openmotestmL4\opentimers\EWARM\STM32L476RG_NUCLEO\Exe\Project.out
#        --map
#        E:\openwsn\openwsn-fw\projects\openmotestmL4\opentimers\EWARM\STM32L476RG_NUCLEO\List\Project.map
#        --config
#        E:\openwsn\openwsn-fw\projects\openmotestmL4\opentimers\EWARM\stm32l476xx_flash.icf
#        --semihosting --entry __iar_program_start --vfe
#
###############################################################################

*******************************************************************************
*** RUNTIME MODEL ATTRIBUTES
***

CppFlavor       = *
__SystemLibrary = DLib


*******************************************************************************
*** PLACEMENT SUMMARY
***

"A1":  place at 0x08000000 { ro section .intvec };
"P1":  place in [from 0x08000000 to 0x080fffff] { ro };
"P2":  place in [from 0x20000000 to 0x20017fff] { rw, block CSTACK, block HEAP };

  Section            Kind        Address    Size  Object
  -------            ----        -------    ----  ------
"A1":                                      0x188
  .intvec            ro code  0x08000000   0x188  startup_stm32l476xx.o [1]
                            - 0x08000188   0x188

"P1":                                     0x1a14
  .text              ro code  0x08000188   0x3b0  stm32l4xx_ll_tim.o [1]
  .text              ro code  0x08000538   0x274  stm32l4xx_ll_rcc.o [1]
  .text              ro code  0x080007ac   0x256  spi.o [1]
  .text              ro code  0x08000a04    0x60  stm32l4xx_ll_spi.o [1]
  .text              ro code  0x08000a64   0x1ac  uart.o [1]
  .text              ro code  0x08000c10    0xcc  stm32l4xx_ll_usart.o [1]
  .text              ro code  0x08000cdc   0x1a2  opentimers.o [1]
  .text              ro code  0x08000e80   0x100  bsp_timer.o [1]
  .text              ro code  0x08000f80    0x9c  leds.o [1]
  .text              ro code  0x0800101c    0xbc  nvic.o [1]
  .text              ro code  0x080010d8   0x110  stm32l4xx_ll_gpio.o [1]
  .text              ro code  0x080011e8   0x138  stm32l4xx_ll_exti.o [1]
  .text              ro code  0x08001320    0xf4  radio.o [1]
  .text              ro code  0x08001414    0xa6  radiotimer.o [1]
  .text              ro code  0x080014bc    0xe8  board.o [1]
  .text              ro code  0x080015a4    0x4c  02drv_opentimers.o [1]
  .text              ro code  0x080015f0    0x94  rcc.o [1]
  .text              ro code  0x08001684    0x66  gpio.o [1]
  .text              ro code  0x080016ec    0xa4  debugpins.o [1]
  .text              ro code  0x08001790    0x28  stm32l4xx_ll_utils.o [1]
  .text              ro code  0x080017b8    0xe4  stm32l4xx_it.o [1]
  .text              ro code  0x0800189c    0x8c  system_stm32l4xx.o [1]
  .text              ro code  0x08001928    0x40  zero_init3.o [5]
  .text              ro code  0x08001968    0x2c  copy_init3.o [5]
  .text              ro code  0x08001994    0x28  data_init.o [5]
  .text              ro code  0x080019bc    0x22  fpinit_M.o [4]
  .iar.init_table    const    0x080019e0    0x24  - Linker created -
  .text              ro code  0x08001a04    0x1a  cmain.o [5]
  .text              ro code  0x08001a1e     0x4  low_level_init.o [3]
  .text              ro code  0x08001a22     0x4  exit.o [3]
  .text              ro code  0x08001a28     0xa  cexit.o [5]
  .text              ro code  0x08001a34    0x14  exit.o [6]
  .text              ro code  0x08001a48    0x10  startup_stm32l476xx.o [1]
  .text              ro code  0x08001a58     0xc  cstartup_M.o [5]
  .rodata            const    0x08001a64     0x8  system_stm32l4xx.o [1]
  .text              ro code  0x08001a6c     0x4  startup_stm32l476xx.o [1]
  .text              ro code  0x08001a70     0x4  startup_stm32l476xx.o [1]
  .text              ro code  0x08001a74     0x4  startup_stm32l476xx.o [1]
  .text              ro code  0x08001a78     0x4  startup_stm32l476xx.o [1]
  .text              ro code  0x08001a7c     0x4  startup_stm32l476xx.o [1]
  .text              ro code  0x08001a80     0x4  startup_stm32l476xx.o [1]
  .text              ro code  0x08001a84     0x4  startup_stm32l476xx.o [1]
  .text              ro code  0x08001a88     0x4  startup_stm32l476xx.o [1]
  .text              ro code  0x08001a8c     0x4  startup_stm32l476xx.o [1]
  .text              ro code  0x08001a90     0x4  startup_stm32l476xx.o [1]
  .text              ro code  0x08001a94     0x4  startup_stm32l476xx.o [1]
  .text              ro code  0x08001a98     0x4  startup_stm32l476xx.o [1]
  .text              ro code  0x08001a9c     0x4  startup_stm32l476xx.o [1]
  .text              ro code  0x08001aa0     0x4  startup_stm32l476xx.o [1]
  .text              ro code  0x08001aa4     0x4  startup_stm32l476xx.o [1]
  .text              ro code  0x08001aa8     0x4  startup_stm32l476xx.o [1]
  .text              ro code  0x08001aac     0x4  startup_stm32l476xx.o [1]
  .text              ro code  0x08001ab0     0x4  startup_stm32l476xx.o [1]
  .text              ro code  0x08001ab4     0x4  startup_stm32l476xx.o [1]
  .text              ro code  0x08001ab8     0x4  startup_stm32l476xx.o [1]
  .text              ro code  0x08001abc     0x4  startup_stm32l476xx.o [1]
  .text              ro code  0x08001ac0     0x4  startup_stm32l476xx.o [1]
  .text              ro code  0x08001ac4     0x4  startup_stm32l476xx.o [1]
  .text              ro code  0x08001ac8     0x4  startup_stm32l476xx.o [1]
  .text              ro code  0x08001acc     0x4  startup_stm32l476xx.o [1]
  .text              ro code  0x08001ad0     0x4  startup_stm32l476xx.o [1]
  .text              ro code  0x08001ad4     0x4  startup_stm32l476xx.o [1]
  .text              ro code  0x08001ad8     0x4  startup_stm32l476xx.o [1]
  .text              ro code  0x08001adc     0x4  startup_stm32l476xx.o [1]
  .text              ro code  0x08001ae0     0x4  startup_stm32l476xx.o [1]
  .text              ro code  0x08001ae4     0x4  startup_stm32l476xx.o [1]
  .text              ro code  0x08001ae8     0x4  startup_stm32l476xx.o [1]
  .text              ro code  0x08001aec     0x4  startup_stm32l476xx.o [1]
  .text              ro code  0x08001af0     0x4  startup_stm32l476xx.o [1]
  .text              ro code  0x08001af4     0x4  startup_stm32l476xx.o [1]
  .text              ro code  0x08001af8     0x4  startup_stm32l476xx.o [1]
  .text              ro code  0x08001afc     0x4  startup_stm32l476xx.o [1]
  .text              ro code  0x08001b00     0x4  startup_stm32l476xx.o [1]
  .text              ro code  0x08001b04     0x4  startup_stm32l476xx.o [1]
  .text              ro code  0x08001b08     0x4  startup_stm32l476xx.o [1]
  .text              ro code  0x08001b0c     0x4  startup_stm32l476xx.o [1]
  .text              ro code  0x08001b10     0x4  startup_stm32l476xx.o [1]
  .text              ro code  0x08001b14     0x4  startup_stm32l476xx.o [1]
  .text              ro code  0x08001b18     0x4  startup_stm32l476xx.o [1]
  .text              ro code  0x08001b1c     0x4  startup_stm32l476xx.o [1]
  .text              ro code  0x08001b20     0x4  startup_stm32l476xx.o [1]
  .text              ro code  0x08001b24     0x4  startup_stm32l476xx.o [1]
  .text              ro code  0x08001b28     0x4  startup_stm32l476xx.o [1]
  .text              ro code  0x08001b2c     0x4  startup_stm32l476xx.o [1]
  .text              ro code  0x08001b30     0x4  startup_stm32l476xx.o [1]
  .text              ro code  0x08001b34     0x4  startup_stm32l476xx.o [1]
  .text              ro code  0x08001b38     0x4  startup_stm32l476xx.o [1]
  .text              ro code  0x08001b3c     0x4  startup_stm32l476xx.o [1]
  .text              ro code  0x08001b40     0x4  startup_stm32l476xx.o [1]
  .text              ro code  0x08001b44     0x4  startup_stm32l476xx.o [1]
  .text              ro code  0x08001b48     0x4  startup_stm32l476xx.o [1]
  .text              ro code  0x08001b4c     0x4  startup_stm32l476xx.o [1]
  .text              ro code  0x08001b50     0x4  startup_stm32l476xx.o [1]
  .text              ro code  0x08001b54     0x4  startup_stm32l476xx.o [1]
  .text              ro code  0x08001b58     0x4  startup_stm32l476xx.o [1]
  .text              ro code  0x08001b5c     0x4  startup_stm32l476xx.o [1]
  .text              ro code  0x08001b60     0x4  startup_stm32l476xx.o [1]
  .text              ro code  0x08001b64     0x4  startup_stm32l476xx.o [1]
  .text              ro code  0x08001b68     0x4  startup_stm32l476xx.o [1]
  .text              ro code  0x08001b6c     0x4  startup_stm32l476xx.o [1]
  .text              ro code  0x08001b70     0x4  startup_stm32l476xx.o [1]
  .text              ro code  0x08001b74     0x4  startup_stm32l476xx.o [1]
  .text              ro code  0x08001b78     0x4  startup_stm32l476xx.o [1]
  .text              ro code  0x08001b7c     0x4  startup_stm32l476xx.o [1]
  .text              ro code  0x08001b80     0x4  startup_stm32l476xx.o [1]
  .text              ro code  0x08001b84     0x4  startup_stm32l476xx.o [1]
  .text              ro code  0x08001b88     0x4  startup_stm32l476xx.o [1]
  .text              ro code  0x08001b8c     0x4  startup_stm32l476xx.o [1]
  .text              ro code  0x08001b90     0x4  startup_stm32l476xx.o [1]
  .text              ro code  0x08001b94     0x4  startup_stm32l476xx.o [1]
  Initializer bytes  const    0x08001b98     0x4  <for P2-1>
  .rodata            const    0x08001b9c     0x0  zero_init3.o [5]
  .rodata            const    0x08001b9c     0x0  copy_init3.o [5]
                            - 0x08001b9c  0x1a14

"P2", part 1 of 3:                           0x4
  P2-1                        0x20000000     0x4  <Init block>
    .data            inited   0x20000000     0x4  system_stm32l4xx.o [1]
                            - 0x20000004     0x4

"P2", part 2 of 3:                         0x400
  CSTACK                      0x20000008   0x400  <Block>
    CSTACK           uninit   0x20000008   0x400  <Block tail>
                            - 0x20000408   0x400

"P2", part 3 of 3:                         0x104
  .bss               zero     0x20000408    0xcc  opentimers.o [1]
  .bss               zero     0x200004d4    0x10  spi.o [1]
  .bss               zero     0x200004e4     0xc  radio.o [1]
  .bss               zero     0x200004f0     0xc  uart.o [1]
  .bss               zero     0x200004fc     0x8  bsp_timer.o [1]
  .bss               zero     0x20000504     0x8  radiotimer.o [1]
                            - 0x2000050c   0x104


*******************************************************************************
*** INIT TABLE
***

          Address     Size
          -------     ----
Zero (__iar_zero_init3)
    1 destination range, total size 0x104:
          0x20000408  0x104

Copy (__iar_copy_init3)
    1 source range, total size 0x4:
          0x08001b98    0x4
    1 destination range, total size 0x4:
          0x20000000    0x4



*******************************************************************************
*** MODULE SUMMARY
***

    Module                 ro code  ro data  rw data
    ------                 -------  -------  -------
E:\openwsn\openwsn-fw\projects\openmotestmL4\opentimers\EWARM\STM32L476RG_NUCLEO\Obj: [1]
    02drv_opentimers.o          76
    board.o                    232
    bsp_timer.o                256                 8
    debugpins.o                164
    gpio.o                     102
    leds.o                     156
    nvic.o                     188
    opentimers.o               418               204
    radio.o                    244                12
    radiotimer.o               166                 8
    rcc.o                      148
    spi.o                      598                16
    startup_stm32l476xx.o      708
    stm32l4xx_it.o             228
    stm32l4xx_ll_exti.o        312
    stm32l4xx_ll_gpio.o        272
    stm32l4xx_ll_rcc.o         628
    stm32l4xx_ll_spi.o          96
    stm32l4xx_ll_tim.o         944
    stm32l4xx_ll_usart.o       204
    stm32l4xx_ll_utils.o        40
    system_stm32l4xx.o         140       12        4
    uart.o                     428                12
    ------------------------------------------------
    Total:                   6 748       12      264

command line: [2]
    ------------------------------------------------
    Total:

dl7M_tln.a: [3]
    exit.o                       4
    low_level_init.o             4
    ------------------------------------------------
    Total:                       8

m7M_tls.a: [4]
    fpinit_M.o                  34
    ------------------------------------------------
    Total:                      34

rt7M_tl.a: [5]
    cexit.o                     10
    cmain.o                     26
    copy_init3.o                44
    cstartup_M.o                12
    data_init.o                 40
    zero_init3.o                64
    ------------------------------------------------
    Total:                     196

shb_l.a: [6]
    exit.o                      20
    ------------------------------------------------
    Total:                      20

    Gaps                        12        2
    Linker created                       36    1 024
----------------------------------------------------
    Grand Total:             7 018       50    1 288


*******************************************************************************
*** ENTRY LIST
***

Entry                      Address   Size  Type      Object
-----                      -------   ----  ----      ------
.iar.init_table$$Base   0x080019e0          --   Gb  - Linker created -
.iar.init_table$$Limit  0x08001a04          --   Gb  - Linker created -
?main                   0x08001a05         Code  Gb  cmain.o [5]
AHBPrescTable           0x080018e8   0x10  Data  Gb  system_stm32l4xx.o [1]
APBPrescTable           0x08001a64    0x8  Data  Gb  system_stm32l4xx.o [1]
BusFault_Handler        0x080017bf    0x2  Code  Gb  stm32l4xx_it.o [1]
CSTACK$$Base            0x20000008          --   Gb  - Linker created -
CSTACK$$Limit           0x20000408          --   Gb  - Linker created -
DebugMon_Handler        0x080017c5    0x2  Code  Gb  stm32l4xx_it.o [1]
Delay                   0x08000ff3   0x1a  Code  Gb  leds.o [1]
EXTI15_10_IRQHandler    0x08001875   0x20  Code  Gb  stm32l4xx_it.o [1]
GPIO_Configuration      0x080016a1   0x30  Code  Gb  gpio.o [1]
HardFault_Handler       0x080017bb    0x2  Code  Gb  stm32l4xx_it.o [1]
LL_AHB2_GRP1_EnableClock
                        0x08001685   0x16  Code  Lc  gpio.o [1]
LL_APB1_GRP1_EnableClock
                        0x08001415   0x16  Code  Lc  radiotimer.o [1]
LL_EXTI_Init            0x080011e9  0x130  Code  Gb  stm32l4xx_ll_exti.o [1]
LL_GPIO_Init            0x080010d9   0xca  Code  Gb  stm32l4xx_ll_gpio.o [1]
LL_GPIO_SetAFPin_8_15   0x08000803   0x24  Code  Lc  spi.o [1]
LL_GPIO_SetAFPin_8_15   0x08000ac7   0x24  Code  Lc  uart.o [1]
LL_GPIO_SetPinMode      0x080007ad   0x10  Code  Lc  spi.o [1]
LL_GPIO_SetPinMode      0x08000a65   0x10  Code  Lc  uart.o [1]
LL_GPIO_SetPinOutputType
                        0x08000a75    0xc  Code  Lc  uart.o [1]
LL_GPIO_SetPinPull      0x080007e5   0x10  Code  Lc  spi.o [1]
LL_GPIO_SetPinPull      0x08000aa9   0x10  Code  Lc  uart.o [1]
LL_GPIO_SetPinSpeed     0x080007bd   0x10  Code  Lc  spi.o [1]
LL_GPIO_SetPinSpeed     0x08000a81   0x10  Code  Lc  uart.o [1]
LL_Init1msTick          0x08001791   0x18  Code  Gb  stm32l4xx_ll_utils.o [1]
LL_RCC_GetUARTClockFreq
                        0x080005c7   0x6a  Code  Gb  stm32l4xx_ll_rcc.o [1]
LL_RCC_GetUSARTClockFreq
                        0x08000539   0x8e  Code  Gb  stm32l4xx_ll_rcc.o [1]
LL_SPI_Init             0x08000a05   0x54  Code  Gb  stm32l4xx_ll_spi.o [1]
LL_SetSystemCoreClock   0x080017a9    0x6  Code  Gb  stm32l4xx_ll_utils.o [1]
LL_TIM_Init             0x08000189   0xa2  Code  Gb  stm32l4xx_ll_tim.o [1]
LL_TIM_OC_Init          0x0800022b  0x1bc  Code  Gb  stm32l4xx_ll_tim.o [1]
LL_USART_Init           0x08000c11   0xb4  Code  Gb  stm32l4xx_ll_usart.o [1]
LPTIM1_IRQHandler       0x080017f5   0x2e  Code  Gb  stm32l4xx_it.o [1]
MSIRangeTable           0x080018f8   0x30  Data  Gb  system_stm32l4xx.o [1]
MemManage_Handler       0x080017bd    0x2  Code  Gb  stm32l4xx_it.o [1]
NMI_Handler             0x080017b9    0x2  Code  Gb  stm32l4xx_it.o [1]
NVIC_Configuration      0x080010b3   0x12  Code  Gb  nvic.o [1]
NVIC_EnableIRQ          0x0800101d   0x12  Code  Lc  nvic.o [1]
NVIC_EncodePriority     0x08001049   0x32  Code  Lc  nvic.o [1]
NVIC_SetPriority        0x0800102f   0x1a  Code  Lc  nvic.o [1]
NVIC_bsptimer           0x0800107b   0x1a  Code  Gb  nvic.o [1]
NVIC_radio              0x0800109d   0x16  Code  Gb  nvic.o [1]
OC2Config               0x080003f3   0x7c  Code  Lc  stm32l4xx_ll_tim.o [1]
OC3Config               0x080004a1   0x92  Code  Lc  stm32l4xx_ll_tim.o [1]
PendSV_Handler          0x080017c7    0x2  Code  Gb  stm32l4xx_it.o [1]
RCC_Configuration       0x080015f1   0x82  Code  Gb  rcc.o [1]
RCC_GetHCLKClockFreq    0x080006bb   0x10  Code  Gb  stm32l4xx_ll_rcc.o [1]
RCC_GetPCLK1ClockFreq   0x080006cb    0xe  Code  Gb  stm32l4xx_ll_rcc.o [1]
RCC_GetPCLK2ClockFreq   0x080006df   0x10  Code  Gb  stm32l4xx_ll_rcc.o [1]
RCC_GetSystemClockFreq  0x08000657   0x64  Code  Gb  stm32l4xx_ll_rcc.o [1]
RCC_PLL_GetFreqDomain_SYS
                        0x080006ef   0x64  Code  Gb  stm32l4xx_ll_rcc.o [1]
Region$$Table$$Base     0x080019e0          --   Gb  - Linker created -
Region$$Table$$Limit    0x08001a04          --   Gb  - Linker created -
SPI2_IRQHandler         0x08001823    0xe  Code  Gb  stm32l4xx_it.o [1]
SVC_Handler             0x080017c3    0x2  Code  Gb  stm32l4xx_it.o [1]
SysTick_Handler         0x080017c9    0x2  Code  Gb  stm32l4xx_it.o [1]
SystemCoreClock         0x20000000    0x4  Data  Gb  system_stm32l4xx.o [1]
SystemInit              0x0800189d   0x3c  Code  Gb  system_stm32l4xx.o [1]
TIM1_UP_TIM16_IRQHandler
                        0x080017cb   0x10  Code  Gb  stm32l4xx_it.o [1]
TIM2_IRQHandler         0x080017db   0x1a  Code  Gb  stm32l4xx_it.o [1]
USART1_IRQHandler       0x08001831   0x30  Code  Gb  stm32l4xx_it.o [1]
UsageFault_Handler      0x080017c1    0x2  Code  Gb  stm32l4xx_it.o [1]
__cmain                 0x08001a05         Code  Gb  cmain.o [5]
__exit                  0x08001a35   0x14  Code  Gb  exit.o [6]
__iar_copy_init3        0x08001969   0x2c  Code  Gb  copy_init3.o [5]
__iar_data_init3        0x08001995   0x28  Code  Gb  data_init.o [5]
__iar_init_vfp          0x080019bd         Code  Gb  fpinit_M.o [4]
__iar_program_start     0x08001a59         Code  Gb  cstartup_M.o [5]
__iar_zero_init3        0x08001929   0x40  Code  Gb  zero_init3.o [5]
__low_level_init        0x08001a1f    0x4  Code  Gb  low_level_init.o [3]
__vector_table          0x08000000         Data  Gb  startup_stm32l476xx.o [1]
_call_main              0x08001a11         Code  Gb  cmain.o [5]
_exit                   0x08001a29         Code  Gb  cexit.o [5]
_main                   0x08001a1b         Code  Gb  cmain.o [5]
board_init              0x080014c1   0xc6  Code  Gb  board.o [1]
board_sleep             0x080015a3    0x2  Code  Gb  board.o [1]
bsp_timer_init          0x08000e81   0x80  Code  Gb  bsp_timer.o [1]
bsp_timer_isr           0x08000f65    0xc  Code  Gb  bsp_timer.o [1]
bsp_timer_reset         0x08000f09   0x20  Code  Gb  bsp_timer.o [1]
bsp_timer_scheduleIn    0x08000f29   0x3c  Code  Gb  bsp_timer.o [1]
bsp_timer_set_callback  0x08000f01    0x8  Code  Gb  bsp_timer.o [1]
bsp_timer_vars          0x200004fc    0x8  Data  Gb  bsp_timer.o [1]
cb_timer0               0x080015e5    0x4  Code  Gb  02drv_opentimers.o [1]
cb_timer1               0x080015e9    0x4  Code  Gb  02drv_opentimers.o [1]
cb_timer2               0x080015ed    0x4  Code  Gb  02drv_opentimers.o [1]
debugpins_init          0x080016ed   0x76  Code  Gb  debugpins.o [1]
debugpins_isr_clr       0x08001773    0x4  Code  Gb  debugpins.o [1]
debugpins_isr_set       0x08001777    0x2  Code  Gb  debugpins.o [1]
exit                    0x08001a23    0x4  Code  Gb  exit.o [3]
leds_error_blink        0x08000fc3   0x18  Code  Gb  leds.o [1]
leds_error_toggle       0x08000fb7    0xc  Code  Gb  leds.o [1]
leds_init               0x08000f81   0x36  Code  Gb  leds.o [1]
leds_radio_toggle       0x08000fdb    0xc  Code  Gb  leds.o [1]
leds_sync_toggle        0x08000fe7    0xc  Code  Gb  leds.o [1]
main                    0x080014bd    0x4  Code  Gb  board.o [1]
mote_main               0x080015a5   0x40  Code  Gb  02drv_opentimers.o [1]
opentimers_init         0x08000cdd   0x2e  Code  Gb  opentimers.o [1]
opentimers_start        0x08000d0b   0x9e  Code  Gb  opentimers.o [1]
opentimers_timer_callback
                        0x08000da9   0xb6  Code  Gb  opentimers.o [1]
opentimers_vars         0x20000408   0xcc  Data  Gb  opentimers.o [1]
radio_init              0x08001321   0x42  Code  Gb  radio.o [1]
radio_isr               0x080013d3   0x3c  Code  Gb  radio.o [1]
radio_spiReadReg        0x08001395   0x32  Code  Gb  radio.o [1]
radio_spiWriteReg       0x08001371   0x24  Code  Gb  radio.o [1]
radio_vars              0x200004e4    0xc  Data  Gb  radio.o [1]
radiotimer_compare_isr  0x0800148f   0x10  Code  Gb  radiotimer.o [1]
radiotimer_getCapturedTime
                        0x0800146f    0x2  Code  Gb  radiotimer.o [1]
radiotimer_init         0x0800142b   0x44  Code  Gb  radiotimer.o [1]
radiotimer_overflow_isr
                        0x08001479   0x16  Code  Gb  radiotimer.o [1]
radiotimer_vars         0x20000504    0x8  Data  Gb  radiotimer.o [1]
spi_init                0x08000827  0x124  Code  Gb  spi.o [1]
spi_isr                 0x08000a01    0x2  Code  Gb  spi.o [1]
spi_txrx                0x0800095f   0x8a  Code  Gb  spi.o [1]
spi_vars                0x200004d4   0x10  Data  Gb  spi.o [1]
uart_init               0x08000aeb   0xea  Code  Gb  uart.o [1]
uart_rx_isr             0x08000bf7    0xc  Code  Gb  uart.o [1]
uart_tx_isr             0x08000beb    0xc  Code  Gb  uart.o [1]
uart_vars               0x200004f0    0xc  Data  Gb  uart.o [1]


[1] = E:\openwsn\openwsn-fw\projects\openmotestmL4\opentimers\EWARM\STM32L476RG_NUCLEO\Obj
[2] = command line
[3] = dl7M_tln.a
[4] = m7M_tls.a
[5] = rt7M_tl.a
[6] = shb_l.a

  7 018 bytes of readonly  code memory
     50 bytes of readonly  data memory
  1 288 bytes of readwrite data memory

Errors: none
Warnings: none
