###############################################################################
#
# IAR ELF Linker V7.50.3.10732/W32 for ARM                18/Feb/2019  23:41:19
# Copyright 2007-2016 IAR Systems AB.
#
#    Output file  =  
#        E:\openwsn\openwsn-fw\projects\openmotestmL4\openwsn\EWARM\STM32L476RG_NUCLEO\Exe\Project.out
#    Map file     =  
#        E:\openwsn\openwsn-fw\projects\openmotestmL4\openwsn\EWARM\STM32L476RG_NUCLEO\List\Project.map
#    Command line =  
#        E:\openwsn\openwsn-fw\projects\openmotestmL4\openwsn\EWARM\STM32L476RG_NUCLEO\Obj\03oos_openwsn.o
#        E:\openwsn\openwsn-fw\projects\openmotestmL4\openwsn\EWARM\STM32L476RG_NUCLEO\Obj\adaptive_sync.o
#        E:\openwsn\openwsn-fw\projects\openmotestmL4\openwsn\EWARM\STM32L476RG_NUCLEO\Obj\board.o
#        E:\openwsn\openwsn-fw\projects\openmotestmL4\openwsn\EWARM\STM32L476RG_NUCLEO\Obj\bsp_timer.o
#        E:\openwsn\openwsn-fw\projects\openmotestmL4\openwsn\EWARM\STM32L476RG_NUCLEO\Obj\c6t.o
#        E:\openwsn\openwsn-fw\projects\openmotestmL4\openwsn\EWARM\STM32L476RG_NUCLEO\Obj\cinfo.o
#        E:\openwsn\openwsn-fw\projects\openmotestmL4\openwsn\EWARM\STM32L476RG_NUCLEO\Obj\cleds.o
#        E:\openwsn\openwsn-fw\projects\openmotestmL4\openwsn\EWARM\STM32L476RG_NUCLEO\Obj\cstorm.o
#        E:\openwsn\openwsn-fw\projects\openmotestmL4\openwsn\EWARM\STM32L476RG_NUCLEO\Obj\cwellknown.o
#        E:\openwsn\openwsn-fw\projects\openmotestmL4\openwsn\EWARM\STM32L476RG_NUCLEO\Obj\debugpins.o
#        E:\openwsn\openwsn-fw\projects\openmotestmL4\openwsn\EWARM\STM32L476RG_NUCLEO\Obj\eui64.o
#        E:\openwsn\openwsn-fw\projects\openmotestmL4\openwsn\EWARM\STM32L476RG_NUCLEO\Obj\forwarding.o
#        E:\openwsn\openwsn-fw\projects\openmotestmL4\openwsn\EWARM\STM32L476RG_NUCLEO\Obj\gpio.o
#        E:\openwsn\openwsn-fw\projects\openmotestmL4\openwsn\EWARM\STM32L476RG_NUCLEO\Obj\icmpv6.o
#        E:\openwsn\openwsn-fw\projects\openmotestmL4\openwsn\EWARM\STM32L476RG_NUCLEO\Obj\icmpv6echo.o
#        E:\openwsn\openwsn-fw\projects\openmotestmL4\openwsn\EWARM\STM32L476RG_NUCLEO\Obj\icmpv6rpl.o
#        E:\openwsn\openwsn-fw\projects\openmotestmL4\openwsn\EWARM\STM32L476RG_NUCLEO\Obj\idmanager.o
#        E:\openwsn\openwsn-fw\projects\openmotestmL4\openwsn\EWARM\STM32L476RG_NUCLEO\Obj\IEEE802154.o
#        E:\openwsn\openwsn-fw\projects\openmotestmL4\openwsn\EWARM\STM32L476RG_NUCLEO\Obj\IEEE802154E.o
#        E:\openwsn\openwsn-fw\projects\openmotestmL4\openwsn\EWARM\STM32L476RG_NUCLEO\Obj\iphc.o
#        E:\openwsn\openwsn-fw\projects\openmotestmL4\openwsn\EWARM\STM32L476RG_NUCLEO\Obj\leds.o
#        E:\openwsn\openwsn-fw\projects\openmotestmL4\openwsn\EWARM\STM32L476RG_NUCLEO\Obj\neighbors.o
#        E:\openwsn\openwsn-fw\projects\openmotestmL4\openwsn\EWARM\STM32L476RG_NUCLEO\Obj\nvic.o
#        E:\openwsn\openwsn-fw\projects\openmotestmL4\openwsn\EWARM\STM32L476RG_NUCLEO\Obj\openapps.o
#        E:\openwsn\openwsn-fw\projects\openmotestmL4\openwsn\EWARM\STM32L476RG_NUCLEO\Obj\openbridge.o
#        E:\openwsn\openwsn-fw\projects\openmotestmL4\openwsn\EWARM\STM32L476RG_NUCLEO\Obj\opencoap.o
#        E:\openwsn\openwsn-fw\projects\openmotestmL4\openwsn\EWARM\STM32L476RG_NUCLEO\Obj\openhdlc.o
#        E:\openwsn\openwsn-fw\projects\openmotestmL4\openwsn\EWARM\STM32L476RG_NUCLEO\Obj\openqueue.o
#        E:\openwsn\openwsn-fw\projects\openmotestmL4\openwsn\EWARM\STM32L476RG_NUCLEO\Obj\openrandom.o
#        E:\openwsn\openwsn-fw\projects\openmotestmL4\openwsn\EWARM\STM32L476RG_NUCLEO\Obj\openserial.o
#        E:\openwsn\openwsn-fw\projects\openmotestmL4\openwsn\EWARM\STM32L476RG_NUCLEO\Obj\openstack.o
#        E:\openwsn\openwsn-fw\projects\openmotestmL4\openwsn\EWARM\STM32L476RG_NUCLEO\Obj\opentcp.o
#        E:\openwsn\openwsn-fw\projects\openmotestmL4\openwsn\EWARM\STM32L476RG_NUCLEO\Obj\opentimers.o
#        E:\openwsn\openwsn-fw\projects\openmotestmL4\openwsn\EWARM\STM32L476RG_NUCLEO\Obj\openudp.o
#        E:\openwsn\openwsn-fw\projects\openmotestmL4\openwsn\EWARM\STM32L476RG_NUCLEO\Obj\otf.o
#        E:\openwsn\openwsn-fw\projects\openmotestmL4\openwsn\EWARM\STM32L476RG_NUCLEO\Obj\packetfunctions.o
#        E:\openwsn\openwsn-fw\projects\openmotestmL4\openwsn\EWARM\STM32L476RG_NUCLEO\Obj\processIE.o
#        E:\openwsn\openwsn-fw\projects\openmotestmL4\openwsn\EWARM\STM32L476RG_NUCLEO\Obj\radio.o
#        E:\openwsn\openwsn-fw\projects\openmotestmL4\openwsn\EWARM\STM32L476RG_NUCLEO\Obj\radiotimer.o
#        E:\openwsn\openwsn-fw\projects\openmotestmL4\openwsn\EWARM\STM32L476RG_NUCLEO\Obj\rcc.o
#        E:\openwsn\openwsn-fw\projects\openmotestmL4\openwsn\EWARM\STM32L476RG_NUCLEO\Obj\rrt.o
#        E:\openwsn\openwsn-fw\projects\openmotestmL4\openwsn\EWARM\STM32L476RG_NUCLEO\Obj\schedule.o
#        E:\openwsn\openwsn-fw\projects\openmotestmL4\openwsn\EWARM\STM32L476RG_NUCLEO\Obj\scheduler.o
#        E:\openwsn\openwsn-fw\projects\openmotestmL4\openwsn\EWARM\STM32L476RG_NUCLEO\Obj\sixtop.o
#        E:\openwsn\openwsn-fw\projects\openmotestmL4\openwsn\EWARM\STM32L476RG_NUCLEO\Obj\spi.o
#        E:\openwsn\openwsn-fw\projects\openmotestmL4\openwsn\EWARM\STM32L476RG_NUCLEO\Obj\startup_stm32l476xx.o
#        E:\openwsn\openwsn-fw\projects\openmotestmL4\openwsn\EWARM\STM32L476RG_NUCLEO\Obj\stm32l4xx_it.o
#        E:\openwsn\openwsn-fw\projects\openmotestmL4\openwsn\EWARM\STM32L476RG_NUCLEO\Obj\stm32l4xx_ll_adc.o
#        E:\openwsn\openwsn-fw\projects\openmotestmL4\openwsn\EWARM\STM32L476RG_NUCLEO\Obj\stm32l4xx_ll_comp.o
#        E:\openwsn\openwsn-fw\projects\openmotestmL4\openwsn\EWARM\STM32L476RG_NUCLEO\Obj\stm32l4xx_ll_crc.o
#        E:\openwsn\openwsn-fw\projects\openmotestmL4\openwsn\EWARM\STM32L476RG_NUCLEO\Obj\stm32l4xx_ll_crs.o
#        E:\openwsn\openwsn-fw\projects\openmotestmL4\openwsn\EWARM\STM32L476RG_NUCLEO\Obj\stm32l4xx_ll_dac.o
#        E:\openwsn\openwsn-fw\projects\openmotestmL4\openwsn\EWARM\STM32L476RG_NUCLEO\Obj\stm32l4xx_ll_dma.o
#        E:\openwsn\openwsn-fw\projects\openmotestmL4\openwsn\EWARM\STM32L476RG_NUCLEO\Obj\stm32l4xx_ll_dma2d.o
#        E:\openwsn\openwsn-fw\projects\openmotestmL4\openwsn\EWARM\STM32L476RG_NUCLEO\Obj\stm32l4xx_ll_exti.o
#        E:\openwsn\openwsn-fw\projects\openmotestmL4\openwsn\EWARM\STM32L476RG_NUCLEO\Obj\stm32l4xx_ll_gpio.o
#        E:\openwsn\openwsn-fw\projects\openmotestmL4\openwsn\EWARM\STM32L476RG_NUCLEO\Obj\stm32l4xx_ll_i2c.o
#        E:\openwsn\openwsn-fw\projects\openmotestmL4\openwsn\EWARM\STM32L476RG_NUCLEO\Obj\stm32l4xx_ll_lptim.o
#        E:\openwsn\openwsn-fw\projects\openmotestmL4\openwsn\EWARM\STM32L476RG_NUCLEO\Obj\stm32l4xx_ll_lpuart.o
#        E:\openwsn\openwsn-fw\projects\openmotestmL4\openwsn\EWARM\STM32L476RG_NUCLEO\Obj\stm32l4xx_ll_opamp.o
#        E:\openwsn\openwsn-fw\projects\openmotestmL4\openwsn\EWARM\STM32L476RG_NUCLEO\Obj\stm32l4xx_ll_pwr.o
#        E:\openwsn\openwsn-fw\projects\openmotestmL4\openwsn\EWARM\STM32L476RG_NUCLEO\Obj\stm32l4xx_ll_rcc.o
#        E:\openwsn\openwsn-fw\projects\openmotestmL4\openwsn\EWARM\STM32L476RG_NUCLEO\Obj\stm32l4xx_ll_rng.o
#        E:\openwsn\openwsn-fw\projects\openmotestmL4\openwsn\EWARM\STM32L476RG_NUCLEO\Obj\stm32l4xx_ll_rtc.o
#        E:\openwsn\openwsn-fw\projects\openmotestmL4\openwsn\EWARM\STM32L476RG_NUCLEO\Obj\stm32l4xx_ll_spi.o
#        E:\openwsn\openwsn-fw\projects\openmotestmL4\openwsn\EWARM\STM32L476RG_NUCLEO\Obj\stm32l4xx_ll_swpmi.o
#        E:\openwsn\openwsn-fw\projects\openmotestmL4\openwsn\EWARM\STM32L476RG_NUCLEO\Obj\stm32l4xx_ll_tim.o
#        E:\openwsn\openwsn-fw\projects\openmotestmL4\openwsn\EWARM\STM32L476RG_NUCLEO\Obj\stm32l4xx_ll_usart.o
#        E:\openwsn\openwsn-fw\projects\openmotestmL4\openwsn\EWARM\STM32L476RG_NUCLEO\Obj\stm32l4xx_ll_utils.o
#        E:\openwsn\openwsn-fw\projects\openmotestmL4\openwsn\EWARM\STM32L476RG_NUCLEO\Obj\system_stm32l4xx.o
#        E:\openwsn\openwsn-fw\projects\openmotestmL4\openwsn\EWARM\STM32L476RG_NUCLEO\Obj\techo.o
#        E:\openwsn\openwsn-fw\projects\openmotestmL4\openwsn\EWARM\STM32L476RG_NUCLEO\Obj\tohlone.o
#        E:\openwsn\openwsn-fw\projects\openmotestmL4\openwsn\EWARM\STM32L476RG_NUCLEO\Obj\tohlone_webpages.o
#        E:\openwsn\openwsn-fw\projects\openmotestmL4\openwsn\EWARM\STM32L476RG_NUCLEO\Obj\topology.o
#        E:\openwsn\openwsn-fw\projects\openmotestmL4\openwsn\EWARM\STM32L476RG_NUCLEO\Obj\uart.o
#        E:\openwsn\openwsn-fw\projects\openmotestmL4\openwsn\EWARM\STM32L476RG_NUCLEO\Obj\uecho.o
#        -o
#        E:\openwsn\openwsn-fw\projects\openmotestmL4\openwsn\EWARM\STM32L476RG_NUCLEO\Exe\Project.out
#        --map
#        E:\openwsn\openwsn-fw\projects\openmotestmL4\openwsn\EWARM\STM32L476RG_NUCLEO\List\Project.map
#        --config
#        E:\openwsn\openwsn-fw\projects\openmotestmL4\openwsn\EWARM\stm32l476xx_flash.icf
#        --semihosting --entry __iar_program_start --vfe
#
###############################################################################

*******************************************************************************
*** RUNTIME MODEL ATTRIBUTES
***

CppFlavor       = *
__SystemLibrary = DLib


*******************************************************************************
*** PLACEMENT SUMMARY
***

"A1":  place at 0x08000000 { ro section .intvec };
"P1":  place in [from 0x08000000 to 0x080fffff] { ro };
"P2":  place in [from 0x20000000 to 0x20017fff] { rw, block CSTACK, block HEAP };

  Section            Kind        Address    Size  Object
  -------            ----        -------    ----  ------
"A1":                                      0x188
  .intvec            ro code  0x08000000   0x188  startup_stm32l476xx.o [1]
                            - 0x08000188   0x188

"P1":                                     0xc17c
  .text              ro code  0x08000188  0x1954  IEEE802154E.o [1]
  .text              ro code  0x08001adc    0x66  ABImemset.o [5]
  .rodata            const    0x08001b42     0x2  cinfo.o [1]
  .text              ro code  0x08001b44   0x388  idmanager.o [1]
  .text              ro code  0x08001ecc   0x398  radio.o [1]
  .text              ro code  0x08002264   0x868  openserial.o [1]
  .text              ro code  0x08002acc   0x3ea  openqueue.o [1]
  .text              ro code  0x08002eb6   0x548  packetfunctions.o [1]
  .text              ro code  0x080033fe   0x302  IEEE802154.o [1]
  .text              ro code  0x08003700    0x76  ABImemcpy_unaligned.o [5]
  .text              ro code  0x08003776   0x506  processIE.o [1]
  .text              ro code  0x08003c7c   0xbd8  neighbors.o [1]
  .text              ro code  0x08004854   0x174  debugpins.o [1]
  .text              ro code  0x080049c8   0x6fe  schedule.o [1]
  .rodata            const    0x080050c6     0x2  cleds.o [1]
  .text              ro code  0x080050c8   0x228  radiotimer.o [1]
  .text              ro code  0x080052f0   0x128  leds.o [1]
  .text              ro code  0x08005418    0xf4  scheduler.o [1]
  .text              ro code  0x0800550c    0x34  eui64.o [1]
  .text              ro code  0x08005540   0x640  icmpv6rpl.o [1]
  .text              ro code  0x08005b80   0x37e  spi.o [1]
  .text              ro code  0x08005f00    0x20  openhdlc.o [1]
  .text              ro code  0x08005f20   0x358  uart.o [1]
  .text              ro code  0x08006278   0x540  opentimers.o [1]
  .text              ro code  0x080067b8   0xe28  sixtop.o [1]
  .text              ro code  0x080075e0   0x142  openbridge.o [1]
  .text              ro code  0x08007724    0x62  memcmp_unaligned.o [5]
  .text              ro code  0x08007786     0x6  topology.o [1]
  .text              ro code  0x0800778c   0x1a2  stm32l4xx_ll_gpio.o [1]
  .text              ro code  0x08007930    0x78  openrandom.o [1]
  .text              ro code  0x080079a8    0x44  stm32l4xx_ll_lptim.o [1]
  .text              ro code  0x080079ec   0x12a  nvic.o [1]
  .text              ro code  0x08007b18   0x160  board.o [1]
  .text              ro code  0x08007c78    0x9a  icmpv6.o [1]
  .text              ro code  0x08007d14    0x84  stm32l4xx_ll_spi.o [1]
  .text              ro code  0x08007d98   0x124  stm32l4xx_ll_usart.o [1]
  .text              ro code  0x08007ebc   0x188  bsp_timer.o [1]
  .text              ro code  0x08008044   0x8c4  iphc.o [1]
  .text              ro code  0x08008908    0x5c  otf.o [1]
  .text              ro code  0x08008964    0x16  03oos_openwsn.o [1]
  .text              ro code  0x0800897c   0x130  rcc.o [1]
  .text              ro code  0x08008aac    0x70  gpio.o [1]
  .text              ro code  0x08008b1c   0x21a  stm32l4xx_ll_exti.o [1]
  .text              ro code  0x08008d36   0x5a4  forwarding.o [1]
  .text              ro code  0x080092dc   0x120  icmpv6echo.o [1]
  .text              ro code  0x080093fc   0x494  stm32l4xx_ll_rcc.o [1]
  .text              ro code  0x08009890   0x508  stm32l4xx_ll_tim.o [1]
  .text              ro code  0x08009d98    0x60  openstack.o [1]
  .text              ro code  0x08009df8    0x44  stm32l4xx_ll_utils.o [1]
  .text              ro code  0x08009e3c   0xcb8  opentcp.o [1]
  .text              ro code  0x0800aaf4   0x1f6  openudp.o [1]
  .text              ro code  0x0800acec    0x3c  adaptive_sync.o [1]
  .text              ro code  0x0800ad28   0x5dc  opencoap.o [1]
  .text              ro code  0x0800b304    0x24  openapps.o [1]
  .text              ro code  0x0800b328    0x5c  techo.o [1]
  .text              ro code  0x0800b384    0x9c  uecho.o [1]
  .text              ro code  0x0800b420   0x31a  rrt.o [1]
  .text              ro code  0x0800b73c    0xea  c6t.o [1]
  .text              ro code  0x0800b828   0x162  cinfo.o [1]
  .text              ro code  0x0800b98c    0xda  cleds.o [1]
  .text              ro code  0x0800ba68    0xea  cstorm.o [1]
  .text              ro code  0x0800bb54    0xae  cwellknown.o [1]
  .rodata            const    0x0800bc04   0x200  openhdlc.o [1]
  .text              ro code  0x0800be04   0x168  stm32l4xx_it.o [1]
  .text              ro code  0x0800bf6c    0x6c  system_stm32l4xx.o [1]
  .text              ro code  0x0800bfd8    0x40  zero_init3.o [5]
  .rodata            const    0x0800c018    0x30  system_stm32l4xx.o [1]
  .text              ro code  0x0800c048    0x2c  copy_init3.o [5]
  .text              ro code  0x0800c074    0x28  data_init.o [5]
  .text              ro code  0x0800c09c    0x22  fpinit_M.o [4]
  .iar.init_table    const    0x0800c0c0    0x24  - Linker created -
  .text              ro code  0x0800c0e4    0x1a  cmain.o [5]
  .text              ro code  0x0800c0fe     0x4  low_level_init.o [3]
  .text              ro code  0x0800c102     0x4  exit.o [3]
  .text              ro code  0x0800c108     0xa  cexit.o [5]
  .text              ro code  0x0800c114    0x14  exit.o [6]
  .rodata            const    0x0800c128    0x10  cinfo.o [1]
  .rodata            const    0x0800c138    0x10  icmpv6rpl.o [1]
  .rodata            const    0x0800c148    0x10  rrt.o [1]
  .rodata            const    0x0800c158    0x10  system_stm32l4xx.o [1]
  .text              ro code  0x0800c168    0x10  startup_stm32l476xx.o [1]
  .rodata            const    0x0800c178     0xc  cinfo.o [1]
  .rodata            const    0x0800c184     0xc  cinfo.o [1]
  .rodata            const    0x0800c190     0xc  cinfo.o [1]
  .rodata            const    0x0800c19c     0xc  cwellknown.o [1]
  .text              ro code  0x0800c1a8     0xc  cstartup_M.o [5]
  .rodata            const    0x0800c1b4     0x8  cstorm.o [1]
  .rodata            const    0x0800c1bc     0x8  cwellknown.o [1]
  .rodata            const    0x0800c1c4     0x8  system_stm32l4xx.o [1]
  .rodata            const    0x0800c1cc     0x4  c6t.o [1]
  .rodata            const    0x0800c1d0     0x4  rrt.o [1]
  .text              ro code  0x0800c1d4     0x4  startup_stm32l476xx.o [1]
  .text              ro code  0x0800c1d8     0x4  startup_stm32l476xx.o [1]
  .text              ro code  0x0800c1dc     0x4  startup_stm32l476xx.o [1]
  .text              ro code  0x0800c1e0     0x4  startup_stm32l476xx.o [1]
  .text              ro code  0x0800c1e4     0x4  startup_stm32l476xx.o [1]
  .text              ro code  0x0800c1e8     0x4  startup_stm32l476xx.o [1]
  .text              ro code  0x0800c1ec     0x4  startup_stm32l476xx.o [1]
  .text              ro code  0x0800c1f0     0x4  startup_stm32l476xx.o [1]
  .text              ro code  0x0800c1f4     0x4  startup_stm32l476xx.o [1]
  .text              ro code  0x0800c1f8     0x4  startup_stm32l476xx.o [1]
  .text              ro code  0x0800c1fc     0x4  startup_stm32l476xx.o [1]
  .text              ro code  0x0800c200     0x4  startup_stm32l476xx.o [1]
  .text              ro code  0x0800c204     0x4  startup_stm32l476xx.o [1]
  .text              ro code  0x0800c208     0x4  startup_stm32l476xx.o [1]
  .text              ro code  0x0800c20c     0x4  startup_stm32l476xx.o [1]
  .text              ro code  0x0800c210     0x4  startup_stm32l476xx.o [1]
  .text              ro code  0x0800c214     0x4  startup_stm32l476xx.o [1]
  .text              ro code  0x0800c218     0x4  startup_stm32l476xx.o [1]
  .text              ro code  0x0800c21c     0x4  startup_stm32l476xx.o [1]
  .text              ro code  0x0800c220     0x4  startup_stm32l476xx.o [1]
  .text              ro code  0x0800c224     0x4  startup_stm32l476xx.o [1]
  .text              ro code  0x0800c228     0x4  startup_stm32l476xx.o [1]
  .text              ro code  0x0800c22c     0x4  startup_stm32l476xx.o [1]
  .text              ro code  0x0800c230     0x4  startup_stm32l476xx.o [1]
  .text              ro code  0x0800c234     0x4  startup_stm32l476xx.o [1]
  .text              ro code  0x0800c238     0x4  startup_stm32l476xx.o [1]
  .text              ro code  0x0800c23c     0x4  startup_stm32l476xx.o [1]
  .text              ro code  0x0800c240     0x4  startup_stm32l476xx.o [1]
  .text              ro code  0x0800c244     0x4  startup_stm32l476xx.o [1]
  .text              ro code  0x0800c248     0x4  startup_stm32l476xx.o [1]
  .text              ro code  0x0800c24c     0x4  startup_stm32l476xx.o [1]
  .text              ro code  0x0800c250     0x4  startup_stm32l476xx.o [1]
  .text              ro code  0x0800c254     0x4  startup_stm32l476xx.o [1]
  .text              ro code  0x0800c258     0x4  startup_stm32l476xx.o [1]
  .text              ro code  0x0800c25c     0x4  startup_stm32l476xx.o [1]
  .text              ro code  0x0800c260     0x4  startup_stm32l476xx.o [1]
  .text              ro code  0x0800c264     0x4  startup_stm32l476xx.o [1]
  .text              ro code  0x0800c268     0x4  startup_stm32l476xx.o [1]
  .text              ro code  0x0800c26c     0x4  startup_stm32l476xx.o [1]
  .text              ro code  0x0800c270     0x4  startup_stm32l476xx.o [1]
  .text              ro code  0x0800c274     0x4  startup_stm32l476xx.o [1]
  .text              ro code  0x0800c278     0x4  startup_stm32l476xx.o [1]
  .text              ro code  0x0800c27c     0x4  startup_stm32l476xx.o [1]
  .text              ro code  0x0800c280     0x4  startup_stm32l476xx.o [1]
  .text              ro code  0x0800c284     0x4  startup_stm32l476xx.o [1]
  .text              ro code  0x0800c288     0x4  startup_stm32l476xx.o [1]
  .text              ro code  0x0800c28c     0x4  startup_stm32l476xx.o [1]
  .text              ro code  0x0800c290     0x4  startup_stm32l476xx.o [1]
  .text              ro code  0x0800c294     0x4  startup_stm32l476xx.o [1]
  .text              ro code  0x0800c298     0x4  startup_stm32l476xx.o [1]
  .text              ro code  0x0800c29c     0x4  startup_stm32l476xx.o [1]
  .text              ro code  0x0800c2a0     0x4  startup_stm32l476xx.o [1]
  .text              ro code  0x0800c2a4     0x4  startup_stm32l476xx.o [1]
  .text              ro code  0x0800c2a8     0x4  startup_stm32l476xx.o [1]
  .text              ro code  0x0800c2ac     0x4  startup_stm32l476xx.o [1]
  .text              ro code  0x0800c2b0     0x4  startup_stm32l476xx.o [1]
  .text              ro code  0x0800c2b4     0x4  startup_stm32l476xx.o [1]
  .text              ro code  0x0800c2b8     0x4  startup_stm32l476xx.o [1]
  .text              ro code  0x0800c2bc     0x4  startup_stm32l476xx.o [1]
  .text              ro code  0x0800c2c0     0x4  startup_stm32l476xx.o [1]
  .text              ro code  0x0800c2c4     0x4  startup_stm32l476xx.o [1]
  .text              ro code  0x0800c2c8     0x4  startup_stm32l476xx.o [1]
  .text              ro code  0x0800c2cc     0x4  startup_stm32l476xx.o [1]
  .text              ro code  0x0800c2d0     0x4  startup_stm32l476xx.o [1]
  .text              ro code  0x0800c2d4     0x4  startup_stm32l476xx.o [1]
  .text              ro code  0x0800c2d8     0x4  startup_stm32l476xx.o [1]
  .text              ro code  0x0800c2dc     0x4  startup_stm32l476xx.o [1]
  .text              ro code  0x0800c2e0     0x4  startup_stm32l476xx.o [1]
  .text              ro code  0x0800c2e4     0x4  startup_stm32l476xx.o [1]
  .text              ro code  0x0800c2e8     0x4  startup_stm32l476xx.o [1]
  .text              ro code  0x0800c2ec     0x4  startup_stm32l476xx.o [1]
  .text              ro code  0x0800c2f0     0x4  startup_stm32l476xx.o [1]
  .text              ro code  0x0800c2f4     0x4  startup_stm32l476xx.o [1]
  .text              ro code  0x0800c2f8     0x4  startup_stm32l476xx.o [1]
  .text              ro code  0x0800c2fc     0x4  startup_stm32l476xx.o [1]
  Initializer bytes  const    0x0800c300     0x4  <for P2-1>
  .rodata            const    0x0800c304     0x0  zero_init3.o [5]
  .rodata            const    0x0800c304     0x0  copy_init3.o [5]
                            - 0x0800c304  0xc17c

Absolute sections:                           0x1
  .noinit            uninit   0x0807fff0     0x1  eui64.o [1]
                            - 0x0807fff1     0x1

"P2", part 1 of 3:                           0x4
  P2-1                        0x20000000     0x4  <Init block>
    .data            inited   0x20000000     0x4  system_stm32l4xx.o [1]
                            - 0x20000004     0x4

"P2", part 2 of 3:                         0x400
  CSTACK                      0x20000008   0x400  <Block>
    CSTACK           uninit   0x20000008   0x400  <Block tail>
                            - 0x20000408   0x400

"P2", part 3 of 3:                        0x11fc
  .bss               zero     0x20000408   0x960  openqueue.o [1]
  .bss               zero     0x20000d68   0x1dc  openserial.o [1]
  .bss               zero     0x20000f44   0x15c  neighbors.o [1]
  .bss               zero     0x200010a0   0x150  schedule.o [1]
  .bss               zero     0x200011f0    0xcc  opentimers.o [1]
  .bss               zero     0x200012bc    0x80  scheduler.o [1]
  .bss               zero     0x2000133c    0x54  icmpv6rpl.o [1]
  .bss               zero     0x20001390    0x48  idmanager.o [1]
  .bss               zero     0x200013d8    0x34  cstorm.o [1]
  .bss               zero     0x2000140c    0x34  rrt.o [1]
  .bss               zero     0x20001440    0x30  c6t.o [1]
  .bss               zero     0x20001470    0x30  cinfo.o [1]
  .bss               zero     0x200014a0    0x30  cleds.o [1]
  .bss               zero     0x200014d0    0x30  cwellknown.o [1]
  .bss               zero     0x20001500    0x30  opentcp.o [1]
  .bss               zero     0x20001530    0x2c  IEEE802154E.o [1]
  .bss               zero     0x2000155c    0x28  adaptive_sync.o [1]
  .bss               zero     0x20001584    0x14  icmpv6echo.o [1]
  .bss               zero     0x20001598    0x10  IEEE802154E.o [1]
  .bss               zero     0x200015a8    0x10  spi.o [1]
  .bss               zero     0x200015b8     0xc  radio.o [1]
  .bss               zero     0x200015c4     0xc  sixtop.o [1]
  .bss               zero     0x200015d0     0xc  uart.o [1]
  .bss               zero     0x200015dc     0x8  bsp_timer.o [1]
  .bss               zero     0x200015e4     0x8  IEEE802154E.o [1]
  .bss               zero     0x200015ec     0x8  opencoap.o [1]
  .bss               zero     0x200015f4     0x8  radiotimer.o [1]
  .bss               zero     0x200015fc     0x4  openrandom.o [1]
  .bss               zero     0x20001600     0x4  scheduler.o [1]
                            - 0x20001604  0x11fc


*******************************************************************************
*** INIT TABLE
***

          Address     Size
          -------     ----
Zero (__iar_zero_init3)
    1 destination range, total size 0x11fc:
          0x20000408  0x11fc

Copy (__iar_copy_init3)
    1 source range, total size 0x4:
          0x0800c300     0x4
    1 destination range, total size 0x4:
          0x20000000     0x4



*******************************************************************************
*** MODULE SUMMARY
***

    Module                 ro code  ro data  rw data  rw data
                                                       (abs)
    ------                 -------  -------  -------  -------
E:\openwsn\openwsn-fw\projects\openmotestmL4\openwsn\EWARM\STM32L476RG_NUCLEO\Obj: [1]
    03oos_openwsn.o             22
    IEEE802154.o               770
    IEEE802154E.o            6 484                68
    adaptive_sync.o             60                40
    board.o                    352
    bsp_timer.o                392                 8
    c6t.o                      234        4       48
    cinfo.o                    354       54       48
    cleds.o                    218        2       48
    cstorm.o                   234        8       52
    cwellknown.o               174       20       48
    debugpins.o                372
    eui64.o                     52                          1
    forwarding.o             1 444
    gpio.o                     112
    icmpv6.o                   154
    icmpv6echo.o               288                20
    icmpv6rpl.o              1 600       16       84
    idmanager.o                904                72
    iphc.o                   2 244
    leds.o                     296
    neighbors.o              3 032               348
    nvic.o                     298
    openapps.o                  36
    openbridge.o               322
    opencoap.o               1 500                 8
    openhdlc.o                  32      512
    openqueue.o              1 002             2 400
    openrandom.o               120                 4
    openserial.o             2 152               476
    openstack.o                 96
    opentcp.o                3 256                48
    opentimers.o             1 344               204
    openudp.o                  502
    otf.o                       92
    packetfunctions.o        1 352
    processIE.o              1 286
    radio.o                    920                12
    radiotimer.o               552                 8
    rcc.o                      304
    rrt.o                      794       20       52
    schedule.o               1 790               336
    scheduler.o                244               132
    sixtop.o                 3 624                12
    spi.o                      894                16
    startup_stm32l476xx.o      708
    stm32l4xx_it.o             360
    stm32l4xx_ll_exti.o        538
    stm32l4xx_ll_gpio.o        418
    stm32l4xx_ll_lptim.o        68
    stm32l4xx_ll_rcc.o       1 172
    stm32l4xx_ll_spi.o         132
    stm32l4xx_ll_tim.o       1 288
    stm32l4xx_ll_usart.o       292
    stm32l4xx_ll_utils.o        68
    system_stm32l4xx.o         108       76        4
    techo.o                     92
    topology.o                   6
    uart.o                     856                12
    uecho.o                    156
    ---------------------------------------------------------
    Total:                  48 566      712    4 608        1

command line: [2]
    ---------------------------------------------------------
    Total:

dl7M_tln.a: [3]
    exit.o                       4
    low_level_init.o             4
    ---------------------------------------------------------
    Total:                       8

m7M_tls.a: [4]
    fpinit_M.o                  34
    ---------------------------------------------------------
    Total:                      34

rt7M_tl.a: [5]
    ABImemcpy_unaligned.o      118
    ABImemset.o                102
    cexit.o                     10
    cmain.o                     26
    copy_init3.o                44
    cstartup_M.o                12
    data_init.o                 40
    memcmp_unaligned.o          98
    zero_init3.o                64
    ---------------------------------------------------------
    Total:                     514

shb_l.a: [6]
    exit.o                      20
    ---------------------------------------------------------
    Total:                      20

    Gaps                        30        4
    Linker created                       36    1 024
-------------------------------------------------------------
    Grand Total:            49 172      752    5 632        1


*******************************************************************************
*** ENTRY LIST
***

Entry                      Address   Size  Type      Object
-----                      -------   ----  ----      ------
.iar.init_table$$Base   0x0800c0c0          --   Gb  - Linker created -
.iar.init_table$$Limit  0x0800c0e4          --   Gb  - Linker created -
?main                   0x0800c0e5         Code  Gb  cmain.o [5]
AHBPrescTable           0x0800c158   0x10  Data  Gb  system_stm32l4xx.o [1]
APBPrescTable           0x0800c1c4    0x8  Data  Gb  system_stm32l4xx.o [1]
BusFault_Handler        0x0800be89    0x2  Code  Gb  stm32l4xx_it.o [1]
CSTACK$$Base            0x20000008          --   Gb  - Linker created -
CSTACK$$Limit           0x20000408          --   Gb  - Linker created -
DebugMon_Handler        0x0800be8f    0x2  Code  Gb  stm32l4xx_it.o [1]
Delay                   0x080053f3   0x1a  Code  Gb  leds.o [1]
EXTI15_10_IRQHandler    0x0800bf49   0x24  Code  Gb  stm32l4xx_it.o [1]
GPIO_Configuration      0x08008ac7   0x48  Code  Gb  gpio.o [1]
HardFault_Handler       0x0800be85    0x2  Code  Gb  stm32l4xx_it.o [1]
LL_AHB2_GRP1_EnableClock
                        0x08007b19   0x1a  Code  Lc  board.o [1]
LL_AHB2_GRP1_EnableClock
                        0x08004855   0x1a  Code  Lc  debugpins.o [1]
LL_AHB2_GRP1_EnableClock
                        0x08008aad   0x1a  Code  Lc  gpio.o [1]
LL_AHB2_GRP1_EnableClock
                        0x080052f1   0x1a  Code  Lc  leds.o [1]
LL_AHB2_GRP1_EnableClock
                        0x08005b81   0x1e  Code  Lc  spi.o [1]
LL_AHB2_GRP1_EnableClock
                        0x08005f21   0x1a  Code  Lc  uart.o [1]
LL_APB1_GRP1_EnableClock
                        0x08007ebd   0x1a  Code  Lc  bsp_timer.o [1]
LL_APB1_GRP1_EnableClock
                        0x080050c9   0x1a  Code  Lc  radiotimer.o [1]
LL_APB1_GRP1_EnableClock
                        0x08005b9f   0x1a  Code  Lc  spi.o [1]
LL_APB2_GRP1_EnableClock
                        0x08007b33   0x1a  Code  Lc  board.o [1]
LL_APB2_GRP1_EnableClock
                        0x08005f3b   0x1a  Code  Lc  uart.o [1]
LL_EXTI_ClearFlag_0_31  0x08007b4d    0x6  Code  Lc  board.o [1]
LL_EXTI_ClearFlag_0_31  0x0800be19    0x6  Code  Lc  stm32l4xx_it.o [1]
LL_EXTI_DisableEvent_0_31
                        0x08008b65    0xc  Code  Lc  stm32l4xx_ll_exti.o [1]
LL_EXTI_DisableEvent_32_63
                        0x08008b71    0xc  Code  Lc  stm32l4xx_ll_exti.o [1]
LL_EXTI_DisableFallingTrig_0_31
                        0x08008bc5    0xc  Code  Lc  stm32l4xx_ll_exti.o [1]
LL_EXTI_DisableFallingTrig_32_63
                        0x08008bd1    0xc  Code  Lc  stm32l4xx_ll_exti.o [1]
LL_EXTI_DisableIT_0_31  0x08008b35    0xc  Code  Lc  stm32l4xx_ll_exti.o [1]
LL_EXTI_DisableIT_32_63
                        0x08008b41    0xc  Code  Lc  stm32l4xx_ll_exti.o [1]
LL_EXTI_DisableRisingTrig_0_31
                        0x08008b95    0xc  Code  Lc  stm32l4xx_ll_exti.o [1]
LL_EXTI_DisableRisingTrig_32_63
                        0x08008ba1    0xc  Code  Lc  stm32l4xx_ll_exti.o [1]
LL_EXTI_EnableEvent_0_31
                        0x08008b4d    0xc  Code  Lc  stm32l4xx_ll_exti.o [1]
LL_EXTI_EnableEvent_32_63
                        0x08008b59    0xc  Code  Lc  stm32l4xx_ll_exti.o [1]
LL_EXTI_EnableFallingTrig_0_31
                        0x08008bad    0xc  Code  Lc  stm32l4xx_ll_exti.o [1]
LL_EXTI_EnableFallingTrig_32_63
                        0x08008bb9    0xc  Code  Lc  stm32l4xx_ll_exti.o [1]
LL_EXTI_EnableIT_0_31   0x08008b1d    0xc  Code  Lc  stm32l4xx_ll_exti.o [1]
LL_EXTI_EnableIT_32_63  0x08008b29    0xc  Code  Lc  stm32l4xx_ll_exti.o [1]
LL_EXTI_EnableRisingTrig_0_31
                        0x08008b7d    0xc  Code  Lc  stm32l4xx_ll_exti.o [1]
LL_EXTI_EnableRisingTrig_32_63
                        0x08008b89    0xc  Code  Lc  stm32l4xx_ll_exti.o [1]
LL_EXTI_Init            0x08008bfd  0x13a  Code  Gb  stm32l4xx_ll_exti.o [1]
LL_EXTI_IsActiveFlag_0_31
                        0x0800be05   0x14  Code  Lc  stm32l4xx_it.o [1]
LL_FLASH_SetLatency     0x08008a25   0x10  Code  Lc  rcc.o [1]
LL_GPIO_Init            0x08007893   0x9c  Code  Gb  stm32l4xx_ll_gpio.o [1]
LL_GPIO_IsOutputPinSet  0x0800530b   0x12  Code  Lc  leds.o [1]
LL_GPIO_ResetOutputPin  0x08007b57    0x4  Code  Lc  board.o [1]
LL_GPIO_ResetOutputPin  0x08004873    0x4  Code  Lc  debugpins.o [1]
LL_GPIO_ResetOutputPin  0x08005321    0x4  Code  Lc  leds.o [1]
LL_GPIO_ResetOutputPin  0x08005c93    0x4  Code  Lc  spi.o [1]
LL_GPIO_SetAFPin_0_7    0x0800782f   0x30  Code  Lc  stm32l4xx_ll_gpio.o [1]
LL_GPIO_SetAFPin_8_15   0x08005c5b   0x34  Code  Lc  spi.o [1]
LL_GPIO_SetAFPin_8_15   0x0800785f   0x34  Code  Lc  stm32l4xx_ll_gpio.o [1]
LL_GPIO_SetAFPin_8_15   0x08005ff7   0x34  Code  Lc  uart.o [1]
LL_GPIO_SetOutputPin    0x08007b53    0x4  Code  Lc  board.o [1]
LL_GPIO_SetOutputPin    0x0800486f    0x4  Code  Lc  debugpins.o [1]
LL_GPIO_SetOutputPin    0x0800531d    0x4  Code  Lc  leds.o [1]
LL_GPIO_SetOutputPin    0x08005c8f    0x4  Code  Lc  spi.o [1]
LL_GPIO_SetPinMode      0x08005bb9   0x30  Code  Lc  spi.o [1]
LL_GPIO_SetPinMode      0x0800778d   0x30  Code  Lc  stm32l4xx_ll_gpio.o [1]
LL_GPIO_SetPinMode      0x08005f55   0x30  Code  Lc  uart.o [1]
LL_GPIO_SetPinOutputType
                        0x08005be9   0x12  Code  Lc  spi.o [1]
LL_GPIO_SetPinOutputType
                        0x080077bd   0x12  Code  Lc  stm32l4xx_ll_gpio.o [1]
LL_GPIO_SetPinOutputType
                        0x08005f85   0x12  Code  Lc  uart.o [1]
LL_GPIO_SetPinPull      0x08005c2b   0x30  Code  Lc  spi.o [1]
LL_GPIO_SetPinPull      0x080077ff   0x30  Code  Lc  stm32l4xx_ll_gpio.o [1]
LL_GPIO_SetPinPull      0x08005fc7   0x30  Code  Lc  uart.o [1]
LL_GPIO_SetPinSpeed     0x08005bfb   0x30  Code  Lc  spi.o [1]
LL_GPIO_SetPinSpeed     0x080077cf   0x30  Code  Lc  stm32l4xx_ll_gpio.o [1]
LL_GPIO_SetPinSpeed     0x08005f97   0x30  Code  Lc  uart.o [1]
LL_GPIO_TogglePin       0x08004877    0x8  Code  Lc  debugpins.o [1]
LL_GPIO_TogglePin       0x08005325    0x8  Code  Lc  leds.o [1]
LL_Init1msTick          0x08009e17   0x10  Code  Gb  stm32l4xx_ll_utils.o [1]
LL_InitTick             0x08009df9   0x1e  Code  Lc  stm32l4xx_ll_utils.o [1]
LL_LPTIM_ClearFLAG_ARRM
                        0x0800be31    0xa  Code  Lc  stm32l4xx_it.o [1]
LL_LPTIM_ClearFLAG_CMPM
                        0x0800be1f    0xa  Code  Lc  stm32l4xx_it.o [1]
LL_LPTIM_DisableIT_ARRM
                        0x08005147    0xa  Code  Lc  radiotimer.o [1]
LL_LPTIM_DisableIT_CMPM
                        0x08005133    0xa  Code  Lc  radiotimer.o [1]
LL_LPTIM_Enable         0x080050e3    0xa  Code  Lc  radiotimer.o [1]
LL_LPTIM_EnableIT_ARRM  0x0800513d    0xa  Code  Lc  radiotimer.o [1]
LL_LPTIM_EnableIT_CMPM  0x08005129    0xa  Code  Lc  radiotimer.o [1]
LL_LPTIM_GetAutoReload  0x08005105    0x6  Code  Lc  radiotimer.o [1]
LL_LPTIM_GetCounter     0x08005117    0x6  Code  Lc  radiotimer.o [1]
LL_LPTIM_Init           0x080079b1   0x36  Code  Gb  stm32l4xx_ll_lptim.o [1]
LL_LPTIM_IsActiveFlag_ARRM
                        0x0800be3b    0xa  Code  Lc  stm32l4xx_it.o [1]
LL_LPTIM_IsActiveFlag_CMPM
                        0x0800be29    0x8  Code  Lc  stm32l4xx_it.o [1]
LL_LPTIM_IsEnabled      0x080079a9    0x8  Code  Lc  stm32l4xx_ll_lptim.o [1]
LL_LPTIM_SetAutoReload  0x080050f9    0xc  Code  Lc  radiotimer.o [1]
LL_LPTIM_SetCompare     0x0800510b    0xc  Code  Lc  radiotimer.o [1]
LL_LPTIM_SetCounterMode
                        0x0800511d    0xc  Code  Lc  radiotimer.o [1]
LL_LPTIM_StartCounter   0x080050ed    0xc  Code  Lc  radiotimer.o [1]
LL_PWR_EnableBkUpAccess
                        0x08005151    0xe  Code  Lc  radiotimer.o [1]
LL_PWR_IsEnabledBkUpAccess
                        0x0800515f    0xc  Code  Lc  radiotimer.o [1]
LL_RCC_GetAHBPrescaler  0x0800944b    0xc  Code  Lc  stm32l4xx_ll_rcc.o [1]
LL_RCC_GetAPB1Prescaler
                        0x08009457    0xc  Code  Lc  stm32l4xx_ll_rcc.o [1]
LL_RCC_GetAPB2Prescaler
                        0x08009463    0xc  Code  Lc  stm32l4xx_ll_rcc.o [1]
LL_RCC_GetSysClkSource  0x080089a7    0xa  Code  Lc  rcc.o [1]
LL_RCC_GetSysClkSource  0x0800943f    0xc  Code  Lc  stm32l4xx_ll_rcc.o [1]
LL_RCC_GetUARTClockFreq
                        0x080095bf   0xb6  Code  Gb  stm32l4xx_ll_rcc.o [1]
LL_RCC_GetUARTClockSource
                        0x0800947d    0xe  Code  Lc  stm32l4xx_ll_rcc.o [1]
LL_RCC_GetUSARTClockFreq
                        0x080094bb  0x104  Code  Gb  stm32l4xx_ll_rcc.o [1]
LL_RCC_GetUSARTClockSource
                        0x0800946f    0xe  Code  Lc  stm32l4xx_ll_rcc.o [1]
LL_RCC_HSI_IsReady      0x080093fd    0xe  Code  Lc  stm32l4xx_ll_rcc.o [1]
LL_RCC_LSE_Enable       0x0800516b    0xe  Code  Lc  radiotimer.o [1]
LL_RCC_LSE_IsReady      0x08005179    0xc  Code  Lc  radiotimer.o [1]
LL_RCC_LSE_IsReady      0x0800940b    0xe  Code  Lc  stm32l4xx_ll_rcc.o [1]
LL_RCC_MSI_Enable       0x0800897d    0xe  Code  Lc  rcc.o [1]
LL_RCC_MSI_GetRange     0x08009427    0xc  Code  Lc  stm32l4xx_ll_rcc.o [1]
LL_RCC_MSI_GetRangeAfterStandby
                        0x08009433    0xc  Code  Lc  stm32l4xx_ll_rcc.o [1]
LL_RCC_MSI_IsEnabledRangeSelect
                        0x08009419    0xe  Code  Lc  stm32l4xx_ll_rcc.o [1]
LL_RCC_MSI_IsReady      0x0800898b    0xc  Code  Lc  rcc.o [1]
LL_RCC_PLL_ConfigDomain_SYS
                        0x080089fb   0x1c  Code  Lc  rcc.o [1]
LL_RCC_PLL_Enable       0x080089e1    0xe  Code  Lc  rcc.o [1]
LL_RCC_PLL_EnableDomain_SYS
                        0x08008a17    0xe  Code  Lc  rcc.o [1]
LL_RCC_PLL_GetDivider   0x080094af    0xc  Code  Lc  stm32l4xx_ll_rcc.o [1]
LL_RCC_PLL_GetMainSource
                        0x0800948b    0xc  Code  Lc  stm32l4xx_ll_rcc.o [1]
LL_RCC_PLL_GetN         0x08009497    0xc  Code  Lc  stm32l4xx_ll_rcc.o [1]
LL_RCC_PLL_GetR         0x080094a3    0xc  Code  Lc  stm32l4xx_ll_rcc.o [1]
LL_RCC_PLL_IsReady      0x080089ef    0xc  Code  Lc  rcc.o [1]
LL_RCC_SetAHBPrescaler  0x080089b1   0x10  Code  Lc  rcc.o [1]
LL_RCC_SetAPB1Prescaler
                        0x080089c1   0x10  Code  Lc  rcc.o [1]
LL_RCC_SetAPB2Prescaler
                        0x080089d1   0x10  Code  Lc  rcc.o [1]
LL_RCC_SetLPTIMClockSource
                        0x08005185   0x14  Code  Lc  radiotimer.o [1]
LL_RCC_SetSysClkSource  0x08008997   0x10  Code  Lc  rcc.o [1]
LL_RCC_SetUSARTClockSource
                        0x0800602b   0x12  Code  Lc  uart.o [1]
LL_SPI_Enable           0x08005c97    0xa  Code  Lc  spi.o [1]
LL_SPI_Init             0x08007d27   0x66  Code  Gb  stm32l4xx_ll_spi.o [1]
LL_SPI_IsActiveFlag_RXNE
                        0x08005cad    0x8  Code  Lc  spi.o [1]
LL_SPI_IsActiveFlag_RXNE
                        0x0800be45    0x8  Code  Lc  stm32l4xx_it.o [1]
LL_SPI_IsEnabled        0x08007d15    0xa  Code  Lc  stm32l4xx_ll_spi.o [1]
LL_SPI_ReceiveData8     0x08005cb5    0x6  Code  Lc  spi.o [1]
LL_SPI_SetCRCPolynomial
                        0x08007d1f    0x8  Code  Lc  stm32l4xx_ll_spi.o [1]
LL_SPI_SetRxFIFOThreshold
                        0x08005ca1    0xc  Code  Lc  spi.o [1]
LL_SPI_TransmitData8    0x08005cbb    0x4  Code  Lc  spi.o [1]
LL_SYSCFG_SetEXTISource
                        0x08007b5b   0x2a  Code  Lc  board.o [1]
LL_SetSystemCoreClock   0x08009e27    0x6  Code  Gb  stm32l4xx_ll_utils.o [1]
LL_TIM_ClearFlag_CC1    0x08007eed    0x8  Code  Lc  bsp_timer.o [1]
LL_TIM_ClearFlag_CC1    0x0800be5d    0x8  Code  Lc  stm32l4xx_it.o [1]
LL_TIM_ClearFlag_UPDATE
                        0x0800be4d    0x8  Code  Lc  stm32l4xx_it.o [1]
LL_TIM_EnableCounter    0x08007ed7    0xa  Code  Lc  bsp_timer.o [1]
LL_TIM_EnableIT_CC1     0x08007ef5    0xa  Code  Lc  bsp_timer.o [1]
LL_TIM_GenerateEvent_CC1
                        0x08007eff    0xa  Code  Lc  bsp_timer.o [1]
LL_TIM_GenerateEvent_UPDATE
                        0x080098b5    0xa  Code  Lc  stm32l4xx_ll_tim.o [1]
LL_TIM_GetCounter       0x08007ee5    0x4  Code  Lc  bsp_timer.o [1]
LL_TIM_Init             0x080098bf   0xe0  Code  Gb  stm32l4xx_ll_tim.o [1]
LL_TIM_IsActiveFlag_CC1
                        0x0800be65    0xa  Code  Lc  stm32l4xx_it.o [1]
LL_TIM_IsActiveFlag_UPDATE
                        0x0800be55    0x8  Code  Lc  stm32l4xx_it.o [1]
LL_TIM_OC_Init          0x0800999f   0x7c  Code  Gb  stm32l4xx_ll_tim.o [1]
LL_TIM_OC_SetCompareCH1
                        0x08007ee9    0x4  Code  Lc  bsp_timer.o [1]
LL_TIM_OC_SetCompareCH1
                        0x0800989d    0x4  Code  Lc  stm32l4xx_ll_tim.o [1]
LL_TIM_OC_SetCompareCH2
                        0x080098a1    0x4  Code  Lc  stm32l4xx_ll_tim.o [1]
LL_TIM_OC_SetCompareCH3
                        0x080098a5    0x4  Code  Lc  stm32l4xx_ll_tim.o [1]
LL_TIM_OC_SetCompareCH4
                        0x080098a9    0x4  Code  Lc  stm32l4xx_ll_tim.o [1]
LL_TIM_OC_SetCompareCH5
                        0x080098ad    0x4  Code  Lc  stm32l4xx_ll_tim.o [1]
LL_TIM_OC_SetCompareCH6
                        0x080098b1    0x4  Code  Lc  stm32l4xx_ll_tim.o [1]
LL_TIM_SetAutoReload    0x08009895    0x4  Code  Lc  stm32l4xx_ll_tim.o [1]
LL_TIM_SetCounter       0x08007ee1    0x4  Code  Lc  bsp_timer.o [1]
LL_TIM_SetPrescaler     0x08009891    0x4  Code  Lc  stm32l4xx_ll_tim.o [1]
LL_TIM_SetRepetitionCounter
                        0x08009899    0x4  Code  Lc  stm32l4xx_ll_tim.o [1]
LL_USART_DisableIT_RXNE
                        0x08006083    0xa  Code  Lc  uart.o [1]
LL_USART_DisableIT_TXE  0x0800608d    0xa  Code  Lc  uart.o [1]
LL_USART_Enable         0x0800603d    0xa  Code  Lc  uart.o [1]
LL_USART_EnableIT_RXNE  0x0800606f    0xa  Code  Lc  uart.o [1]
LL_USART_EnableIT_TXE   0x08006079    0xa  Code  Lc  uart.o [1]
LL_USART_Init           0x08007df5   0xac  Code  Gb  stm32l4xx_ll_usart.o [1]
LL_USART_IsActiveFlag_REACK
                        0x08006065    0xa  Code  Lc  uart.o [1]
LL_USART_IsActiveFlag_RXNE
                        0x0800be6f    0xa  Code  Lc  stm32l4xx_it.o [1]
LL_USART_IsActiveFlag_RXNE
                        0x08006047    0xa  Code  Lc  uart.o [1]
LL_USART_IsActiveFlag_TEACK
                        0x0800605b    0xa  Code  Lc  uart.o [1]
LL_USART_IsActiveFlag_TXE
                        0x0800be79    0xa  Code  Lc  stm32l4xx_it.o [1]
LL_USART_IsActiveFlag_TXE
                        0x08006051    0xa  Code  Lc  uart.o [1]
LL_USART_IsEnabled      0x08007d99    0x8  Code  Lc  stm32l4xx_ll_usart.o [1]
LL_USART_ReceiveData8   0x08006097    0x6  Code  Lc  uart.o [1]
LL_USART_SetBaudRate    0x08007db9   0x3c  Code  Lc  stm32l4xx_ll_usart.o [1]
LL_USART_SetHWFlowCtrl  0x08007dad    0xc  Code  Lc  stm32l4xx_ll_usart.o [1]
LL_USART_SetStopBitsLength
                        0x08007da1    0xc  Code  Lc  stm32l4xx_ll_usart.o [1]
LL_USART_TransmitData8  0x0800609d    0x6  Code  Lc  uart.o [1]
LPTIM1_IRQHandler       0x0800becd   0x2c  Code  Gb  stm32l4xx_it.o [1]
MSIRangeTable           0x0800c018   0x30  Data  Gb  system_stm32l4xx.o [1]
MemManage_Handler       0x0800be87    0x2  Code  Gb  stm32l4xx_it.o [1]
NMI_Handler             0x0800be83    0x2  Code  Gb  stm32l4xx_it.o [1]
NVIC_Configuration      0x08007b09    0xe  Code  Gb  nvic.o [1]
NVIC_EnableIRQ          0x08007a0b   0x14  Code  Lc  nvic.o [1]
NVIC_EncodePriority     0x08007a59   0x3e  Code  Lc  nvic.o [1]
NVIC_SetPriority        0x08007a1f   0x26  Code  Lc  nvic.o [1]
NVIC_SetPriorityGrouping
                        0x080079ed   0x1e  Code  Lc  nvic.o [1]
NVIC_bsptimer           0x08007ab5   0x1c  Code  Gb  nvic.o [1]
NVIC_init               0x08007a97    0x2  Code  Gb  nvic.o [1]
NVIC_radio              0x08007aed   0x1c  Code  Gb  nvic.o [1]
NVIC_radiotimer         0x08007ad1   0x1c  Code  Gb  nvic.o [1]
NVIC_uart               0x08007a99   0x1c  Code  Gb  nvic.o [1]
OC1Config               0x08009a1b   0xa4  Code  Lc  stm32l4xx_ll_tim.o [1]
OC2Config               0x08009abf   0xa2  Code  Lc  stm32l4xx_ll_tim.o [1]
OC3Config               0x08009b61   0xa2  Code  Lc  stm32l4xx_ll_tim.o [1]
OC4Config               0x08009c03   0x84  Code  Lc  stm32l4xx_ll_tim.o [1]
OC5Config               0x08009c87   0x74  Code  Lc  stm32l4xx_ll_tim.o [1]
OC6Config               0x08009cfb   0x74  Code  Lc  stm32l4xx_ll_tim.o [1]
PendSV_Handler          0x0800be91    0x2  Code  Gb  stm32l4xx_it.o [1]
RCC_Configuration       0x08008a35   0x5e  Code  Gb  rcc.o [1]
RCC_GetHCLKClockFreq    0x08009731   0x18  Code  Gb  stm32l4xx_ll_rcc.o [1]
RCC_GetPCLK1ClockFreq   0x08009749   0x16  Code  Gb  stm32l4xx_ll_rcc.o [1]
RCC_GetPCLK2ClockFreq   0x0800975f   0x16  Code  Gb  stm32l4xx_ll_rcc.o [1]
RCC_GetSystemClockFreq  0x08009675   0xbc  Code  Gb  stm32l4xx_ll_rcc.o [1]
RCC_PLL_GetFreqDomain_SYS
                        0x08009775   0xd6  Code  Gb  stm32l4xx_ll_rcc.o [1]
Region$$Table$$Base     0x0800c0c0          --   Gb  - Linker created -
Region$$Table$$Limit    0x0800c0e4          --   Gb  - Linker created -
SPI2_IRQHandler         0x0800bef9   0x12  Code  Gb  stm32l4xx_it.o [1]
SVC_Handler             0x0800be8d    0x2  Code  Gb  stm32l4xx_it.o [1]
SysTick_Handler         0x0800be93    0x2  Code  Gb  stm32l4xx_it.o [1]
SystemCoreClock         0x20000000    0x4  Data  Gb  system_stm32l4xx.o [1]
SystemInit              0x0800bf6d   0x4e  Code  Gb  system_stm32l4xx.o [1]
TIM1_UP_TIM16_IRQHandler
                        0x0800be95   0x14  Code  Gb  stm32l4xx_it.o [1]
TIM2_IRQHandler         0x0800bea9   0x24  Code  Gb  stm32l4xx_it.o [1]
USART1_IRQHandler       0x0800bf0b   0x28  Code  Gb  stm32l4xx_it.o [1]
UsageFault_Handler      0x0800be8b    0x2  Code  Gb  stm32l4xx_it.o [1]
__aeabi_memset          0x08001add         Code  Gb  ABImemset.o [5]
__cmain                 0x0800c0e5         Code  Gb  cmain.o [5]
__exit                  0x0800c115   0x14  Code  Gb  exit.o [6]
__iar_Memset            0x08001add         Code  Gb  ABImemset.o [5]
__iar_Memset_word       0x08001ae5         Code  Gb  ABImemset.o [5]
__iar_copy_init3        0x0800c049   0x2c  Code  Gb  copy_init3.o [5]
__iar_data_init3        0x0800c075   0x28  Code  Gb  data_init.o [5]
__iar_init_vfp          0x0800c09d         Code  Gb  fpinit_M.o [4]
__iar_program_start     0x0800c1a9         Code  Gb  cstartup_M.o [5]
__iar_unaligned___aeabi_memcpy
                        0x08003701         Code  Gb  ABImemcpy_unaligned.o [5]
__iar_unaligned___aeabi_memcpy4
                        0x08003721         Code  Gb  ABImemcpy_unaligned.o [5]
__iar_unaligned___aeabi_memcpy8
                        0x08003721         Code  Gb  ABImemcpy_unaligned.o [5]
__iar_unaligned_memcmp  0x08007725         Code  Gb  memcmp_unaligned.o [5]
__iar_zero_init3        0x0800bfd9   0x40  Code  Gb  zero_init3.o [5]
__low_level_init        0x0800c0ff    0x4  Code  Gb  low_level_init.o [3]
__vector_table          0x08000000         Data  Gb  startup_stm32l476xx.o [1]
_call_main              0x0800c0f1         Code  Gb  cmain.o [5]
_exit                   0x0800c109         Code  Gb  cexit.o [5]
_main                   0x0800c0fb         Code  Gb  cmain.o [5]
activity_ri2            0x08001045   0x54  Code  Gb  IEEE802154E.o [1]
activity_ri3            0x080010b7   0x1c  Code  Gb  IEEE802154E.o [1]
activity_ri4            0x080010db   0x2a  Code  Gb  IEEE802154E.o [1]
activity_ri5            0x08001123  0x234  Code  Gb  IEEE802154E.o [1]
activity_ri6            0x08001357  0x17e  Code  Gb  IEEE802154E.o [1]
activity_ri7            0x080014f3   0x1c  Code  Gb  IEEE802154E.o [1]
activity_ri8            0x0800152d   0x24  Code  Gb  IEEE802154E.o [1]
activity_ri9            0x0800156f   0x60  Code  Gb  IEEE802154E.o [1]
activity_rie1           0x08001099   0x1e  Code  Gb  IEEE802154E.o [1]
activity_rie2           0x080010d3    0x8  Code  Gb  IEEE802154E.o [1]
activity_rie3           0x08001105   0x1e  Code  Gb  IEEE802154E.o [1]
activity_rie4           0x080014d5   0x1e  Code  Gb  IEEE802154E.o [1]
activity_rie5           0x0800150f   0x1e  Code  Gb  IEEE802154E.o [1]
activity_rie6           0x08001551   0x1e  Code  Gb  IEEE802154E.o [1]
activity_synchronize_endOfFrame
                        0x080005d9  0x21e  Code  Gb  IEEE802154E.o [1]
activity_synchronize_newSlot
                        0x08000535   0x7e  Code  Gb  IEEE802154E.o [1]
activity_synchronize_startOfFrame
                        0x080005b3   0x26  Code  Gb  IEEE802154E.o [1]
activity_ti1ORri1       0x080009c7  0x248  Code  Gb  IEEE802154E.o [1]
activity_ti2            0x08000c0f   0x5a  Code  Gb  IEEE802154E.o [1]
activity_ti3            0x08000c83   0x1a  Code  Gb  IEEE802154E.o [1]
activity_ti4            0x08000cb7   0x20  Code  Gb  IEEE802154E.o [1]
activity_ti5            0x08000cf1   0x74  Code  Gb  IEEE802154E.o [1]
activity_ti6            0x08000d65   0x54  Code  Gb  IEEE802154E.o [1]
activity_ti7            0x08000dd7   0x1c  Code  Gb  IEEE802154E.o [1]
activity_ti8            0x08000e49   0x24  Code  Gb  IEEE802154E.o [1]
activity_ti9            0x08000e81  0x1c4  Code  Gb  IEEE802154E.o [1]
activity_tie1           0x08000c69   0x1a  Code  Gb  IEEE802154E.o [1]
activity_tie2           0x08000c9d   0x1a  Code  Gb  IEEE802154E.o [1]
activity_tie3           0x08000cd7   0x1a  Code  Gb  IEEE802154E.o [1]
activity_tie4           0x08000db9   0x1e  Code  Gb  IEEE802154E.o [1]
activity_tie5           0x08000df3   0x56  Code  Gb  IEEE802154E.o [1]
activity_tie6           0x08000e79    0x8  Code  Gb  IEEE802154E.o [1]
adaptive_sync_init      0x0800aced   0x38  Code  Gb  adaptive_sync.o [1]
adaptive_sync_vars      0x2000155c   0x28  Data  Gb  adaptive_sync.o [1]
all_routers_multicast   0x0800c138   0x10  Data  Lc  icmpv6rpl.o [1]
asnStoreFromAdv         0x08001747   0x6a  Code  Gb  IEEE802154E.o [1]
board_init              0x08007b8d   0xce  Code  Gb  board.o [1]
board_reset             0x08007c77    0x2  Code  Gb  board.o [1]
board_sleep             0x08007c75    0x2  Code  Gb  board.o [1]
bsp_timer_init          0x08007f09   0x8e  Code  Gb  bsp_timer.o [1]
bsp_timer_isr           0x0800802b    0xc  Code  Gb  bsp_timer.o [1]
bsp_timer_reset         0x08007fa5   0x2e  Code  Gb  bsp_timer.o [1]
bsp_timer_scheduleIn    0x08007fd3   0x58  Code  Gb  bsp_timer.o [1]
bsp_timer_set_callback  0x08007f97    0xe  Code  Gb  bsp_timer.o [1]
bsp_timer_vars          0x200015dc    0x8  Data  Gb  bsp_timer.o [1]
c6t_init                0x0800b73d   0x40  Code  Gb  c6t.o [1]
c6t_path0               0x0800c1cc    0x4  Data  Gb  c6t.o [1]
c6t_receive             0x0800b785   0x94  Code  Gb  c6t.o [1]
c6t_sendDone            0x0800b819    0xe  Code  Gb  c6t.o [1]
c6t_vars                0x20001440   0x30  Data  Gb  c6t.o [1]
calculateFrequency      0x08001959    0x6  Code  Gb  IEEE802154E.o [1]
changeIsSync            0x0800188d   0x24  Code  Gb  IEEE802154E.o [1]
changeState             0x0800195f   0x42  Code  Gb  IEEE802154E.o [1]
cinfo_init              0x0800b829   0x40  Code  Gb  cinfo.o [1]
cinfo_path0             0x08001b42    0x2  Data  Gb  cinfo.o [1]
cinfo_receive           0x0800b869   0xfc  Code  Gb  cinfo.o [1]
cinfo_sendDone          0x0800b97d    0xe  Code  Gb  cinfo.o [1]
cinfo_vars              0x20001470   0x30  Data  Gb  cinfo.o [1]
cleds__init             0x0800b98d   0x38  Code  Gb  cleds.o [1]
cleds_path0             0x080050c6    0x2  Data  Gb  cleds.o [1]
cleds_receive           0x0800b9cd   0x8a  Code  Gb  cleds.o [1]
cleds_sendDone          0x0800ba59    0xe  Code  Gb  cleds.o [1]
cleds_vars              0x200014a0   0x30  Data  Gb  cleds.o [1]
containsControlBits     0x0800a9c3   0x94  Code  Gb  opentcp.o [1]
crcIteration            0x08005f01   0x20  Code  Gb  openhdlc.o [1]
cstorm_init             0x0800ba69   0x38  Code  Gb  cstorm.o [1]
cstorm_path0            0x0800c1b4    0x8  Data  Gb  cstorm.o [1]
cstorm_receive          0x0800baa1   0x9a  Code  Gb  cstorm.o [1]
cstorm_sendDone         0x0800bb45    0xe  Code  Gb  cstorm.o [1]
cstorm_vars             0x200013d8   0x34  Data  Gb  cstorm.o [1]
cwellknown_init         0x0800bb55   0x40  Code  Gb  cwellknown.o [1]
cwellknown_path0        0x0800c19c    0xc  Data  Gb  cwellknown.o [1]
cwellknown_path1        0x0800c1bc    0x8  Data  Gb  cwellknown.o [1]
cwellknown_receive      0x0800bba1   0x54  Code  Gb  cwellknown.o [1]
cwellknown_sendDone     0x0800bbf5    0xe  Code  Gb  cwellknown.o [1]
cwellknown_vars         0x200014d0   0x30  Data  Gb  cwellknown.o [1]
debugPrint_asn          0x080004cf   0x34  Code  Gb  IEEE802154E.o [1]
debugPrint_backoff      0x08004be1   0x28  Code  Gb  schedule.o [1]
debugPrint_id           0x08001e39   0x70  Code  Gb  idmanager.o [1]
debugPrint_isSync       0x08000503   0x20  Code  Gb  IEEE802154E.o [1]
debugPrint_kaPeriod     0x08006bc5   0x1a  Code  Gb  sixtop.o [1]
debugPrint_macStats     0x08000523   0x12  Code  Gb  IEEE802154E.o [1]
debugPrint_myDAGrank    0x08006ba7   0x1e  Code  Gb  sixtop.o [1]
debugPrint_neighbors    0x08004539   0x4e  Code  Gb  neighbors.o [1]
debugPrint_outBufferIndexes
                        0x080027f9   0x30  Code  Gb  openserial.o [1]
debugPrint_queue        0x08002aef   0x50  Code  Gb  openqueue.o [1]
debugPrint_schedule     0x08004aaf  0x132  Code  Gb  schedule.o [1]
debugpins_frame_clr     0x08004923    0xc  Code  Gb  debugpins.o [1]
debugpins_frame_toggle  0x08004917    0xc  Code  Gb  debugpins.o [1]
debugpins_fsm_clr       0x08004959    0xe  Code  Gb  debugpins.o [1]
debugpins_fsm_set       0x08004967    0xe  Code  Gb  debugpins.o [1]
debugpins_fsm_toggle    0x0800494b    0xe  Code  Gb  debugpins.o [1]
debugpins_init          0x0800487f   0x98  Code  Gb  debugpins.o [1]
debugpins_isr_clr       0x08004991    0xc  Code  Gb  debugpins.o [1]
debugpins_isr_set       0x0800499d    0xc  Code  Gb  debugpins.o [1]
debugpins_radio_clr     0x080049a9    0xc  Code  Gb  debugpins.o [1]
debugpins_radio_set     0x080049b5    0xc  Code  Gb  debugpins.o [1]
debugpins_slot_clr      0x0800493d    0xe  Code  Gb  debugpins.o [1]
debugpins_slot_toggle   0x0800492f    0xe  Code  Gb  debugpins.o [1]
debugpins_task_clr      0x08004975    0xe  Code  Gb  debugpins.o [1]
debugpins_task_set      0x08004983    0xe  Code  Gb  debugpins.o [1]
endSlot                 0x080019a1  0x124  Code  Gb  IEEE802154E.o [1]
eui64                   0x0807fff0    0x1  Data  Gb  eui64.o [1]
eui64_get               0x0800550d   0x34  Code  Gb  eui64.o [1]
exit                    0x0800c103    0x4  Code  Gb  exit.o [3]
fcstab                  0x0800bc04  0x200  Data  Lc  openhdlc.o [1]
forwarding_createFlowLabel
                        0x080092a5   0x36  Code  Gb  forwarding.o [1]
forwarding_createRplOption
                        0x08009287   0x1e  Code  Gb  forwarding.o [1]
forwarding_getNextHop   0x08008f8f   0x4c  Code  Gb  forwarding.o [1]
forwarding_init         0x08008d37    0x2  Code  Gb  forwarding.o [1]
forwarding_receive      0x08008e33  0x15c  Code  Gb  forwarding.o [1]
forwarding_send         0x08008d39   0x92  Code  Gb  forwarding.o [1]
forwarding_sendDone     0x08008dcb   0x68  Code  Gb  forwarding.o [1]
forwarding_send_internal_RoutingTable
                        0x08008fdb   0x4a  Code  Gb  forwarding.o [1]
forwarding_send_internal_SourceRouting
                        0x08009025  0x262  Code  Gb  forwarding.o [1]
icmpv6_init             0x08007c79    0x2  Code  Gb  icmpv6.o [1]
icmpv6_receive          0x08007cd3   0x40  Code  Gb  icmpv6.o [1]
icmpv6_send             0x08007c7b   0x14  Code  Gb  icmpv6.o [1]
icmpv6_sendDone         0x08007c8f   0x44  Code  Gb  icmpv6.o [1]
icmpv6echo_init         0x080092dd    0xe  Code  Gb  icmpv6echo.o [1]
icmpv6echo_receive      0x08009315   0xe4  Code  Gb  icmpv6echo.o [1]
icmpv6echo_sendDone     0x080092eb   0x2a  Code  Gb  icmpv6echo.o [1]
icmpv6echo_vars         0x20001584   0x14  Data  Gb  icmpv6echo.o [1]
icmpv6rpl_getRPLIntanceID
                        0x08005723    0xa  Code  Gb  icmpv6rpl.o [1]
icmpv6rpl_init          0x08005541  0x1b4  Code  Gb  icmpv6rpl.o [1]
icmpv6rpl_receive       0x08005759   0x8c  Code  Gb  icmpv6rpl.o [1]
icmpv6rpl_sendDone      0x0800572d   0x2c  Code  Gb  icmpv6rpl.o [1]
icmpv6rpl_timer_DAO_cb  0x08005919    0xe  Code  Gb  icmpv6rpl.o [1]
icmpv6rpl_timer_DAO_task
                        0x08005929   0x4e  Code  Gb  icmpv6rpl.o [1]
icmpv6rpl_timer_DIO_cb  0x080057e5    0xe  Code  Gb  icmpv6rpl.o [1]
icmpv6rpl_timer_DIO_task
                        0x080057f5   0x48  Code  Gb  icmpv6rpl.o [1]
icmpv6rpl_vars          0x2000133c   0x54  Data  Gb  icmpv6rpl.o [1]
icmpv6rpl_writeDODAGid  0x080056f5   0x2e  Code  Gb  icmpv6rpl.o [1]
idmanager_getIsDAGroot  0x08001ba5   0x16  Code  Gb  idmanager.o [1]
idmanager_getMyID       0x08001bd5   0x56  Code  Gb  idmanager.o [1]
idmanager_init          0x08001b45   0x60  Code  Gb  idmanager.o [1]
idmanager_isMyAddress   0x08001cab   0xdc  Code  Gb  idmanager.o [1]
idmanager_setIsDAGroot  0x08001bbb   0x1a  Code  Gb  idmanager.o [1]
idmanager_setMyID       0x08001c2b   0x80  Code  Gb  idmanager.o [1]
idmanager_triggerAboutRoot
                        0x08001d87   0xb2  Code  Gb  idmanager.o [1]
idmanager_vars          0x20001390   0x48  Data  Gb  idmanager.o [1]
ieee154e_asnDiff        0x08000203   0x86  Code  Gb  IEEE802154E.o [1]
ieee154e_dbg            0x200015e4    0x8  Data  Gb  IEEE802154E.o [1]
ieee154e_endOfFrame     0x0800044d   0x82  Code  Gb  IEEE802154E.o [1]
ieee154e_getAsn         0x080016ed   0x42  Code  Gb  IEEE802154E.o [1]
ieee154e_init           0x08000189   0x7a  Code  Gb  IEEE802154E.o [1]
ieee154e_isSynch        0x08001ac5    0x6  Code  Gb  IEEE802154E.o [1]
ieee154e_processIEs     0x080007f7  0x1d0  Code  Gb  IEEE802154E.o [1]
ieee154e_startOfFrame   0x080003c5   0x86  Code  Gb  IEEE802154E.o [1]
ieee154e_stats          0x20001598   0x10  Data  Gb  IEEE802154E.o [1]
ieee154e_vars           0x20001530   0x2c  Data  Gb  IEEE802154E.o [1]
ieee802154_prependHeader
                        0x080033ff  0x10c  Code  Gb  IEEE802154.o [1]
ieee802154_retrieveHeader
                        0x0800350b  0x1f6  Code  Gb  IEEE802154.o [1]
incrementAsnOffset      0x08001667   0x86  Code  Gb  IEEE802154E.o [1]
infoBoardname           0x0800c128   0x10  Data  Lc  cinfo.o [1]
infoRadioName           0x0800c184    0xc  Data  Lc  cinfo.o [1]
infoStackName           0x0800c190    0xc  Data  Lc  cinfo.o [1]
infouCName              0x0800c178    0xc  Data  Lc  cinfo.o [1]
inputHdlcClose          0x08002951   0x20  Code  Gb  openserial.o [1]
inputHdlcOpen           0x080028f7   0x10  Code  Gb  openserial.o [1]
inputHdlcWrite          0x08002907   0x4a  Code  Gb  openserial.o [1]
ipAddr_ringmaster       0x0800c148   0x10  Data  Lc  rrt.o [1]
iphc_init               0x08008045    0x2  Code  Gb  iphc.o [1]
iphc_prependIPv6Header  0x0800829b  0x2f0  Code  Gb  iphc.o [1]
iphc_receive            0x08008235   0x66  Code  Gb  iphc.o [1]
iphc_retrieveIPv6Header
                        0x0800858b  0x37c  Code  Gb  iphc.o [1]
iphc_retrieveIPv6HopByHopHeader
                        0x08008907    0x2  Code  Gb  iphc.o [1]
iphc_sendDone           0x0800820d   0x28  Code  Gb  iphc.o [1]
iphc_sendFromBridge     0x080081e5   0x28  Code  Gb  iphc.o [1]
iphc_sendFromForwarding
                        0x08008047  0x19e  Code  Gb  iphc.o [1]
isNeighbor              0x08004717   0x2a  Code  Gb  neighbors.o [1]
isThisRowMatching       0x08004801   0x4e  Code  Gb  neighbors.o [1]
isValidAck              0x0800161b   0x4c  Code  Gb  IEEE802154E.o [1]
isValidRxFrame          0x080015cf   0x4c  Code  Gb  IEEE802154E.o [1]
isr_ieee154e_newSlot    0x08000289   0x3e  Code  Gb  IEEE802154E.o [1]
isr_ieee154e_timer      0x080002c9   0xfc  Code  Gb  IEEE802154E.o [1]
isr_openserial_rx       0x080029e5   0xb8  Code  Gb  openserial.o [1]
isr_openserial_tx       0x08002971   0x74  Code  Gb  openserial.o [1]
joinPriorityStoreFromAdv
                        0x0800172f   0x18  Code  Gb  IEEE802154E.o [1]
leds_debug_off          0x080053e5    0xe  Code  Gb  leds.o [1]
leds_debug_on           0x080053d7    0xe  Code  Gb  leds.o [1]
leds_error_blink        0x0800538d   0x16  Code  Gb  leds.o [1]
leds_error_isOn         0x08005379   0x14  Code  Gb  leds.o [1]
leds_error_off          0x08005361    0xc  Code  Gb  leds.o [1]
leds_error_on           0x08005355    0xc  Code  Gb  leds.o [1]
leds_error_toggle       0x0800536d    0xc  Code  Gb  leds.o [1]
leds_init               0x0800532d   0x28  Code  Gb  leds.o [1]
leds_radio_off          0x080053af    0xc  Code  Gb  leds.o [1]
leds_radio_on           0x080053a3    0xc  Code  Gb  leds.o [1]
leds_sync_off           0x080053c9    0xe  Code  Gb  leds.o [1]
leds_sync_on            0x080053bb    0xe  Code  Gb  leds.o [1]
main                    0x08007b85    0x8  Code  Gb  board.o [1]
mote_main               0x08008965   0x16  Code  Gb  03oos_openwsn.o [1]
neighbors_getKANeighbor
                        0x08003dd7   0x84  Code  Gb  neighbors.o [1]
neighbors_getMyDAGrank  0x08003cb5    0xa  Code  Gb  neighbors.o [1]
neighbors_getNeighbor   0x08004379   0x4a  Code  Gb  neighbors.o [1]
neighbors_getPreferredParentEui64
                        0x08003cbf  0x118  Code  Gb  neighbors.o [1]
neighbors_indicateRx    0x08003f55  0x20a  Code  Gb  neighbors.o [1]
neighbors_indicateRxDIO
                        0x08004293   0xe6  Code  Gb  neighbors.o [1]
neighbors_indicateTx    0x0800415f  0x134  Code  Gb  neighbors.o [1]
neighbors_init          0x08003c7d   0x38  Code  Gb  neighbors.o [1]
neighbors_isNeighborWithHigherDAGrank
                        0x08003f15   0x40  Code  Gb  neighbors.o [1]
neighbors_isPreferredParent
                        0x08003ec7   0x4e  Code  Gb  neighbors.o [1]
neighbors_isStableNeighbor
                        0x08003e5b   0x6c  Code  Gb  neighbors.o [1]
neighbors_removeOld     0x080044f3   0x46  Code  Gb  neighbors.o [1]
neighbors_updateMyDAGrankAndNeighborPreference
                        0x080043c3  0x130  Code  Gb  neighbors.o [1]
neighbors_vars          0x20000f44  0x15c  Data  Gb  neighbors.o [1]
notif_receive           0x080018df   0x2c  Code  Gb  IEEE802154E.o [1]
notif_sendDone          0x080018b1   0x2e  Code  Gb  IEEE802154E.o [1]
onesComplementSum       0x08003381   0x40  Code  Gb  packetfunctions.o [1]
openapps_init           0x0800b305   0x24  Code  Gb  openapps.o [1]
openbridge_init         0x080075e1    0x2  Code  Gb  openbridge.o [1]
openbridge_receive      0x080076cf   0x54  Code  Gb  openbridge.o [1]
openbridge_sendDone     0x080076ab   0x24  Code  Gb  openbridge.o [1]
openbridge_triggerData  0x080075e3   0xc8  Code  Gb  openbridge.o [1]
opencoap_init           0x0800ad29   0x16  Code  Gb  opencoap.o [1]
opencoap_receive        0x0800ad3f  0x3d6  Code  Gb  opencoap.o [1]
opencoap_register       0x0800b1ff   0x26  Code  Gb  opencoap.o [1]
opencoap_send           0x0800b225   0xdc  Code  Gb  opencoap.o [1]
opencoap_sendDone       0x0800b115   0x54  Code  Gb  opencoap.o [1]
opencoap_vars           0x200015ec    0x8  Data  Gb  opencoap.o [1]
opencoap_writeLinks     0x0800b169   0x96  Code  Gb  opencoap.o [1]
openqueue_freePacketBuffer
                        0x08002bb5   0x70  Code  Gb  openqueue.o [1]
openqueue_getFreePacketBuffer
                        0x08002b3f   0x76  Code  Gb  openqueue.o [1]
openqueue_init          0x08002acd   0x22  Code  Gb  openqueue.o [1]
openqueue_macGetAdvPacket
                        0x08002e11   0x66  Code  Gb  openqueue.o [1]
openqueue_macGetDataPacket
                        0x08002d45   0xcc  Code  Gb  openqueue.o [1]
openqueue_removeAllCreatedBy
                        0x08002c25   0x40  Code  Gb  openqueue.o [1]
openqueue_removeAllOwnedBy
                        0x08002c65   0x40  Code  Gb  openqueue.o [1]
openqueue_reset_entry   0x08002e7d   0x3a  Code  Gb  openqueue.o [1]
openqueue_sixtopGetReceivedPacket
                        0x08002cf5   0x50  Code  Gb  openqueue.o [1]
openqueue_sixtopGetSentPacket
                        0x08002ca5   0x50  Code  Gb  openqueue.o [1]
openqueue_vars          0x20000408  0x960  Data  Gb  openqueue.o [1]
openrandom_get16b       0x08007967   0x3e  Code  Gb  openrandom.o [1]
openrandom_init         0x08007931   0x36  Code  Gb  openrandom.o [1]
openserial_echo         0x08002a9d   0x24  Code  Gb  openserial.o [1]
openserial_getInputBuffer
                        0x0800253f   0x5c  Code  Gb  openserial.o [1]
openserial_getNumDataBytes
                        0x08002525   0x1a  Code  Gb  openserial.o [1]
openserial_init         0x08002265   0xbe  Code  Gb  openserial.o [1]
openserial_printCritical
                        0x080024ed   0x38  Code  Gb  openserial.o [1]
openserial_printData    0x08002415   0x8c  Code  Gb  openserial.o [1]
openserial_printError   0x080024c5   0x28  Code  Gb  openserial.o [1]
openserial_printInfo    0x080024a1   0x24  Code  Gb  openserial.o [1]
openserial_printInfoErrorCritical
                        0x0800238b   0x8a  Code  Gb  openserial.o [1]
openserial_printStatus  0x08002323   0x68  Code  Gb  openserial.o [1]
openserial_startInput   0x0800259b   0x76  Code  Gb  openserial.o [1]
openserial_startOutput  0x08002611  0x116  Code  Gb  openserial.o [1]
openserial_stop         0x08002727   0xd2  Code  Gb  openserial.o [1]
openserial_vars         0x20000d68  0x1dc  Data  Gb  openserial.o [1]
openstack_init          0x08009d99   0x60  Code  Gb  openstack.o [1]
opentcp_close           0x0800a839   0x92  Code  Gb  opentcp.o [1]
opentcp_init            0x08009e3d   0x1a  Code  Gb  opentcp.o [1]
opentcp_receive         0x0800a0a3  0x796  Code  Gb  opentcp.o [1]
opentcp_reset           0x0800aa57   0x34  Code  Gb  opentcp.o [1]
opentcp_send            0x08009e57   0xba  Code  Gb  opentcp.o [1]
opentcp_sendDone        0x08009f11  0x192  Code  Gb  opentcp.o [1]
opentcp_timer_cb        0x0800aadd    0xc  Code  Gb  opentcp.o [1]
opentimers_init         0x08006279   0x84  Code  Gb  opentimers.o [1]
opentimers_restart      0x08006597   0x12  Code  Gb  opentimers.o [1]
opentimers_setPeriod    0x080064c5   0xc0  Code  Gb  opentimers.o [1]
opentimers_start        0x080062fd  0x1c8  Code  Gb  opentimers.o [1]
opentimers_stop         0x08006585   0x12  Code  Gb  opentimers.o [1]
opentimers_timer_callback
                        0x080065a9  0x20c  Code  Gb  opentimers.o [1]
opentimers_vars         0x200011f0   0xcc  Data  Gb  opentimers.o [1]
openudp_init            0x0800aaf5    0x2  Code  Gb  openudp.o [1]
openudp_receive         0x0800ab9d  0x14e  Code  Gb  openudp.o [1]
openudp_send            0x0800aaf7   0x4c  Code  Gb  openudp.o [1]
openudp_sendDone        0x0800ab43   0x5a  Code  Gb  openudp.o [1]
otf_addCell_task        0x08008929   0x1e  Code  Gb  otf.o [1]
otf_notif_addedCell     0x08008909    0xe  Code  Gb  otf.o [1]
otf_notif_removedCell   0x08008917    0xe  Code  Gb  otf.o [1]
otf_removeCell_task     0x08008949   0x1c  Code  Gb  otf.o [1]
outputHdlcClose         0x080028b7   0x40  Code  Gb  openserial.o [1]
outputHdlcOpen          0x08002829   0x2a  Code  Gb  openserial.o [1]
outputHdlcWrite         0x08002853   0x64  Code  Gb  openserial.o [1]
packetfunctions_calculateChecksum
                        0x080032db   0xa6  Code  Gb  packetfunctions.o [1]
packetfunctions_htonl   0x080033d9   0x10  Code  Gb  packetfunctions.o [1]
packetfunctions_htons   0x080033c1    0xc  Code  Gb  packetfunctions.o [1]
packetfunctions_ip128bToMac64b
                        0x08002eb7   0x5a  Code  Gb  packetfunctions.o [1]
packetfunctions_isAllRoutersMulticast
                        0x08003045   0x70  Code  Gb  packetfunctions.o [1]
packetfunctions_isBroadcastMulticast
                        0x08002fe1   0x64  Code  Gb  packetfunctions.o [1]
packetfunctions_mac16bToMac64b
                        0x08002f9b   0x46  Code  Gb  packetfunctions.o [1]
packetfunctions_mac64bToIp128b
                        0x08002f11   0x5c  Code  Gb  packetfunctions.o [1]
packetfunctions_mac64bToMac16b
                        0x08002f6d   0x2e  Code  Gb  packetfunctions.o [1]
packetfunctions_ntohl   0x080033e9   0x16  Code  Gb  packetfunctions.o [1]
packetfunctions_ntohs   0x080033cd    0xc  Code  Gb  packetfunctions.o [1]
packetfunctions_readAddress
                        0x0800311d   0x96  Code  Gb  packetfunctions.o [1]
packetfunctions_reserveFooterSize
                        0x08003297   0x22  Code  Gb  packetfunctions.o [1]
packetfunctions_reserveHeaderSize
                        0x0800323b   0x2e  Code  Gb  packetfunctions.o [1]
packetfunctions_sameAddress
                        0x080030b5   0x68  Code  Gb  packetfunctions.o [1]
packetfunctions_tossFooter
                        0x080032b9   0x22  Code  Gb  packetfunctions.o [1]
packetfunctions_tossHeader
                        0x08003269   0x2e  Code  Gb  packetfunctions.o [1]
packetfunctions_writeAddress
                        0x080031b3   0x88  Code  Gb  packetfunctions.o [1]
prependTCPHeader        0x0800a8d3   0xf0  Code  Gb  opentcp.o [1]
processIE_prependBandwidthIE
                        0x0800391f   0x60  Code  Gb  processIE.o [1]
processIE_prependMLMEIE
                        0x08003777   0x38  Code  Gb  processIE.o [1]
processIE_prependOpcodeIE
                        0x080038cd   0x52  Code  Gb  processIE.o [1]
processIE_prependSheduleIE
                        0x0800397f  0x12a  Code  Gb  processIE.o [1]
processIE_prependSlotframeLinkIE
                        0x080037fd   0xd0  Code  Gb  processIE.o [1]
processIE_prependSyncIE
                        0x080037af   0x4e  Code  Gb  processIE.o [1]
processIE_retrieveBandwidthIE
                        0x08003b7b   0x20  Code  Gb  processIE.o [1]
processIE_retrieveOpcodeIE
                        0x08003b65   0x16  Code  Gb  processIE.o [1]
processIE_retrieveSheduleIE
                        0x08003b9b   0xe2  Code  Gb  processIE.o [1]
processIE_retrieveSlotframeLinkIE
                        0x08003aa9   0xbc  Code  Gb  processIE.o [1]
radio_getReceivedFrame  0x0800207f   0x46  Code  Gb  radio.o [1]
radio_getTimerPeriod    0x08001f6d    0x8  Code  Gb  radio.o [1]
radio_getTimerValue     0x08001f57    0x8  Code  Gb  radio.o [1]
radio_init              0x08001ecd   0x58  Code  Gb  radio.o [1]
radio_isr               0x08002203   0x58  Code  Gb  radio.o [1]
radio_loadPacket        0x08001fc9   0x1e  Code  Gb  radio.o [1]
radio_rfOff             0x08001f95   0x34  Code  Gb  radio.o [1]
radio_rfOn              0x08001f93    0x2  Code  Gb  radio.o [1]
radio_rxEnable          0x0800204f   0x2e  Code  Gb  radio.o [1]
radio_rxNow             0x0800207d    0x2  Code  Gb  radio.o [1]
radio_setCompareCb      0x08001f31    0xc  Code  Gb  radio.o [1]
radio_setEndFrameCb     0x08001f43    0x6  Code  Gb  radio.o [1]
radio_setFrequency      0x08001f75   0x1e  Code  Gb  radio.o [1]
radio_setOverflowCb     0x08001f25    0xc  Code  Gb  radio.o [1]
radio_setStartFrameCb   0x08001f3d    0x6  Code  Gb  radio.o [1]
radio_setTimerPeriod    0x08001f5f    0xe  Code  Gb  radio.o [1]
radio_spiReadReg        0x080020f7   0x34  Code  Gb  radio.o [1]
radio_spiReadRxFifo     0x08002173   0x90  Code  Gb  radio.o [1]
radio_spiWriteReg       0x080020c5   0x32  Code  Gb  radio.o [1]
radio_spiWriteTxFifo    0x0800212b   0x48  Code  Gb  radio.o [1]
radio_startTimer        0x08001f49    0xe  Code  Gb  radio.o [1]
radio_txEnable          0x08001fe7   0x2e  Code  Gb  radio.o [1]
radio_txNow             0x08002015   0x3a  Code  Gb  radio.o [1]
radio_vars              0x200015b8    0xc  Data  Gb  radio.o [1]
radiotimer_cancel       0x08005287    0xa  Code  Gb  radiotimer.o [1]
radiotimer_compare_isr  0x080052bb   0x18  Code  Gb  radiotimer.o [1]
radiotimer_getCapturedTime
                        0x08005291    0xc  Code  Gb  radiotimer.o [1]
radiotimer_getPeriod    0x0800525f    0xc  Code  Gb  radiotimer.o [1]
radiotimer_getValue     0x08005237    0xc  Code  Gb  radiotimer.o [1]
radiotimer_init         0x08005199   0x44  Code  Gb  radiotimer.o [1]
radiotimer_overflow_isr
                        0x0800529d   0x1e  Code  Gb  radiotimer.o [1]
radiotimer_schedule     0x0800526b   0x1c  Code  Gb  radiotimer.o [1]
radiotimer_setCompareCb
                        0x080051e3    0x6  Code  Gb  radiotimer.o [1]
radiotimer_setOverflowCb
                        0x080051dd    0x6  Code  Gb  radiotimer.o [1]
radiotimer_setPeriod    0x08005243   0x1c  Code  Gb  radiotimer.o [1]
radiotimer_start        0x080051e9   0x4e  Code  Gb  radiotimer.o [1]
radiotimer_vars         0x200015f4    0x8  Data  Gb  radiotimer.o [1]
random_vars             0x200015fc    0x4  Data  Gb  openrandom.o [1]
registerNewNeighbor     0x08004587  0x190  Code  Gb  neighbors.o [1]
removeNeighbor          0x08004741   0xc0  Code  Gb  neighbors.o [1]
resetStats              0x0800190b   0x2c  Code  Gb  IEEE802154E.o [1]
rrt_init                0x0800b421   0x48  Code  Gb  rrt.o [1]
rrt_path0               0x0800c1d0    0x4  Data  Gb  rrt.o [1]
rrt_receive             0x0800b469  0x124  Code  Gb  rrt.o [1]
rrt_sendCoAPMsg         0x0800b633   0xee  Code  Gb  rrt.o [1]
rrt_sendDone            0x0800b72d    0xe  Code  Gb  rrt.o [1]
rrt_setGETRespMsg       0x0800b58d   0xa6  Code  Gb  rrt.o [1]
rrt_vars                0x2000140c   0x34  Data  Gb  rrt.o [1]
schedule_addActiveSlot  0x08004c69   0xec  Code  Gb  schedule.o [1]
schedule_advanceSlot    0x08004e45   0x1c  Code  Gb  schedule.o [1]
schedule_getChannelOffset
                        0x08004ed5   0x1a  Code  Gb  schedule.o [1]
schedule_getFrameLength
                        0x08004e7d   0x18  Code  Gb  schedule.o [1]
schedule_getNeighbor    0x08004eaf   0x26  Code  Gb  schedule.o [1]
schedule_getNextActiveSlotOffset
                        0x08004e61   0x1c  Code  Gb  schedule.o [1]
schedule_getOkToSend    0x08004eef   0x4e  Code  Gb  schedule.o [1]
schedule_getSlotInfo    0x08004c1f   0x4a  Code  Gb  schedule.o [1]
schedule_getType        0x08004e95   0x1a  Code  Gb  schedule.o [1]
schedule_indicateRx     0x08004f5b   0x3a  Code  Gb  schedule.o [1]
schedule_indicateTx     0x08004f95   0xe4  Code  Gb  schedule.o [1]
schedule_init           0x080049c9   0xe6  Code  Gb  schedule.o [1]
schedule_isSlotOffsetAvailable
                        0x08004ded   0x32  Code  Gb  schedule.o [1]
schedule_removeActiveSlot
                        0x08004d55   0x98  Code  Gb  schedule.o [1]
schedule_resetBackoff   0x08004f3d   0x1e  Code  Gb  schedule.o [1]
schedule_resetEntry     0x08005081   0x46  Code  Gb  schedule.o [1]
schedule_setFrameLength
                        0x08004c09   0x16  Code  Gb  schedule.o [1]
schedule_syncSlotOffset
                        0x08004e1f   0x26  Code  Gb  schedule.o [1]
schedule_vars           0x200010a0  0x150  Data  Gb  schedule.o [1]
scheduler_dbg           0x20001600    0x4  Data  Gb  scheduler.o [1]
scheduler_init          0x08005419   0x2a  Code  Gb  scheduler.o [1]
scheduler_push_task     0x08005483   0x7a  Code  Gb  scheduler.o [1]
scheduler_start         0x08005443   0x40  Code  Gb  scheduler.o [1]
scheduler_vars          0x200012bc   0x80  Data  Gb  scheduler.o [1]
sendDAO                 0x08005977  0x1e2  Code  Gb  icmpv6rpl.o [1]
sendDIO                 0x0800583d   0xda  Code  Gb  icmpv6rpl.o [1]
sixtop_addCells         0x08006825  0x106  Code  Gb  sixtop.o [1]
sixtop_addCellsByState  0x08007431   0xba  Code  Gb  sixtop.o [1]
sixtop_areAvailableCellsToBeScheduled
                        0x08007531   0xb0  Code  Gb  sixtop.o [1]
sixtop_candidateAddCellList
                        0x08007309   0x90  Code  Gb  sixtop.o [1]
sixtop_candidateRemoveCellList
                        0x08007399   0x98  Code  Gb  sixtop.o [1]
sixtop_init             0x080067b9   0x6c  Code  Gb  sixtop.o [1]
sixtop_linkResponse     0x08007183   0xd6  Code  Gb  sixtop.o [1]
sixtop_maintenance_timer_cb
                        0x08006c61    0xe  Code  Gb  sixtop.o [1]
sixtop_notifyReceiveCommand
                        0x080070ab   0x66  Code  Gb  sixtop.o [1]
sixtop_notifyReceiveLinkRequest
                        0x08007111   0x72  Code  Gb  sixtop.o [1]
sixtop_notifyReceiveLinkResponse
                        0x08007259   0x70  Code  Gb  sixtop.o [1]
sixtop_notifyReceiveRemoveLinkRequest
                        0x080072c9   0x3a  Code  Gb  sixtop.o [1]
sixtop_processIEs       0x08006f01  0x1aa  Code  Gb  sixtop.o [1]
sixtop_removeCell       0x0800692b   0xea  Code  Gb  sixtop.o [1]
sixtop_removeCellsByState
                        0x080074eb   0x46  Code  Gb  sixtop.o [1]
sixtop_send             0x08006a15   0x2e  Code  Gb  sixtop.o [1]
sixtop_sendEB           0x08006cbd   0x90  Code  Gb  sixtop.o [1]
sixtop_sendKA           0x08006d4d   0x80  Code  Gb  sixtop.o [1]
sixtop_send_internal    0x08006bdf   0x80  Code  Gb  sixtop.o [1]
sixtop_six2six_sendDone
                        0x08006dd7  0x12a  Code  Gb  sixtop.o [1]
sixtop_timeout_timer_cb
                        0x08006c71    0xe  Code  Gb  sixtop.o [1]
sixtop_vars             0x200015c4    0xc  Data  Gb  sixtop.o [1]
spi_init                0x08005cbf  0x132  Code  Gb  spi.o [1]
spi_isr                 0x08005efd    0x2  Code  Gb  spi.o [1]
spi_txrx                0x08005df1   0xf6  Code  Gb  spi.o [1]
spi_vars                0x200015a8   0x10  Data  Gb  spi.o [1]
synchronizeAck          0x08001837   0x56  Code  Gb  IEEE802154E.o [1]
synchronizePacket       0x080017b1   0x86  Code  Gb  IEEE802154E.o [1]
task_sixtopNotifReceive
                        0x08006af7   0xb0  Code  Gb  sixtop.o [1]
task_sixtopNotifSendDone
                        0x08006a43   0xb4  Code  Gb  sixtop.o [1]
tcp_change_state        0x0800aa8b   0x50  Code  Gb  opentcp.o [1]
tcp_vars                0x20001500   0x30  Data  Gb  opentcp.o [1]
techo_connectDone       0x0800b383    0x2  Code  Gb  techo.o [1]
techo_init              0x0800b329    0x2  Code  Gb  techo.o [1]
techo_receive           0x0800b32f   0x2c  Code  Gb  techo.o [1]
techo_sendDone          0x0800b35b   0x28  Code  Gb  techo.o [1]
techo_shouldIlisten     0x0800b32b    0x4  Code  Gb  techo.o [1]
timer_sixtop_management_fired
                        0x08006c81   0x3c  Code  Gb  sixtop.o [1]
timer_sixtop_six2six_timeout_fired
                        0x08006dcd    0xa  Code  Gb  sixtop.o [1]
timers_tcp_fired        0x0800a8cb    0x8  Code  Gb  opentcp.o [1]
topology_isAcceptablePacket
                        0x08007787    0x6  Code  Gb  topology.o [1]
uart_clearRxInterrupts  0x080061e7    0x2  Code  Gb  uart.o [1]
uart_clearTxInterrupts  0x080061e9    0x2  Code  Gb  uart.o [1]
uart_disableInterrupts  0x080061d7   0x10  Code  Gb  uart.o [1]
uart_enableInterrupts   0x080061cd    0xa  Code  Gb  uart.o [1]
uart_init               0x080060a3  0x116  Code  Gb  uart.o [1]
uart_readByte           0x0800623b   0x10  Code  Gb  uart.o [1]
uart_rx_isr             0x08006257    0xc  Code  Gb  uart.o [1]
uart_setCallbacks       0x080061b9   0x14  Code  Gb  uart.o [1]
uart_tx_isr             0x0800624b    0xc  Code  Gb  uart.o [1]
uart_vars               0x200015d0    0xc  Data  Gb  uart.o [1]
uart_writeByte          0x080061eb   0x50  Code  Gb  uart.o [1]
uecho_init              0x0800b385    0x2  Code  Gb  uecho.o [1]
uecho_receive           0x0800b387   0x8c  Code  Gb  uecho.o [1]
uecho_sendDone          0x0800b413    0xe  Code  Gb  uecho.o [1]
updateStats             0x08001937   0x22  Code  Gb  IEEE802154E.o [1]


[1] = E:\openwsn\openwsn-fw\projects\openmotestmL4\openwsn\EWARM\STM32L476RG_NUCLEO\Obj
[2] = command line
[3] = dl7M_tln.a
[4] = m7M_tls.a
[5] = rt7M_tl.a
[6] = shb_l.a

  49 172 bytes of readonly  code memory
     752 bytes of readonly  data memory
   5 632 bytes of readwrite data memory (+ 1 absolute)

Errors: none
Warnings: none
