###############################################################################
#
# IAR ELF Linker V7.50.3.10732/W32 for ARM                14/Feb/2019  11:55:01
# Copyright 2007-2016 IAR Systems AB.
#
#    Output file  =  
#        E:\openwsn\openwsn-fw\projects\openmotestmL4\bspspi\EWARM\STM32L476RG_NUCLEO\Exe\Project.out
#    Map file     =  
#        E:\openwsn\openwsn-fw\projects\openmotestmL4\bspspi\EWARM\STM32L476RG_NUCLEO\List\Project.map
#    Command line =  
#        E:\openwsn\openwsn-fw\projects\openmotestmL4\bspspi\EWARM\STM32L476RG_NUCLEO\Obj\01bsp_spi.o
#        E:\openwsn\openwsn-fw\projects\openmotestmL4\bspspi\EWARM\STM32L476RG_NUCLEO\Obj\board.o
#        E:\openwsn\openwsn-fw\projects\openmotestmL4\bspspi\EWARM\STM32L476RG_NUCLEO\Obj\bsp_timer.o
#        E:\openwsn\openwsn-fw\projects\openmotestmL4\bspspi\EWARM\STM32L476RG_NUCLEO\Obj\debugpins.o
#        E:\openwsn\openwsn-fw\projects\openmotestmL4\bspspi\EWARM\STM32L476RG_NUCLEO\Obj\eui64.o
#        E:\openwsn\openwsn-fw\projects\openmotestmL4\bspspi\EWARM\STM32L476RG_NUCLEO\Obj\gpio.o
#        E:\openwsn\openwsn-fw\projects\openmotestmL4\bspspi\EWARM\STM32L476RG_NUCLEO\Obj\leds.o
#        E:\openwsn\openwsn-fw\projects\openmotestmL4\bspspi\EWARM\STM32L476RG_NUCLEO\Obj\nvic.o
#        E:\openwsn\openwsn-fw\projects\openmotestmL4\bspspi\EWARM\STM32L476RG_NUCLEO\Obj\opentimers.o
#        E:\openwsn\openwsn-fw\projects\openmotestmL4\bspspi\EWARM\STM32L476RG_NUCLEO\Obj\radio.o
#        E:\openwsn\openwsn-fw\projects\openmotestmL4\bspspi\EWARM\STM32L476RG_NUCLEO\Obj\radiotimer.o
#        E:\openwsn\openwsn-fw\projects\openmotestmL4\bspspi\EWARM\STM32L476RG_NUCLEO\Obj\rcc.o
#        E:\openwsn\openwsn-fw\projects\openmotestmL4\bspspi\EWARM\STM32L476RG_NUCLEO\Obj\spi.o
#        E:\openwsn\openwsn-fw\projects\openmotestmL4\bspspi\EWARM\STM32L476RG_NUCLEO\Obj\startup_stm32l476xx.o
#        E:\openwsn\openwsn-fw\projects\openmotestmL4\bspspi\EWARM\STM32L476RG_NUCLEO\Obj\stm32l4xx_it.o
#        E:\openwsn\openwsn-fw\projects\openmotestmL4\bspspi\EWARM\STM32L476RG_NUCLEO\Obj\stm32l4xx_ll_adc.o
#        E:\openwsn\openwsn-fw\projects\openmotestmL4\bspspi\EWARM\STM32L476RG_NUCLEO\Obj\stm32l4xx_ll_comp.o
#        E:\openwsn\openwsn-fw\projects\openmotestmL4\bspspi\EWARM\STM32L476RG_NUCLEO\Obj\stm32l4xx_ll_crc.o
#        E:\openwsn\openwsn-fw\projects\openmotestmL4\bspspi\EWARM\STM32L476RG_NUCLEO\Obj\stm32l4xx_ll_crs.o
#        E:\openwsn\openwsn-fw\projects\openmotestmL4\bspspi\EWARM\STM32L476RG_NUCLEO\Obj\stm32l4xx_ll_dac.o
#        E:\openwsn\openwsn-fw\projects\openmotestmL4\bspspi\EWARM\STM32L476RG_NUCLEO\Obj\stm32l4xx_ll_dma.o
#        E:\openwsn\openwsn-fw\projects\openmotestmL4\bspspi\EWARM\STM32L476RG_NUCLEO\Obj\stm32l4xx_ll_dma2d.o
#        E:\openwsn\openwsn-fw\projects\openmotestmL4\bspspi\EWARM\STM32L476RG_NUCLEO\Obj\stm32l4xx_ll_exti.o
#        E:\openwsn\openwsn-fw\projects\openmotestmL4\bspspi\EWARM\STM32L476RG_NUCLEO\Obj\stm32l4xx_ll_gpio.o
#        E:\openwsn\openwsn-fw\projects\openmotestmL4\bspspi\EWARM\STM32L476RG_NUCLEO\Obj\stm32l4xx_ll_i2c.o
#        E:\openwsn\openwsn-fw\projects\openmotestmL4\bspspi\EWARM\STM32L476RG_NUCLEO\Obj\stm32l4xx_ll_lptim.o
#        E:\openwsn\openwsn-fw\projects\openmotestmL4\bspspi\EWARM\STM32L476RG_NUCLEO\Obj\stm32l4xx_ll_lpuart.o
#        E:\openwsn\openwsn-fw\projects\openmotestmL4\bspspi\EWARM\STM32L476RG_NUCLEO\Obj\stm32l4xx_ll_opamp.o
#        E:\openwsn\openwsn-fw\projects\openmotestmL4\bspspi\EWARM\STM32L476RG_NUCLEO\Obj\stm32l4xx_ll_pwr.o
#        E:\openwsn\openwsn-fw\projects\openmotestmL4\bspspi\EWARM\STM32L476RG_NUCLEO\Obj\stm32l4xx_ll_rcc.o
#        E:\openwsn\openwsn-fw\projects\openmotestmL4\bspspi\EWARM\STM32L476RG_NUCLEO\Obj\stm32l4xx_ll_rng.o
#        E:\openwsn\openwsn-fw\projects\openmotestmL4\bspspi\EWARM\STM32L476RG_NUCLEO\Obj\stm32l4xx_ll_rtc.o
#        E:\openwsn\openwsn-fw\projects\openmotestmL4\bspspi\EWARM\STM32L476RG_NUCLEO\Obj\stm32l4xx_ll_spi.o
#        E:\openwsn\openwsn-fw\projects\openmotestmL4\bspspi\EWARM\STM32L476RG_NUCLEO\Obj\stm32l4xx_ll_swpmi.o
#        E:\openwsn\openwsn-fw\projects\openmotestmL4\bspspi\EWARM\STM32L476RG_NUCLEO\Obj\stm32l4xx_ll_tim.o
#        E:\openwsn\openwsn-fw\projects\openmotestmL4\bspspi\EWARM\STM32L476RG_NUCLEO\Obj\stm32l4xx_ll_usart.o
#        E:\openwsn\openwsn-fw\projects\openmotestmL4\bspspi\EWARM\STM32L476RG_NUCLEO\Obj\stm32l4xx_ll_utils.o
#        E:\openwsn\openwsn-fw\projects\openmotestmL4\bspspi\EWARM\STM32L476RG_NUCLEO\Obj\system_stm32l4xx.o
#        -o
#        E:\openwsn\openwsn-fw\projects\openmotestmL4\bspspi\EWARM\STM32L476RG_NUCLEO\Exe\Project.out
#        --map
#        E:\openwsn\openwsn-fw\projects\openmotestmL4\bspspi\EWARM\STM32L476RG_NUCLEO\List\Project.map
#        --config
#        E:\openwsn\openwsn-fw\projects\openmotestmL4\bspspi\EWARM\stm32l476xx_flash.icf
#        --semihosting --entry __iar_program_start --vfe
#
###############################################################################

*******************************************************************************
*** RUNTIME MODEL ATTRIBUTES
***

CppFlavor       = *
__SystemLibrary = DLib


*******************************************************************************
*** PLACEMENT SUMMARY
***

"A1":  place at 0x08000000 { ro section .intvec };
"P1":  place in [from 0x08000000 to 0x080fffff] { ro };
"P2":  place in [from 0x20000000 to 0x20017fff] { rw, block CSTACK, block HEAP };

  Section            Kind        Address    Size  Object
  -------            ----        -------    ----  ------
"A1":                                      0x188
  .intvec            ro code  0x08000000   0x188  startup_stm32l476xx.o [1]
                            - 0x08000188   0x188

"P1":                                     0x1062
  .text              ro code  0x08000188   0x3b0  stm32l4xx_ll_tim.o [1]
  .text              ro code  0x08000538   0x256  spi.o [1]
  .text              ro code  0x08000790    0x60  stm32l4xx_ll_spi.o [1]
  .text              ro code  0x080007f0   0x138  stm32l4xx_ll_exti.o [1]
  .text              ro code  0x08000928   0x110  stm32l4xx_ll_gpio.o [1]
  .text              ro code  0x08000a38    0xda  board.o [1]
  .text              ro code  0x08000b14    0x38  01bsp_spi.o [1]
  .text              ro code  0x08000b4c    0x94  rcc.o [1]
  .text              ro code  0x08000be0    0x1c  nvic.o [1]
  .text              ro code  0x08000bfc    0x66  gpio.o [1]
  .text              ro code  0x08000c64    0x40  leds.o [1]
  .text              ro code  0x08000ca4    0x98  bsp_timer.o [1]
  .text              ro code  0x08000d3c    0x9a  radiotimer.o [1]
  .text              ro code  0x08000dd8    0xa4  debugpins.o [1]
  .text              ro code  0x08000e7c     0x6  ABImemclr4.o [5]
  .text              ro code  0x08000e84    0x28  stm32l4xx_ll_utils.o [1]
  .text              ro code  0x08000eac    0x32  ABImemset48.o [5]
  .text              ro code  0x08000ee0    0x90  stm32l4xx_it.o [1]
  .text              ro code  0x08000f70    0x4c  system_stm32l4xx.o [1]
  .text              ro code  0x08000fbc    0x38  packbits_init_single.o [5]
  .text              ro code  0x08000ff4    0x28  data_init.o [5]
  .text              ro code  0x0800101c    0x22  fpinit_M.o [4]
  .iar.init_table    const    0x08001040    0x10  - Linker created -
  .text              ro code  0x08001050    0x1a  cmain.o [5]
  .text              ro code  0x0800106a     0x4  low_level_init.o [3]
  .text              ro code  0x0800106e     0x4  exit.o [3]
  .text              ro code  0x08001074     0xa  cexit.o [5]
  .text              ro code  0x08001080    0x14  exit.o [6]
  .text              ro code  0x08001094    0x10  startup_stm32l476xx.o [1]
  .text              ro code  0x080010a4     0xc  cstartup_M.o [5]
  .text              ro code  0x080010b0     0x4  startup_stm32l476xx.o [1]
  .text              ro code  0x080010b4     0x4  startup_stm32l476xx.o [1]
  .text              ro code  0x080010b8     0x4  startup_stm32l476xx.o [1]
  .text              ro code  0x080010bc     0x4  startup_stm32l476xx.o [1]
  .text              ro code  0x080010c0     0x4  startup_stm32l476xx.o [1]
  .text              ro code  0x080010c4     0x4  startup_stm32l476xx.o [1]
  .text              ro code  0x080010c8     0x4  startup_stm32l476xx.o [1]
  .text              ro code  0x080010cc     0x4  startup_stm32l476xx.o [1]
  .text              ro code  0x080010d0     0x4  startup_stm32l476xx.o [1]
  .text              ro code  0x080010d4     0x4  startup_stm32l476xx.o [1]
  .text              ro code  0x080010d8     0x4  startup_stm32l476xx.o [1]
  .text              ro code  0x080010dc     0x4  startup_stm32l476xx.o [1]
  .text              ro code  0x080010e0     0x4  startup_stm32l476xx.o [1]
  .text              ro code  0x080010e4     0x4  startup_stm32l476xx.o [1]
  .text              ro code  0x080010e8     0x4  startup_stm32l476xx.o [1]
  .text              ro code  0x080010ec     0x4  startup_stm32l476xx.o [1]
  .text              ro code  0x080010f0     0x4  startup_stm32l476xx.o [1]
  .text              ro code  0x080010f4     0x4  startup_stm32l476xx.o [1]
  .text              ro code  0x080010f8     0x4  startup_stm32l476xx.o [1]
  .text              ro code  0x080010fc     0x4  startup_stm32l476xx.o [1]
  .text              ro code  0x08001100     0x4  startup_stm32l476xx.o [1]
  .text              ro code  0x08001104     0x4  startup_stm32l476xx.o [1]
  .text              ro code  0x08001108     0x4  startup_stm32l476xx.o [1]
  .text              ro code  0x0800110c     0x4  startup_stm32l476xx.o [1]
  .text              ro code  0x08001110     0x4  startup_stm32l476xx.o [1]
  .text              ro code  0x08001114     0x4  startup_stm32l476xx.o [1]
  .text              ro code  0x08001118     0x4  startup_stm32l476xx.o [1]
  .text              ro code  0x0800111c     0x4  startup_stm32l476xx.o [1]
  .text              ro code  0x08001120     0x4  startup_stm32l476xx.o [1]
  .text              ro code  0x08001124     0x4  startup_stm32l476xx.o [1]
  .text              ro code  0x08001128     0x4  startup_stm32l476xx.o [1]
  .text              ro code  0x0800112c     0x4  startup_stm32l476xx.o [1]
  .text              ro code  0x08001130     0x4  startup_stm32l476xx.o [1]
  .text              ro code  0x08001134     0x4  startup_stm32l476xx.o [1]
  .text              ro code  0x08001138     0x4  startup_stm32l476xx.o [1]
  .text              ro code  0x0800113c     0x4  startup_stm32l476xx.o [1]
  .text              ro code  0x08001140     0x4  startup_stm32l476xx.o [1]
  .text              ro code  0x08001144     0x4  startup_stm32l476xx.o [1]
  .text              ro code  0x08001148     0x4  startup_stm32l476xx.o [1]
  .text              ro code  0x0800114c     0x4  startup_stm32l476xx.o [1]
  .text              ro code  0x08001150     0x4  startup_stm32l476xx.o [1]
  .text              ro code  0x08001154     0x4  startup_stm32l476xx.o [1]
  .text              ro code  0x08001158     0x4  startup_stm32l476xx.o [1]
  .text              ro code  0x0800115c     0x4  startup_stm32l476xx.o [1]
  .text              ro code  0x08001160     0x4  startup_stm32l476xx.o [1]
  .text              ro code  0x08001164     0x4  startup_stm32l476xx.o [1]
  .text              ro code  0x08001168     0x4  startup_stm32l476xx.o [1]
  .text              ro code  0x0800116c     0x4  startup_stm32l476xx.o [1]
  .text              ro code  0x08001170     0x4  startup_stm32l476xx.o [1]
  .text              ro code  0x08001174     0x4  startup_stm32l476xx.o [1]
  .text              ro code  0x08001178     0x4  startup_stm32l476xx.o [1]
  .text              ro code  0x0800117c     0x4  startup_stm32l476xx.o [1]
  .text              ro code  0x08001180     0x4  startup_stm32l476xx.o [1]
  .text              ro code  0x08001184     0x4  startup_stm32l476xx.o [1]
  .text              ro code  0x08001188     0x4  startup_stm32l476xx.o [1]
  .text              ro code  0x0800118c     0x4  startup_stm32l476xx.o [1]
  .text              ro code  0x08001190     0x4  startup_stm32l476xx.o [1]
  .text              ro code  0x08001194     0x4  startup_stm32l476xx.o [1]
  .text              ro code  0x08001198     0x4  startup_stm32l476xx.o [1]
  .text              ro code  0x0800119c     0x4  startup_stm32l476xx.o [1]
  .text              ro code  0x080011a0     0x4  startup_stm32l476xx.o [1]
  .text              ro code  0x080011a4     0x4  startup_stm32l476xx.o [1]
  .text              ro code  0x080011a8     0x4  startup_stm32l476xx.o [1]
  .text              ro code  0x080011ac     0x4  startup_stm32l476xx.o [1]
  .text              ro code  0x080011b0     0x4  startup_stm32l476xx.o [1]
  .text              ro code  0x080011b4     0x4  startup_stm32l476xx.o [1]
  .text              ro code  0x080011b8     0x4  startup_stm32l476xx.o [1]
  .text              ro code  0x080011bc     0x4  startup_stm32l476xx.o [1]
  .text              ro code  0x080011c0     0x4  startup_stm32l476xx.o [1]
  .text              ro code  0x080011c4     0x4  startup_stm32l476xx.o [1]
  .text              ro code  0x080011c8     0x4  startup_stm32l476xx.o [1]
  .text              ro code  0x080011cc     0x4  startup_stm32l476xx.o [1]
  .text              ro code  0x080011d0     0x4  startup_stm32l476xx.o [1]
  .text              ro code  0x080011d4     0x4  startup_stm32l476xx.o [1]
  .text              ro code  0x080011d8     0x4  startup_stm32l476xx.o [1]
  .text              ro code  0x080011dc     0x4  startup_stm32l476xx.o [1]
  .text              ro code  0x080011e0     0x4  startup_stm32l476xx.o [1]
  .rodata            const    0x080011e4     0x0  packbits_init_single.o [5]
  Initializer bytes  const    0x080011e4     0x6  <for P2-1>
                            - 0x080011ea  0x1062

"P2", part 1 of 2:                          0x2c
  P2-1                        0x20000000    0x2c  <Init block>
    .data            inited   0x20000000     0x4  system_stm32l4xx.o [1]
    .bss             inited   0x20000004     0x8  01bsp_spi.o [1]
    .bss             inited   0x2000000c     0x8  bsp_timer.o [1]
    .bss             inited   0x20000014     0x8  radiotimer.o [1]
    .bss             inited   0x2000001c    0x10  spi.o [1]
                            - 0x2000002c    0x2c

"P2", part 2 of 2:                         0x400
  CSTACK                      0x20000030   0x400  <Block>
    CSTACK           uninit   0x20000030   0x400  <Block tail>
                            - 0x20000430   0x400


*******************************************************************************
*** INIT TABLE
***

          Address     Size
          -------     ----
Copy/packbits (__iar_packbits_init_single3)
    1 source range, total size 0x6 (13% of destination):
          0x080011e4   0x6
    1 destination range, total size 0x2c:
          0x20000000  0x2c



*******************************************************************************
*** MODULE SUMMARY
***

    Module                  ro code  ro data  rw data
    ------                  -------  -------  -------
E:\openwsn\openwsn-fw\projects\openmotestmL4\bspspi\EWARM\STM32L476RG_NUCLEO\Obj: [1]
    01bsp_spi.o                  56        1        8
    board.o                     218
    bsp_timer.o                 152        1        8
    debugpins.o                 164
    gpio.o                      102
    leds.o                       64
    nvic.o                       28
    radiotimer.o                154        1        8
    rcc.o                       148
    spi.o                       598        3       16
    startup_stm32l476xx.o       716
    stm32l4xx_it.o              144
    stm32l4xx_ll_exti.o         312
    stm32l4xx_ll_gpio.o         272
    stm32l4xx_ll_spi.o           96
    stm32l4xx_ll_tim.o          944
    stm32l4xx_ll_utils.o         40
    system_stm32l4xx.o           76                 4
    -------------------------------------------------
    Total:                    4 284        6       44

command line: [2]
    -------------------------------------------------
    Total:

dl7M_tln.a: [3]
    exit.o                        4
    low_level_init.o              4
    -------------------------------------------------
    Total:                        8

m7M_tls.a: [4]
    fpinit_M.o                   34
    -------------------------------------------------
    Total:                       34

rt7M_tl.a: [5]
    ABImemclr4.o                  6
    ABImemset48.o                50
    cexit.o                      10
    cmain.o                      26
    cstartup_M.o                 12
    data_init.o                  40
    packbits_init_single.o       56
    -------------------------------------------------
    Total:                      200

shb_l.a: [6]
    exit.o                       20
    -------------------------------------------------
    Total:                       20

    Gaps                         16        2
    Linker created                        16    1 024
-----------------------------------------------------
    Grand Total:              4 562       24    1 068


*******************************************************************************
*** ENTRY LIST
***

Entry                      Address   Size  Type      Object
-----                      -------   ----  ----      ------
.iar.init_table$$Base   0x08001040          --   Gb  - Linker created -
.iar.init_table$$Limit  0x08001050          --   Gb  - Linker created -
?main                   0x08001051         Code  Gb  cmain.o [5]
BusFault_Handler        0x08000ee7    0x2  Code  Gb  stm32l4xx_it.o [1]
CSTACK$$Base            0x20000030          --   Gb  - Linker created -
CSTACK$$Limit           0x20000430          --   Gb  - Linker created -
DebugMon_Handler        0x08000eed    0x2  Code  Gb  stm32l4xx_it.o [1]
GPIO_Configuration      0x08000c19   0x30  Code  Gb  gpio.o [1]
HardFault_Handler       0x08000ee3    0x2  Code  Gb  stm32l4xx_it.o [1]
LL_AHB2_GRP1_EnableClock
                        0x08000bfd   0x16  Code  Lc  gpio.o [1]
LL_APB1_GRP1_EnableClock
                        0x08000d3d   0x16  Code  Lc  radiotimer.o [1]
LL_EXTI_Init            0x080007f1  0x130  Code  Gb  stm32l4xx_ll_exti.o [1]
LL_GPIO_Init            0x08000929   0xca  Code  Gb  stm32l4xx_ll_gpio.o [1]
LL_GPIO_SetAFPin_8_15   0x0800058f   0x24  Code  Lc  spi.o [1]
LL_GPIO_SetPinMode      0x08000539   0x10  Code  Lc  spi.o [1]
LL_GPIO_SetPinPull      0x08000571   0x10  Code  Lc  spi.o [1]
LL_GPIO_SetPinSpeed     0x08000549   0x10  Code  Lc  spi.o [1]
LL_Init1msTick          0x08000e85   0x18  Code  Gb  stm32l4xx_ll_utils.o [1]
LL_SPI_Init             0x08000791   0x54  Code  Gb  stm32l4xx_ll_spi.o [1]
LL_SetSystemCoreClock   0x08000e9d    0x6  Code  Gb  stm32l4xx_ll_utils.o [1]
LL_TIM_Init             0x08000189   0xa2  Code  Gb  stm32l4xx_ll_tim.o [1]
LL_TIM_OC_Init          0x0800022b  0x1bc  Code  Gb  stm32l4xx_ll_tim.o [1]
LPTIM1_IRQHandler       0x08000f23   0x2e  Code  Gb  stm32l4xx_it.o [1]
MemManage_Handler       0x08000ee5    0x2  Code  Gb  stm32l4xx_it.o [1]
NMI_Handler             0x08000ee1    0x2  Code  Gb  stm32l4xx_it.o [1]
NVIC_Configuration      0x08000be1   0x12  Code  Gb  nvic.o [1]
OC2Config               0x080003f3   0x7c  Code  Lc  stm32l4xx_ll_tim.o [1]
OC3Config               0x080004a1   0x92  Code  Lc  stm32l4xx_ll_tim.o [1]
PendSV_Handler          0x08000eef    0x2  Code  Gb  stm32l4xx_it.o [1]
RCC_Configuration       0x08000b4d   0x82  Code  Gb  rcc.o [1]
Region$$Table$$Base     0x08001040          --   Gb  - Linker created -
Region$$Table$$Limit    0x08001050          --   Gb  - Linker created -
SPI2_IRQHandler         0x08000f51    0xe  Code  Gb  stm32l4xx_it.o [1]
SVC_Handler             0x08000eeb    0x2  Code  Gb  stm32l4xx_it.o [1]
SysTick_Handler         0x08000ef1    0x2  Code  Gb  stm32l4xx_it.o [1]
SystemCoreClock         0x20000000    0x4  Data  Gb  system_stm32l4xx.o [1]
SystemInit              0x08000f71   0x3c  Code  Gb  system_stm32l4xx.o [1]
TIM1_UP_TIM16_IRQHandler
                        0x08000ef3   0x10  Code  Gb  stm32l4xx_it.o [1]
TIM2_IRQHandler         0x08000f03   0x20  Code  Gb  stm32l4xx_it.o [1]
UsageFault_Handler      0x08000ee9    0x2  Code  Gb  stm32l4xx_it.o [1]
__aeabi_memclr4         0x08000e7d         Code  Gb  ABImemclr4.o [5]
__cmain                 0x08001051         Code  Gb  cmain.o [5]
__exit                  0x08001081   0x14  Code  Gb  exit.o [6]
__iar_Memset4_word      0x08000ead         Code  Gb  ABImemset48.o [5]
__iar_Memset8_word      0x08000ead         Code  Gb  ABImemset48.o [5]
__iar_data_init3        0x08000ff5   0x28  Code  Gb  data_init.o [5]
__iar_init_vfp          0x0800101d         Code  Gb  fpinit_M.o [4]
__iar_packbits_init_single3
                        0x08000fbd   0x38  Code  Gb  packbits_init_single.o [5]
__iar_program_start     0x080010a5         Code  Gb  cstartup_M.o [5]
__low_level_init        0x0800106b    0x4  Code  Gb  low_level_init.o [3]
__vector_table          0x08000000         Data  Gb  startup_stm32l476xx.o [1]
_call_main              0x0800105d         Code  Gb  cmain.o [5]
_exit                   0x08001075         Code  Gb  cexit.o [5]
_main                   0x08001067         Code  Gb  cmain.o [5]
app_vars                0x20000004    0x8  Data  Gb  01bsp_spi.o [1]
board_init              0x08000a3d   0xba  Code  Gb  board.o [1]
bsp_timer_init          0x08000ca5   0x80  Code  Gb  bsp_timer.o [1]
bsp_timer_isr           0x08000d25    0xc  Code  Gb  bsp_timer.o [1]
bsp_timer_vars          0x2000000c    0x8  Data  Gb  bsp_timer.o [1]
debugpins_init          0x08000dd9   0x76  Code  Gb  debugpins.o [1]
debugpins_isr_clr       0x08000e5f    0x4  Code  Gb  debugpins.o [1]
debugpins_isr_set       0x08000e63    0x2  Code  Gb  debugpins.o [1]
exit                    0x0800106f    0x4  Code  Gb  exit.o [3]
leds_init               0x08000c65   0x36  Code  Gb  leds.o [1]
main                    0x08000a39    0x4  Code  Gb  board.o [1]
mote_main               0x08000b15   0x38  Code  Gb  01bsp_spi.o [1]
radiotimer_compare_isr  0x08000dad   0x10  Code  Gb  radiotimer.o [1]
radiotimer_init         0x08000d53   0x44  Code  Gb  radiotimer.o [1]
radiotimer_overflow_isr
                        0x08000d97   0x16  Code  Gb  radiotimer.o [1]
radiotimer_vars         0x20000014    0x8  Data  Gb  radiotimer.o [1]
spi_init                0x080005b3  0x124  Code  Gb  spi.o [1]
spi_isr                 0x0800078d    0x2  Code  Gb  spi.o [1]
spi_txrx                0x080006eb   0x8a  Code  Gb  spi.o [1]
spi_vars                0x2000001c   0x10  Data  Gb  spi.o [1]


[1] = E:\openwsn\openwsn-fw\projects\openmotestmL4\bspspi\EWARM\STM32L476RG_NUCLEO\Obj
[2] = command line
[3] = dl7M_tln.a
[4] = m7M_tls.a
[5] = rt7M_tl.a
[6] = shb_l.a

  4 562 bytes of readonly  code memory
     24 bytes of readonly  data memory
  1 068 bytes of readwrite data memory

Errors: none
Warnings: none
