###############################################################################
#
# IAR ELF Linker V7.50.3.10732/W32 for ARM                14/Feb/2019  20:33:08
# Copyright 2007-2016 IAR Systems AB.
#
#    Output file  =  
#        E:\openwsn\openwsn-fw\projects\openmotestmL4\bspuart\EWARM\STM32L476RG_NUCLEO\Exe\Project.out
#    Map file     =  
#        E:\openwsn\openwsn-fw\projects\openmotestmL4\bspuart\EWARM\STM32L476RG_NUCLEO\List\Project.map
#    Command line =  
#        E:\openwsn\openwsn-fw\projects\openmotestmL4\bspuart\EWARM\STM32L476RG_NUCLEO\Obj\01bsp_uart.o
#        E:\openwsn\openwsn-fw\projects\openmotestmL4\bspuart\EWARM\STM32L476RG_NUCLEO\Obj\board.o
#        E:\openwsn\openwsn-fw\projects\openmotestmL4\bspuart\EWARM\STM32L476RG_NUCLEO\Obj\bsp_timer.o
#        E:\openwsn\openwsn-fw\projects\openmotestmL4\bspuart\EWARM\STM32L476RG_NUCLEO\Obj\debugpins.o
#        E:\openwsn\openwsn-fw\projects\openmotestmL4\bspuart\EWARM\STM32L476RG_NUCLEO\Obj\eui64.o
#        E:\openwsn\openwsn-fw\projects\openmotestmL4\bspuart\EWARM\STM32L476RG_NUCLEO\Obj\gpio.o
#        E:\openwsn\openwsn-fw\projects\openmotestmL4\bspuart\EWARM\STM32L476RG_NUCLEO\Obj\leds.o
#        E:\openwsn\openwsn-fw\projects\openmotestmL4\bspuart\EWARM\STM32L476RG_NUCLEO\Obj\nvic.o
#        E:\openwsn\openwsn-fw\projects\openmotestmL4\bspuart\EWARM\STM32L476RG_NUCLEO\Obj\opentimers.o
#        E:\openwsn\openwsn-fw\projects\openmotestmL4\bspuart\EWARM\STM32L476RG_NUCLEO\Obj\radio.o
#        E:\openwsn\openwsn-fw\projects\openmotestmL4\bspuart\EWARM\STM32L476RG_NUCLEO\Obj\radiotimer.o
#        E:\openwsn\openwsn-fw\projects\openmotestmL4\bspuart\EWARM\STM32L476RG_NUCLEO\Obj\rcc.o
#        E:\openwsn\openwsn-fw\projects\openmotestmL4\bspuart\EWARM\STM32L476RG_NUCLEO\Obj\spi.o
#        E:\openwsn\openwsn-fw\projects\openmotestmL4\bspuart\EWARM\STM32L476RG_NUCLEO\Obj\startup_stm32l476xx.o
#        E:\openwsn\openwsn-fw\projects\openmotestmL4\bspuart\EWARM\STM32L476RG_NUCLEO\Obj\stm32l4xx_it.o
#        E:\openwsn\openwsn-fw\projects\openmotestmL4\bspuart\EWARM\STM32L476RG_NUCLEO\Obj\stm32l4xx_ll_adc.o
#        E:\openwsn\openwsn-fw\projects\openmotestmL4\bspuart\EWARM\STM32L476RG_NUCLEO\Obj\stm32l4xx_ll_comp.o
#        E:\openwsn\openwsn-fw\projects\openmotestmL4\bspuart\EWARM\STM32L476RG_NUCLEO\Obj\stm32l4xx_ll_crc.o
#        E:\openwsn\openwsn-fw\projects\openmotestmL4\bspuart\EWARM\STM32L476RG_NUCLEO\Obj\stm32l4xx_ll_crs.o
#        E:\openwsn\openwsn-fw\projects\openmotestmL4\bspuart\EWARM\STM32L476RG_NUCLEO\Obj\stm32l4xx_ll_dac.o
#        E:\openwsn\openwsn-fw\projects\openmotestmL4\bspuart\EWARM\STM32L476RG_NUCLEO\Obj\stm32l4xx_ll_dma.o
#        E:\openwsn\openwsn-fw\projects\openmotestmL4\bspuart\EWARM\STM32L476RG_NUCLEO\Obj\stm32l4xx_ll_dma2d.o
#        E:\openwsn\openwsn-fw\projects\openmotestmL4\bspuart\EWARM\STM32L476RG_NUCLEO\Obj\stm32l4xx_ll_exti.o
#        E:\openwsn\openwsn-fw\projects\openmotestmL4\bspuart\EWARM\STM32L476RG_NUCLEO\Obj\stm32l4xx_ll_gpio.o
#        E:\openwsn\openwsn-fw\projects\openmotestmL4\bspuart\EWARM\STM32L476RG_NUCLEO\Obj\stm32l4xx_ll_i2c.o
#        E:\openwsn\openwsn-fw\projects\openmotestmL4\bspuart\EWARM\STM32L476RG_NUCLEO\Obj\stm32l4xx_ll_lptim.o
#        E:\openwsn\openwsn-fw\projects\openmotestmL4\bspuart\EWARM\STM32L476RG_NUCLEO\Obj\stm32l4xx_ll_lpuart.o
#        E:\openwsn\openwsn-fw\projects\openmotestmL4\bspuart\EWARM\STM32L476RG_NUCLEO\Obj\stm32l4xx_ll_opamp.o
#        E:\openwsn\openwsn-fw\projects\openmotestmL4\bspuart\EWARM\STM32L476RG_NUCLEO\Obj\stm32l4xx_ll_pwr.o
#        E:\openwsn\openwsn-fw\projects\openmotestmL4\bspuart\EWARM\STM32L476RG_NUCLEO\Obj\stm32l4xx_ll_rcc.o
#        E:\openwsn\openwsn-fw\projects\openmotestmL4\bspuart\EWARM\STM32L476RG_NUCLEO\Obj\stm32l4xx_ll_rng.o
#        E:\openwsn\openwsn-fw\projects\openmotestmL4\bspuart\EWARM\STM32L476RG_NUCLEO\Obj\stm32l4xx_ll_rtc.o
#        E:\openwsn\openwsn-fw\projects\openmotestmL4\bspuart\EWARM\STM32L476RG_NUCLEO\Obj\stm32l4xx_ll_spi.o
#        E:\openwsn\openwsn-fw\projects\openmotestmL4\bspuart\EWARM\STM32L476RG_NUCLEO\Obj\stm32l4xx_ll_swpmi.o
#        E:\openwsn\openwsn-fw\projects\openmotestmL4\bspuart\EWARM\STM32L476RG_NUCLEO\Obj\stm32l4xx_ll_tim.o
#        E:\openwsn\openwsn-fw\projects\openmotestmL4\bspuart\EWARM\STM32L476RG_NUCLEO\Obj\stm32l4xx_ll_usart.o
#        E:\openwsn\openwsn-fw\projects\openmotestmL4\bspuart\EWARM\STM32L476RG_NUCLEO\Obj\stm32l4xx_ll_utils.o
#        E:\openwsn\openwsn-fw\projects\openmotestmL4\bspuart\EWARM\STM32L476RG_NUCLEO\Obj\system_stm32l4xx.o
#        E:\openwsn\openwsn-fw\projects\openmotestmL4\bspuart\EWARM\STM32L476RG_NUCLEO\Obj\uart.o
#        -o
#        E:\openwsn\openwsn-fw\projects\openmotestmL4\bspuart\EWARM\STM32L476RG_NUCLEO\Exe\Project.out
#        --map
#        E:\openwsn\openwsn-fw\projects\openmotestmL4\bspuart\EWARM\STM32L476RG_NUCLEO\List\Project.map
#        --config
#        E:\openwsn\openwsn-fw\projects\openmotestmL4\bspuart\EWARM\stm32l476xx_flash.icf
#        --semihosting --entry __iar_program_start --vfe
#
###############################################################################

*******************************************************************************
*** RUNTIME MODEL ATTRIBUTES
***

CppFlavor       = *
__SystemLibrary = DLib


*******************************************************************************
*** PLACEMENT SUMMARY
***

"A1":  place at 0x08000000 { ro section .intvec };
"P1":  place in [from 0x08000000 to 0x080fffff] { ro };
"P2":  place in [from 0x20000000 to 0x20017fff] { rw, block CSTACK, block HEAP };

  Section            Kind        Address    Size  Object
  -------            ----        -------    ----  ------
"A1":                                      0x188
  .intvec            ro code  0x08000000   0x188  startup_stm32l476xx.o [1]
                            - 0x08000188   0x188

"P1":                                     0x18ac
  .text              ro code  0x08000188   0x3b0  stm32l4xx_ll_tim.o [1]
  .text              ro code  0x08000538   0x274  stm32l4xx_ll_rcc.o [1]
  .text              ro code  0x080007ac   0x256  spi.o [1]
  .text              ro code  0x08000a04    0x60  stm32l4xx_ll_spi.o [1]
  .text              ro code  0x08000a64   0x1ec  uart.o [1]
  .text              ro code  0x08000c50    0xcc  stm32l4xx_ll_usart.o [1]
  .text              ro code  0x08000d1c    0xd8  nvic.o [1]
  .text              ro code  0x08000df4   0x138  stm32l4xx_ll_exti.o [1]
  .text              ro code  0x08000f2c   0x110  stm32l4xx_ll_gpio.o [1]
  .text              ro code  0x0800103c    0xf4  radio.o [1]
  .text              ro code  0x08001130    0xa6  radiotimer.o [1]
  .text              ro code  0x080011d8    0xe6  board.o [1]
  .text              ro code  0x080012c0    0x92  01bsp_uart.o [1]
  .text              ro code  0x08001354    0x94  rcc.o [1]
  .text              ro code  0x080013e8    0x66  gpio.o [1]
  .text              ro code  0x08001450    0x50  leds.o [1]
  .text              ro code  0x080014a0    0xdc  bsp_timer.o [1]
  .text              ro code  0x0800157c    0xa4  debugpins.o [1]
  .text              ro code  0x08001620     0x6  ABImemclr4.o [5]
  .text              ro code  0x08001628    0x28  stm32l4xx_ll_utils.o [1]
  .text              ro code  0x08001650    0x32  ABImemset48.o [5]
  .text              ro code  0x08001684    0xe4  stm32l4xx_it.o [1]
  .text              ro code  0x08001768    0x8c  system_stm32l4xx.o [1]
  .text              ro code  0x080017f4    0x38  packbits_init_single.o [5]
  .text              ro code  0x0800182c    0x28  data_init.o [5]
  .text              ro code  0x08001854    0x22  fpinit_M.o [4]
  .iar.init_table    const    0x08001878    0x10  - Linker created -
  .text              ro code  0x08001888    0x1a  cmain.o [5]
  .text              ro code  0x080018a2     0x4  low_level_init.o [3]
  .text              ro code  0x080018a6     0x4  exit.o [3]
  .text              ro code  0x080018ac     0xa  cexit.o [5]
  .text              ro code  0x080018b8    0x14  exit.o [6]
  .text              ro code  0x080018cc    0x10  startup_stm32l476xx.o [1]
  .text              ro code  0x080018dc     0xc  cstartup_M.o [5]
  .rodata            const    0x080018e8     0x8  system_stm32l4xx.o [1]
  .text              ro code  0x080018f0     0x4  startup_stm32l476xx.o [1]
  .text              ro code  0x080018f4     0x4  startup_stm32l476xx.o [1]
  .text              ro code  0x080018f8     0x4  startup_stm32l476xx.o [1]
  .text              ro code  0x080018fc     0x4  startup_stm32l476xx.o [1]
  .text              ro code  0x08001900     0x4  startup_stm32l476xx.o [1]
  .text              ro code  0x08001904     0x4  startup_stm32l476xx.o [1]
  .text              ro code  0x08001908     0x4  startup_stm32l476xx.o [1]
  .text              ro code  0x0800190c     0x4  startup_stm32l476xx.o [1]
  .text              ro code  0x08001910     0x4  startup_stm32l476xx.o [1]
  .text              ro code  0x08001914     0x4  startup_stm32l476xx.o [1]
  .text              ro code  0x08001918     0x4  startup_stm32l476xx.o [1]
  .text              ro code  0x0800191c     0x4  startup_stm32l476xx.o [1]
  .text              ro code  0x08001920     0x4  startup_stm32l476xx.o [1]
  .text              ro code  0x08001924     0x4  startup_stm32l476xx.o [1]
  .text              ro code  0x08001928     0x4  startup_stm32l476xx.o [1]
  .text              ro code  0x0800192c     0x4  startup_stm32l476xx.o [1]
  .text              ro code  0x08001930     0x4  startup_stm32l476xx.o [1]
  .text              ro code  0x08001934     0x4  startup_stm32l476xx.o [1]
  .text              ro code  0x08001938     0x4  startup_stm32l476xx.o [1]
  .text              ro code  0x0800193c     0x4  startup_stm32l476xx.o [1]
  .text              ro code  0x08001940     0x4  startup_stm32l476xx.o [1]
  .text              ro code  0x08001944     0x4  startup_stm32l476xx.o [1]
  .text              ro code  0x08001948     0x4  startup_stm32l476xx.o [1]
  .text              ro code  0x0800194c     0x4  startup_stm32l476xx.o [1]
  .text              ro code  0x08001950     0x4  startup_stm32l476xx.o [1]
  .text              ro code  0x08001954     0x4  startup_stm32l476xx.o [1]
  .text              ro code  0x08001958     0x4  startup_stm32l476xx.o [1]
  .text              ro code  0x0800195c     0x4  startup_stm32l476xx.o [1]
  .text              ro code  0x08001960     0x4  startup_stm32l476xx.o [1]
  .text              ro code  0x08001964     0x4  startup_stm32l476xx.o [1]
  .text              ro code  0x08001968     0x4  startup_stm32l476xx.o [1]
  .text              ro code  0x0800196c     0x4  startup_stm32l476xx.o [1]
  .text              ro code  0x08001970     0x4  startup_stm32l476xx.o [1]
  .text              ro code  0x08001974     0x4  startup_stm32l476xx.o [1]
  .text              ro code  0x08001978     0x4  startup_stm32l476xx.o [1]
  .text              ro code  0x0800197c     0x4  startup_stm32l476xx.o [1]
  .text              ro code  0x08001980     0x4  startup_stm32l476xx.o [1]
  .text              ro code  0x08001984     0x4  startup_stm32l476xx.o [1]
  .text              ro code  0x08001988     0x4  startup_stm32l476xx.o [1]
  .text              ro code  0x0800198c     0x4  startup_stm32l476xx.o [1]
  .text              ro code  0x08001990     0x4  startup_stm32l476xx.o [1]
  .text              ro code  0x08001994     0x4  startup_stm32l476xx.o [1]
  .text              ro code  0x08001998     0x4  startup_stm32l476xx.o [1]
  .text              ro code  0x0800199c     0x4  startup_stm32l476xx.o [1]
  .text              ro code  0x080019a0     0x4  startup_stm32l476xx.o [1]
  .text              ro code  0x080019a4     0x4  startup_stm32l476xx.o [1]
  .text              ro code  0x080019a8     0x4  startup_stm32l476xx.o [1]
  .text              ro code  0x080019ac     0x4  startup_stm32l476xx.o [1]
  .text              ro code  0x080019b0     0x4  startup_stm32l476xx.o [1]
  .text              ro code  0x080019b4     0x4  startup_stm32l476xx.o [1]
  .text              ro code  0x080019b8     0x4  startup_stm32l476xx.o [1]
  .text              ro code  0x080019bc     0x4  startup_stm32l476xx.o [1]
  .text              ro code  0x080019c0     0x4  startup_stm32l476xx.o [1]
  .text              ro code  0x080019c4     0x4  startup_stm32l476xx.o [1]
  .text              ro code  0x080019c8     0x4  startup_stm32l476xx.o [1]
  .text              ro code  0x080019cc     0x4  startup_stm32l476xx.o [1]
  .text              ro code  0x080019d0     0x4  startup_stm32l476xx.o [1]
  .text              ro code  0x080019d4     0x4  startup_stm32l476xx.o [1]
  .text              ro code  0x080019d8     0x4  startup_stm32l476xx.o [1]
  .text              ro code  0x080019dc     0x4  startup_stm32l476xx.o [1]
  .text              ro code  0x080019e0     0x4  startup_stm32l476xx.o [1]
  .text              ro code  0x080019e4     0x4  startup_stm32l476xx.o [1]
  .text              ro code  0x080019e8     0x4  startup_stm32l476xx.o [1]
  .text              ro code  0x080019ec     0x4  startup_stm32l476xx.o [1]
  .text              ro code  0x080019f0     0x4  startup_stm32l476xx.o [1]
  .text              ro code  0x080019f4     0x4  startup_stm32l476xx.o [1]
  .text              ro code  0x080019f8     0x4  startup_stm32l476xx.o [1]
  .text              ro code  0x080019fc     0x4  startup_stm32l476xx.o [1]
  .text              ro code  0x08001a00     0x4  startup_stm32l476xx.o [1]
  .text              ro code  0x08001a04     0x4  startup_stm32l476xx.o [1]
  .text              ro code  0x08001a08     0x4  startup_stm32l476xx.o [1]
  .text              ro code  0x08001a0c     0x4  startup_stm32l476xx.o [1]
  .text              ro code  0x08001a10     0x4  startup_stm32l476xx.o [1]
  .text              ro code  0x08001a14     0x4  startup_stm32l476xx.o [1]
  .text              ro code  0x08001a18     0x4  startup_stm32l476xx.o [1]
  .rodata            const    0x08001a1c     0x0  packbits_init_single.o [5]
  Initializer bytes  const    0x08001a1c    0x18  <for P2-1>
                            - 0x08001a34  0x18ac

"P2", part 1 of 2:                          0x50
  P2-1                        0x20000000    0x50  <Init block>
    .data            inited   0x20000000    0x14  01bsp_uart.o [1]
    .data            inited   0x20000014     0x4  system_stm32l4xx.o [1]
    .bss             inited   0x20000018     0x8  bsp_timer.o [1]
    .bss             inited   0x20000020     0xc  radio.o [1]
    .bss             inited   0x2000002c     0x8  radiotimer.o [1]
    .bss             inited   0x20000034    0x10  spi.o [1]
    .bss             inited   0x20000044     0xc  uart.o [1]
                            - 0x20000050    0x50

"P2", part 2 of 2:                         0x400
  CSTACK                      0x20000050   0x400  <Block>
    CSTACK           uninit   0x20000050   0x400  <Block tail>
                            - 0x20000450   0x400


*******************************************************************************
*** INIT TABLE
***

          Address     Size
          -------     ----
Copy/packbits (__iar_packbits_init_single3)
    1 source range, total size 0x18 (30% of destination):
          0x08001a1c  0x18
    1 destination range, total size 0x50:
          0x20000000  0x50



*******************************************************************************
*** MODULE SUMMARY
***

    Module                  ro code  ro data  rw data
    ------                  -------  -------  -------
E:\openwsn\openwsn-fw\projects\openmotestmL4\bspuart\EWARM\STM32L476RG_NUCLEO\Obj: [1]
    01bsp_uart.o                146        6       20
    board.o                     230
    bsp_timer.o                 220        2        8
    debugpins.o                 164
    gpio.o                      102
    leds.o                       80
    nvic.o                      216
    radio.o                     244        4       12
    radiotimer.o                166        2        8
    rcc.o                       148
    spi.o                       598        5       16
    startup_stm32l476xx.o       708
    stm32l4xx_it.o              228
    stm32l4xx_ll_exti.o         312
    stm32l4xx_ll_gpio.o         272
    stm32l4xx_ll_rcc.o          628
    stm32l4xx_ll_spi.o           96
    stm32l4xx_ll_tim.o          944
    stm32l4xx_ll_usart.o        204
    stm32l4xx_ll_utils.o         40
    system_stm32l4xx.o          140        9        4
    uart.o                      492        4       12
    -------------------------------------------------
    Total:                    6 378       32       80

command line: [2]
    -------------------------------------------------
    Total:

dl7M_tln.a: [3]
    exit.o                        4
    low_level_init.o              4
    -------------------------------------------------
    Total:                        8

m7M_tls.a: [4]
    fpinit_M.o                   34
    -------------------------------------------------
    Total:                       34

rt7M_tl.a: [5]
    ABImemclr4.o                  6
    ABImemset48.o                50
    cexit.o                      10
    cmain.o                      26
    cstartup_M.o                 12
    data_init.o                  40
    packbits_init_single.o       56
    -------------------------------------------------
    Total:                      200

shb_l.a: [6]
    exit.o                       20
    -------------------------------------------------
    Total:                       20

    Gaps                         18        2
    Linker created                        16    1 024
-----------------------------------------------------
    Grand Total:              6 658       50    1 104


*******************************************************************************
*** ENTRY LIST
***

Entry                      Address   Size  Type      Object
-----                      -------   ----  ----      ------
.iar.init_table$$Base   0x08001878          --   Gb  - Linker created -
.iar.init_table$$Limit  0x08001888          --   Gb  - Linker created -
?main                   0x08001889         Code  Gb  cmain.o [5]
AHBPrescTable           0x080017b4   0x10  Data  Gb  system_stm32l4xx.o [1]
APBPrescTable           0x080018e8    0x8  Data  Gb  system_stm32l4xx.o [1]
BusFault_Handler        0x0800168b    0x2  Code  Gb  stm32l4xx_it.o [1]
CSTACK$$Base            0x20000050          --   Gb  - Linker created -
CSTACK$$Limit           0x20000450          --   Gb  - Linker created -
DebugMon_Handler        0x08001691    0x2  Code  Gb  stm32l4xx_it.o [1]
EXTI15_10_IRQHandler    0x08001741   0x20  Code  Gb  stm32l4xx_it.o [1]
GPIO_Configuration      0x08001405   0x30  Code  Gb  gpio.o [1]
HardFault_Handler       0x08001687    0x2  Code  Gb  stm32l4xx_it.o [1]
LL_AHB2_GRP1_EnableClock
                        0x080013e9   0x16  Code  Lc  gpio.o [1]
LL_APB1_GRP1_EnableClock
                        0x08001131   0x16  Code  Lc  radiotimer.o [1]
LL_EXTI_Init            0x08000df5  0x130  Code  Gb  stm32l4xx_ll_exti.o [1]
LL_GPIO_Init            0x08000f2d   0xca  Code  Gb  stm32l4xx_ll_gpio.o [1]
LL_GPIO_SetAFPin_8_15   0x08000803   0x24  Code  Lc  spi.o [1]
LL_GPIO_SetAFPin_8_15   0x08000ac7   0x24  Code  Lc  uart.o [1]
LL_GPIO_SetPinMode      0x080007ad   0x10  Code  Lc  spi.o [1]
LL_GPIO_SetPinMode      0x08000a65   0x10  Code  Lc  uart.o [1]
LL_GPIO_SetPinOutputType
                        0x08000a75    0xc  Code  Lc  uart.o [1]
LL_GPIO_SetPinPull      0x080007e5   0x10  Code  Lc  spi.o [1]
LL_GPIO_SetPinPull      0x08000aa9   0x10  Code  Lc  uart.o [1]
LL_GPIO_SetPinSpeed     0x080007bd   0x10  Code  Lc  spi.o [1]
LL_GPIO_SetPinSpeed     0x08000a81   0x10  Code  Lc  uart.o [1]
LL_Init1msTick          0x08001629   0x18  Code  Gb  stm32l4xx_ll_utils.o [1]
LL_RCC_GetUARTClockFreq
                        0x080005c7   0x6a  Code  Gb  stm32l4xx_ll_rcc.o [1]
LL_RCC_GetUSARTClockFreq
                        0x08000539   0x8e  Code  Gb  stm32l4xx_ll_rcc.o [1]
LL_SPI_Init             0x08000a05   0x54  Code  Gb  stm32l4xx_ll_spi.o [1]
LL_SetSystemCoreClock   0x08001641    0x6  Code  Gb  stm32l4xx_ll_utils.o [1]
LL_TIM_Init             0x08000189   0xa2  Code  Gb  stm32l4xx_ll_tim.o [1]
LL_TIM_OC_Init          0x0800022b  0x1bc  Code  Gb  stm32l4xx_ll_tim.o [1]
LL_USART_Init           0x08000c51   0xb4  Code  Gb  stm32l4xx_ll_usart.o [1]
LPTIM1_IRQHandler       0x080016c1   0x2e  Code  Gb  stm32l4xx_it.o [1]
MSIRangeTable           0x080017c4   0x30  Data  Gb  system_stm32l4xx.o [1]
MemManage_Handler       0x08001689    0x2  Code  Gb  stm32l4xx_it.o [1]
NMI_Handler             0x08001685    0x2  Code  Gb  stm32l4xx_it.o [1]
NVIC_Configuration      0x08000dcd   0x12  Code  Gb  nvic.o [1]
NVIC_EnableIRQ          0x08000d1d   0x12  Code  Lc  nvic.o [1]
NVIC_EncodePriority     0x08000d49   0x32  Code  Lc  nvic.o [1]
NVIC_SetPriority        0x08000d2f   0x1a  Code  Lc  nvic.o [1]
NVIC_bsptimer           0x08000d95   0x1a  Code  Gb  nvic.o [1]
NVIC_radio              0x08000db7   0x16  Code  Gb  nvic.o [1]
NVIC_uart               0x08000d7b   0x1a  Code  Gb  nvic.o [1]
OC2Config               0x080003f3   0x7c  Code  Lc  stm32l4xx_ll_tim.o [1]
OC3Config               0x080004a1   0x92  Code  Lc  stm32l4xx_ll_tim.o [1]
PendSV_Handler          0x08001693    0x2  Code  Gb  stm32l4xx_it.o [1]
RCC_Configuration       0x08001355   0x82  Code  Gb  rcc.o [1]
RCC_GetHCLKClockFreq    0x080006bb   0x10  Code  Gb  stm32l4xx_ll_rcc.o [1]
RCC_GetPCLK1ClockFreq   0x080006cb    0xe  Code  Gb  stm32l4xx_ll_rcc.o [1]
RCC_GetPCLK2ClockFreq   0x080006df   0x10  Code  Gb  stm32l4xx_ll_rcc.o [1]
RCC_GetSystemClockFreq  0x08000657   0x64  Code  Gb  stm32l4xx_ll_rcc.o [1]
RCC_PLL_GetFreqDomain_SYS
                        0x080006ef   0x64  Code  Gb  stm32l4xx_ll_rcc.o [1]
Region$$Table$$Base     0x08001878          --   Gb  - Linker created -
Region$$Table$$Limit    0x08001888          --   Gb  - Linker created -
SPI2_IRQHandler         0x080016ef    0xe  Code  Gb  stm32l4xx_it.o [1]
SVC_Handler             0x0800168f    0x2  Code  Gb  stm32l4xx_it.o [1]
SysTick_Handler         0x08001695    0x2  Code  Gb  stm32l4xx_it.o [1]
SystemCoreClock         0x20000014    0x4  Data  Gb  system_stm32l4xx.o [1]
SystemInit              0x08001769   0x3c  Code  Gb  system_stm32l4xx.o [1]
TIM1_UP_TIM16_IRQHandler
                        0x08001697   0x10  Code  Gb  stm32l4xx_it.o [1]
TIM2_IRQHandler         0x080016a7   0x1a  Code  Gb  stm32l4xx_it.o [1]
USART1_IRQHandler       0x080016fd   0x30  Code  Gb  stm32l4xx_it.o [1]
UsageFault_Handler      0x0800168d    0x2  Code  Gb  stm32l4xx_it.o [1]
__aeabi_memclr4         0x08001621         Code  Gb  ABImemclr4.o [5]
__cmain                 0x08001889         Code  Gb  cmain.o [5]
__exit                  0x080018b9   0x14  Code  Gb  exit.o [6]
__iar_Memset4_word      0x08001651         Code  Gb  ABImemset48.o [5]
__iar_Memset8_word      0x08001651         Code  Gb  ABImemset48.o [5]
__iar_data_init3        0x0800182d   0x28  Code  Gb  data_init.o [5]
__iar_init_vfp          0x08001855         Code  Gb  fpinit_M.o [4]
__iar_packbits_init_single3
                        0x080017f5   0x38  Code  Gb  packbits_init_single.o [5]
__iar_program_start     0x080018dd         Code  Gb  cstartup_M.o [5]
__low_level_init        0x080018a3    0x4  Code  Gb  low_level_init.o [3]
__vector_table          0x08000000         Data  Gb  startup_stm32l476xx.o [1]
_call_main              0x08001895         Code  Gb  cmain.o [5]
_exit                   0x080018ad         Code  Gb  cexit.o [5]
_main                   0x0800189f         Code  Gb  cmain.o [5]
app_vars                0x20000000    0x4  Data  Gb  01bsp_uart.o [1]
board_init              0x080011dd   0xc6  Code  Gb  board.o [1]
bsp_timer_init          0x080014a1   0x80  Code  Gb  bsp_timer.o [1]
bsp_timer_isr           0x08001565    0xc  Code  Gb  bsp_timer.o [1]
bsp_timer_scheduleIn    0x08001529   0x3c  Code  Gb  bsp_timer.o [1]
bsp_timer_set_callback  0x08001521    0x8  Code  Gb  bsp_timer.o [1]
bsp_timer_vars          0x20000018    0x8  Data  Gb  bsp_timer.o [1]
cb_compare              0x0800130d    0xe  Code  Gb  01bsp_uart.o [1]
cb_uartRxCb             0x08001341   0x12  Code  Gb  01bsp_uart.o [1]
cb_uartTxDone           0x0800131d   0x1e  Code  Gb  01bsp_uart.o [1]
debugpins_init          0x0800157d   0x76  Code  Gb  debugpins.o [1]
debugpins_isr_clr       0x08001603    0x4  Code  Gb  debugpins.o [1]
debugpins_isr_set       0x08001607    0x2  Code  Gb  debugpins.o [1]
exit                    0x080018a7    0x4  Code  Gb  exit.o [3]
leds_error_toggle       0x08001487    0xc  Code  Gb  leds.o [1]
leds_init               0x08001451   0x36  Code  Gb  leds.o [1]
main                    0x080011d9    0x4  Code  Gb  board.o [1]
mote_main               0x080012c1   0x4c  Code  Gb  01bsp_uart.o [1]
radio_init              0x0800103d   0x42  Code  Gb  radio.o [1]
radio_isr               0x080010ef   0x3c  Code  Gb  radio.o [1]
radio_spiReadReg        0x080010b1   0x32  Code  Gb  radio.o [1]
radio_spiWriteReg       0x0800108d   0x24  Code  Gb  radio.o [1]
radio_vars              0x20000020    0xc  Data  Gb  radio.o [1]
radiotimer_compare_isr  0x080011ab   0x10  Code  Gb  radiotimer.o [1]
radiotimer_getCapturedTime
                        0x0800118b    0x2  Code  Gb  radiotimer.o [1]
radiotimer_init         0x08001147   0x44  Code  Gb  radiotimer.o [1]
radiotimer_overflow_isr
                        0x08001195   0x16  Code  Gb  radiotimer.o [1]
radiotimer_vars         0x2000002c    0x8  Data  Gb  radiotimer.o [1]
spi_init                0x08000827  0x124  Code  Gb  spi.o [1]
spi_isr                 0x08000a01    0x2  Code  Gb  spi.o [1]
spi_txrx                0x0800095f   0x8a  Code  Gb  spi.o [1]
spi_vars                0x20000034   0x10  Data  Gb  spi.o [1]
stringToSend            0x20000004   0x10  Data  Gb  01bsp_uart.o [1]
uart_disableInterrupts  0x08000c01    0xc  Code  Gb  uart.o [1]
uart_enableInterrupts   0x08000bf5    0xc  Code  Gb  uart.o [1]
uart_init               0x08000aeb   0xea  Code  Gb  uart.o [1]
uart_readByte           0x08000c21    0x8  Code  Gb  uart.o [1]
uart_rx_isr             0x08000c35    0xc  Code  Gb  uart.o [1]
uart_setCallbacks       0x08000beb    0xa  Code  Gb  uart.o [1]
uart_tx_isr             0x08000c29    0xc  Code  Gb  uart.o [1]
uart_vars               0x20000044    0xc  Data  Gb  uart.o [1]
uart_writeByte          0x08000c0d   0x14  Code  Gb  uart.o [1]


[1] = E:\openwsn\openwsn-fw\projects\openmotestmL4\bspuart\EWARM\STM32L476RG_NUCLEO\Obj
[2] = command line
[3] = dl7M_tln.a
[4] = m7M_tls.a
[5] = rt7M_tl.a
[6] = shb_l.a

  6 658 bytes of readonly  code memory
     50 bytes of readonly  data memory
  1 104 bytes of readwrite data memory

Errors: none
Warnings: none
