###############################################################################
#
# IAR ELF Linker V7.50.3.10732/W32 for ARM                14/Feb/2019  18:52:53
# Copyright 2007-2016 IAR Systems AB.
#
#    Output file  =  
#        E:\openwsn\openwsn-fw\projects\openmotestmL4\bspradio_tx\EWARM\STM32L476RG_NUCLEO\Exe\Project.out
#    Map file     =  
#        E:\openwsn\openwsn-fw\projects\openmotestmL4\bspradio_tx\EWARM\STM32L476RG_NUCLEO\List\Project.map
#    Command line =  
#        E:\openwsn\openwsn-fw\projects\openmotestmL4\bspradio_tx\EWARM\STM32L476RG_NUCLEO\Obj\01bsp_radio_tx.o
#        E:\openwsn\openwsn-fw\projects\openmotestmL4\bspradio_tx\EWARM\STM32L476RG_NUCLEO\Obj\board.o
#        E:\openwsn\openwsn-fw\projects\openmotestmL4\bspradio_tx\EWARM\STM32L476RG_NUCLEO\Obj\bsp_timer.o
#        E:\openwsn\openwsn-fw\projects\openmotestmL4\bspradio_tx\EWARM\STM32L476RG_NUCLEO\Obj\debugpins.o
#        E:\openwsn\openwsn-fw\projects\openmotestmL4\bspradio_tx\EWARM\STM32L476RG_NUCLEO\Obj\eui64.o
#        E:\openwsn\openwsn-fw\projects\openmotestmL4\bspradio_tx\EWARM\STM32L476RG_NUCLEO\Obj\gpio.o
#        E:\openwsn\openwsn-fw\projects\openmotestmL4\bspradio_tx\EWARM\STM32L476RG_NUCLEO\Obj\leds.o
#        E:\openwsn\openwsn-fw\projects\openmotestmL4\bspradio_tx\EWARM\STM32L476RG_NUCLEO\Obj\nvic.o
#        E:\openwsn\openwsn-fw\projects\openmotestmL4\bspradio_tx\EWARM\STM32L476RG_NUCLEO\Obj\opentimers.o
#        E:\openwsn\openwsn-fw\projects\openmotestmL4\bspradio_tx\EWARM\STM32L476RG_NUCLEO\Obj\radio.o
#        E:\openwsn\openwsn-fw\projects\openmotestmL4\bspradio_tx\EWARM\STM32L476RG_NUCLEO\Obj\radiotimer.o
#        E:\openwsn\openwsn-fw\projects\openmotestmL4\bspradio_tx\EWARM\STM32L476RG_NUCLEO\Obj\rcc.o
#        E:\openwsn\openwsn-fw\projects\openmotestmL4\bspradio_tx\EWARM\STM32L476RG_NUCLEO\Obj\spi.o
#        E:\openwsn\openwsn-fw\projects\openmotestmL4\bspradio_tx\EWARM\STM32L476RG_NUCLEO\Obj\startup_stm32l476xx.o
#        E:\openwsn\openwsn-fw\projects\openmotestmL4\bspradio_tx\EWARM\STM32L476RG_NUCLEO\Obj\stm32l4xx_it.o
#        E:\openwsn\openwsn-fw\projects\openmotestmL4\bspradio_tx\EWARM\STM32L476RG_NUCLEO\Obj\stm32l4xx_ll_adc.o
#        E:\openwsn\openwsn-fw\projects\openmotestmL4\bspradio_tx\EWARM\STM32L476RG_NUCLEO\Obj\stm32l4xx_ll_comp.o
#        E:\openwsn\openwsn-fw\projects\openmotestmL4\bspradio_tx\EWARM\STM32L476RG_NUCLEO\Obj\stm32l4xx_ll_crc.o
#        E:\openwsn\openwsn-fw\projects\openmotestmL4\bspradio_tx\EWARM\STM32L476RG_NUCLEO\Obj\stm32l4xx_ll_crs.o
#        E:\openwsn\openwsn-fw\projects\openmotestmL4\bspradio_tx\EWARM\STM32L476RG_NUCLEO\Obj\stm32l4xx_ll_dac.o
#        E:\openwsn\openwsn-fw\projects\openmotestmL4\bspradio_tx\EWARM\STM32L476RG_NUCLEO\Obj\stm32l4xx_ll_dma.o
#        E:\openwsn\openwsn-fw\projects\openmotestmL4\bspradio_tx\EWARM\STM32L476RG_NUCLEO\Obj\stm32l4xx_ll_dma2d.o
#        E:\openwsn\openwsn-fw\projects\openmotestmL4\bspradio_tx\EWARM\STM32L476RG_NUCLEO\Obj\stm32l4xx_ll_exti.o
#        E:\openwsn\openwsn-fw\projects\openmotestmL4\bspradio_tx\EWARM\STM32L476RG_NUCLEO\Obj\stm32l4xx_ll_gpio.o
#        E:\openwsn\openwsn-fw\projects\openmotestmL4\bspradio_tx\EWARM\STM32L476RG_NUCLEO\Obj\stm32l4xx_ll_i2c.o
#        E:\openwsn\openwsn-fw\projects\openmotestmL4\bspradio_tx\EWARM\STM32L476RG_NUCLEO\Obj\stm32l4xx_ll_lptim.o
#        E:\openwsn\openwsn-fw\projects\openmotestmL4\bspradio_tx\EWARM\STM32L476RG_NUCLEO\Obj\stm32l4xx_ll_lpuart.o
#        E:\openwsn\openwsn-fw\projects\openmotestmL4\bspradio_tx\EWARM\STM32L476RG_NUCLEO\Obj\stm32l4xx_ll_opamp.o
#        E:\openwsn\openwsn-fw\projects\openmotestmL4\bspradio_tx\EWARM\STM32L476RG_NUCLEO\Obj\stm32l4xx_ll_pwr.o
#        E:\openwsn\openwsn-fw\projects\openmotestmL4\bspradio_tx\EWARM\STM32L476RG_NUCLEO\Obj\stm32l4xx_ll_rcc.o
#        E:\openwsn\openwsn-fw\projects\openmotestmL4\bspradio_tx\EWARM\STM32L476RG_NUCLEO\Obj\stm32l4xx_ll_rng.o
#        E:\openwsn\openwsn-fw\projects\openmotestmL4\bspradio_tx\EWARM\STM32L476RG_NUCLEO\Obj\stm32l4xx_ll_rtc.o
#        E:\openwsn\openwsn-fw\projects\openmotestmL4\bspradio_tx\EWARM\STM32L476RG_NUCLEO\Obj\stm32l4xx_ll_spi.o
#        E:\openwsn\openwsn-fw\projects\openmotestmL4\bspradio_tx\EWARM\STM32L476RG_NUCLEO\Obj\stm32l4xx_ll_swpmi.o
#        E:\openwsn\openwsn-fw\projects\openmotestmL4\bspradio_tx\EWARM\STM32L476RG_NUCLEO\Obj\stm32l4xx_ll_tim.o
#        E:\openwsn\openwsn-fw\projects\openmotestmL4\bspradio_tx\EWARM\STM32L476RG_NUCLEO\Obj\stm32l4xx_ll_usart.o
#        E:\openwsn\openwsn-fw\projects\openmotestmL4\bspradio_tx\EWARM\STM32L476RG_NUCLEO\Obj\stm32l4xx_ll_utils.o
#        E:\openwsn\openwsn-fw\projects\openmotestmL4\bspradio_tx\EWARM\STM32L476RG_NUCLEO\Obj\system_stm32l4xx.o
#        E:\openwsn\openwsn-fw\projects\openmotestmL4\bspradio_tx\EWARM\STM32L476RG_NUCLEO\Obj\uart.o
#        -o
#        E:\openwsn\openwsn-fw\projects\openmotestmL4\bspradio_tx\EWARM\STM32L476RG_NUCLEO\Exe\Project.out
#        --map
#        E:\openwsn\openwsn-fw\projects\openmotestmL4\bspradio_tx\EWARM\STM32L476RG_NUCLEO\List\Project.map
#        --config
#        E:\openwsn\openwsn-fw\projects\openmotestmL4\bspradio_tx\EWARM\stm32l476xx_flash.icf
#        --semihosting --entry __iar_program_start --vfe
#
###############################################################################

*******************************************************************************
*** RUNTIME MODEL ATTRIBUTES
***

CppFlavor       = *
__SystemLibrary = DLib


*******************************************************************************
*** PLACEMENT SUMMARY
***

"A1":  place at 0x08000000 { ro section .intvec };
"P1":  place in [from 0x08000000 to 0x080fffff] { ro };
"P2":  place in [from 0x20000000 to 0x20017fff] { rw, block CSTACK, block HEAP };

  Section            Kind        Address    Size  Object
  -------            ----        -------    ----  ------
"A1":                                      0x188
  .intvec            ro code  0x08000000   0x188  startup_stm32l476xx.o [1]
                            - 0x08000188   0x188

"P1":                                     0x1a38
  .text              ro code  0x08000188   0x3b0  stm32l4xx_ll_tim.o [1]
  .text              ro code  0x08000538   0x274  stm32l4xx_ll_rcc.o [1]
  .text              ro code  0x080007ac   0x256  spi.o [1]
  .text              ro code  0x08000a04    0x60  stm32l4xx_ll_spi.o [1]
  .text              ro code  0x08000a64   0x1f4  radio.o [1]
  .text              ro code  0x08000c58   0x10a  radiotimer.o [1]
  .text              ro code  0x08000d64    0xb6  debugpins.o [1]
  .text              ro code  0x08000e1c    0x70  leds.o [1]
  .text              ro code  0x08000e8c    0x34  stm32l4xx_ll_lptim.o [1]
  .text              ro code  0x08000ec0    0xb8  nvic.o [1]
  .text              ro code  0x08000f78   0x110  stm32l4xx_ll_gpio.o [1]
  .text              ro code  0x08001088   0x1ac  uart.o [1]
  .text              ro code  0x08001234    0xcc  stm32l4xx_ll_usart.o [1]
  .text              ro code  0x08001300   0x138  stm32l4xx_ll_exti.o [1]
  .text              ro code  0x08001438    0xe8  board.o [1]
  .text              ro code  0x08001520    0xc4  01bsp_radio_tx.o [1]
  .text              ro code  0x080015e4    0x94  rcc.o [1]
  .text              ro code  0x08001678    0x66  gpio.o [1]
  .text              ro code  0x080016e0    0x98  bsp_timer.o [1]
  .text              ro code  0x08001778     0x6  ABImemclr4.o [5]
  .text              ro code  0x08001780    0x28  stm32l4xx_ll_utils.o [1]
  .text              ro code  0x080017a8    0x32  ABImemset48.o [5]
  .text              ro code  0x080017dc    0xe4  stm32l4xx_it.o [1]
  .text              ro code  0x080018c0    0x8c  system_stm32l4xx.o [1]
  .text              ro code  0x0800194c    0x40  zero_init3.o [5]
  .text              ro code  0x0800198c    0x2c  copy_init3.o [5]
  .text              ro code  0x080019b8    0x28  data_init.o [5]
  .text              ro code  0x080019e0    0x22  fpinit_M.o [4]
  .iar.init_table    const    0x08001a04    0x24  - Linker created -
  .text              ro code  0x08001a28    0x1a  cmain.o [5]
  .text              ro code  0x08001a42     0x4  low_level_init.o [3]
  .text              ro code  0x08001a46     0x4  exit.o [3]
  .text              ro code  0x08001a4c     0xa  cexit.o [5]
  .text              ro code  0x08001a58    0x14  exit.o [6]
  .text              ro code  0x08001a6c    0x10  startup_stm32l476xx.o [1]
  .text              ro code  0x08001a7c     0xc  cstartup_M.o [5]
  .rodata            const    0x08001a88     0x8  system_stm32l4xx.o [1]
  .text              ro code  0x08001a90     0x4  startup_stm32l476xx.o [1]
  .text              ro code  0x08001a94     0x4  startup_stm32l476xx.o [1]
  .text              ro code  0x08001a98     0x4  startup_stm32l476xx.o [1]
  .text              ro code  0x08001a9c     0x4  startup_stm32l476xx.o [1]
  .text              ro code  0x08001aa0     0x4  startup_stm32l476xx.o [1]
  .text              ro code  0x08001aa4     0x4  startup_stm32l476xx.o [1]
  .text              ro code  0x08001aa8     0x4  startup_stm32l476xx.o [1]
  .text              ro code  0x08001aac     0x4  startup_stm32l476xx.o [1]
  .text              ro code  0x08001ab0     0x4  startup_stm32l476xx.o [1]
  .text              ro code  0x08001ab4     0x4  startup_stm32l476xx.o [1]
  .text              ro code  0x08001ab8     0x4  startup_stm32l476xx.o [1]
  .text              ro code  0x08001abc     0x4  startup_stm32l476xx.o [1]
  .text              ro code  0x08001ac0     0x4  startup_stm32l476xx.o [1]
  .text              ro code  0x08001ac4     0x4  startup_stm32l476xx.o [1]
  .text              ro code  0x08001ac8     0x4  startup_stm32l476xx.o [1]
  .text              ro code  0x08001acc     0x4  startup_stm32l476xx.o [1]
  .text              ro code  0x08001ad0     0x4  startup_stm32l476xx.o [1]
  .text              ro code  0x08001ad4     0x4  startup_stm32l476xx.o [1]
  .text              ro code  0x08001ad8     0x4  startup_stm32l476xx.o [1]
  .text              ro code  0x08001adc     0x4  startup_stm32l476xx.o [1]
  .text              ro code  0x08001ae0     0x4  startup_stm32l476xx.o [1]
  .text              ro code  0x08001ae4     0x4  startup_stm32l476xx.o [1]
  .text              ro code  0x08001ae8     0x4  startup_stm32l476xx.o [1]
  .text              ro code  0x08001aec     0x4  startup_stm32l476xx.o [1]
  .text              ro code  0x08001af0     0x4  startup_stm32l476xx.o [1]
  .text              ro code  0x08001af4     0x4  startup_stm32l476xx.o [1]
  .text              ro code  0x08001af8     0x4  startup_stm32l476xx.o [1]
  .text              ro code  0x08001afc     0x4  startup_stm32l476xx.o [1]
  .text              ro code  0x08001b00     0x4  startup_stm32l476xx.o [1]
  .text              ro code  0x08001b04     0x4  startup_stm32l476xx.o [1]
  .text              ro code  0x08001b08     0x4  startup_stm32l476xx.o [1]
  .text              ro code  0x08001b0c     0x4  startup_stm32l476xx.o [1]
  .text              ro code  0x08001b10     0x4  startup_stm32l476xx.o [1]
  .text              ro code  0x08001b14     0x4  startup_stm32l476xx.o [1]
  .text              ro code  0x08001b18     0x4  startup_stm32l476xx.o [1]
  .text              ro code  0x08001b1c     0x4  startup_stm32l476xx.o [1]
  .text              ro code  0x08001b20     0x4  startup_stm32l476xx.o [1]
  .text              ro code  0x08001b24     0x4  startup_stm32l476xx.o [1]
  .text              ro code  0x08001b28     0x4  startup_stm32l476xx.o [1]
  .text              ro code  0x08001b2c     0x4  startup_stm32l476xx.o [1]
  .text              ro code  0x08001b30     0x4  startup_stm32l476xx.o [1]
  .text              ro code  0x08001b34     0x4  startup_stm32l476xx.o [1]
  .text              ro code  0x08001b38     0x4  startup_stm32l476xx.o [1]
  .text              ro code  0x08001b3c     0x4  startup_stm32l476xx.o [1]
  .text              ro code  0x08001b40     0x4  startup_stm32l476xx.o [1]
  .text              ro code  0x08001b44     0x4  startup_stm32l476xx.o [1]
  .text              ro code  0x08001b48     0x4  startup_stm32l476xx.o [1]
  .text              ro code  0x08001b4c     0x4  startup_stm32l476xx.o [1]
  .text              ro code  0x08001b50     0x4  startup_stm32l476xx.o [1]
  .text              ro code  0x08001b54     0x4  startup_stm32l476xx.o [1]
  .text              ro code  0x08001b58     0x4  startup_stm32l476xx.o [1]
  .text              ro code  0x08001b5c     0x4  startup_stm32l476xx.o [1]
  .text              ro code  0x08001b60     0x4  startup_stm32l476xx.o [1]
  .text              ro code  0x08001b64     0x4  startup_stm32l476xx.o [1]
  .text              ro code  0x08001b68     0x4  startup_stm32l476xx.o [1]
  .text              ro code  0x08001b6c     0x4  startup_stm32l476xx.o [1]
  .text              ro code  0x08001b70     0x4  startup_stm32l476xx.o [1]
  .text              ro code  0x08001b74     0x4  startup_stm32l476xx.o [1]
  .text              ro code  0x08001b78     0x4  startup_stm32l476xx.o [1]
  .text              ro code  0x08001b7c     0x4  startup_stm32l476xx.o [1]
  .text              ro code  0x08001b80     0x4  startup_stm32l476xx.o [1]
  .text              ro code  0x08001b84     0x4  startup_stm32l476xx.o [1]
  .text              ro code  0x08001b88     0x4  startup_stm32l476xx.o [1]
  .text              ro code  0x08001b8c     0x4  startup_stm32l476xx.o [1]
  .text              ro code  0x08001b90     0x4  startup_stm32l476xx.o [1]
  .text              ro code  0x08001b94     0x4  startup_stm32l476xx.o [1]
  .text              ro code  0x08001b98     0x4  startup_stm32l476xx.o [1]
  .text              ro code  0x08001b9c     0x4  startup_stm32l476xx.o [1]
  .text              ro code  0x08001ba0     0x4  startup_stm32l476xx.o [1]
  .text              ro code  0x08001ba4     0x4  startup_stm32l476xx.o [1]
  .text              ro code  0x08001ba8     0x4  startup_stm32l476xx.o [1]
  .text              ro code  0x08001bac     0x4  startup_stm32l476xx.o [1]
  .text              ro code  0x08001bb0     0x4  startup_stm32l476xx.o [1]
  .text              ro code  0x08001bb4     0x4  startup_stm32l476xx.o [1]
  .text              ro code  0x08001bb8     0x4  startup_stm32l476xx.o [1]
  Initializer bytes  const    0x08001bbc     0x4  <for P2-1>
  .rodata            const    0x08001bc0     0x0  zero_init3.o [5]
  .rodata            const    0x08001bc0     0x0  copy_init3.o [5]
                            - 0x08001bc0  0x1a38

"P2", part 1 of 3:                           0x4
  P2-1                        0x20000000     0x4  <Init block>
    .data            inited   0x20000000     0x4  system_stm32l4xx.o [1]
                            - 0x20000004     0x4

"P2", part 2 of 3:                         0x400
  CSTACK                      0x20000008   0x400  <Block>
    CSTACK           uninit   0x20000008   0x400  <Block tail>
                            - 0x20000408   0x400

"P2", part 3 of 3:                          0xc0
  .bss               zero     0x20000408    0x84  01bsp_radio_tx.o [1]
  .bss               zero     0x2000048c    0x10  spi.o [1]
  .bss               zero     0x2000049c     0xc  radio.o [1]
  .bss               zero     0x200004a8     0xc  uart.o [1]
  .bss               zero     0x200004b4     0x8  bsp_timer.o [1]
  .bss               zero     0x200004bc     0x8  radiotimer.o [1]
  .bss               zero     0x200004c4     0x4  01bsp_radio_tx.o [1]
                            - 0x200004c8    0xc0


*******************************************************************************
*** INIT TABLE
***

          Address     Size
          -------     ----
Zero (__iar_zero_init3)
    1 destination range, total size 0xc0:
          0x20000408  0xc0

Copy (__iar_copy_init3)
    1 source range, total size 0x4:
          0x08001bbc   0x4
    1 destination range, total size 0x4:
          0x20000000   0x4



*******************************************************************************
*** MODULE SUMMARY
***

    Module                 ro code  ro data  rw data
    ------                 -------  -------  -------
E:\openwsn\openwsn-fw\projects\openmotestmL4\bspradio_tx\EWARM\STM32L476RG_NUCLEO\Obj: [1]
    01bsp_radio_tx.o           196               136
    board.o                    232
    bsp_timer.o                152                 8
    debugpins.o                182
    gpio.o                     102
    leds.o                     112
    nvic.o                     184
    radio.o                    500                12
    radiotimer.o               266                 8
    rcc.o                      148
    spi.o                      598                16
    startup_stm32l476xx.o      708
    stm32l4xx_it.o             228
    stm32l4xx_ll_exti.o        312
    stm32l4xx_ll_gpio.o        272
    stm32l4xx_ll_lptim.o        52
    stm32l4xx_ll_rcc.o         628
    stm32l4xx_ll_spi.o          96
    stm32l4xx_ll_tim.o         944
    stm32l4xx_ll_usart.o       204
    stm32l4xx_ll_utils.o        40
    system_stm32l4xx.o         140       12        4
    uart.o                     428                12
    ------------------------------------------------
    Total:                   6 724       12      196

command line: [2]
    ------------------------------------------------
    Total:

dl7M_tln.a: [3]
    exit.o                       4
    low_level_init.o             4
    ------------------------------------------------
    Total:                       8

m7M_tls.a: [4]
    fpinit_M.o                  34
    ------------------------------------------------
    Total:                      34

rt7M_tl.a: [5]
    ABImemclr4.o                 6
    ABImemset48.o               50
    cexit.o                     10
    cmain.o                     26
    copy_init3.o                44
    cstartup_M.o                12
    data_init.o                 40
    zero_init3.o                64
    ------------------------------------------------
    Total:                     252

shb_l.a: [6]
    exit.o                      20
    ------------------------------------------------
    Total:                      20

    Gaps                        16        2
    Linker created                       36    1 024
----------------------------------------------------
    Grand Total:             7 054       50    1 220


*******************************************************************************
*** ENTRY LIST
***

Entry                      Address   Size  Type      Object
-----                      -------   ----  ----      ------
.iar.init_table$$Base   0x08001a04          --   Gb  - Linker created -
.iar.init_table$$Limit  0x08001a28          --   Gb  - Linker created -
?main                   0x08001a29         Code  Gb  cmain.o [5]
AHBPrescTable           0x0800190c   0x10  Data  Gb  system_stm32l4xx.o [1]
APBPrescTable           0x08001a88    0x8  Data  Gb  system_stm32l4xx.o [1]
BusFault_Handler        0x080017e3    0x2  Code  Gb  stm32l4xx_it.o [1]
CSTACK$$Base            0x20000008          --   Gb  - Linker created -
CSTACK$$Limit           0x20000408          --   Gb  - Linker created -
DebugMon_Handler        0x080017e9    0x2  Code  Gb  stm32l4xx_it.o [1]
EXTI15_10_IRQHandler    0x08001899   0x20  Code  Gb  stm32l4xx_it.o [1]
GPIO_Configuration      0x08001695   0x30  Code  Gb  gpio.o [1]
HardFault_Handler       0x080017df    0x2  Code  Gb  stm32l4xx_it.o [1]
LL_AHB2_GRP1_EnableClock
                        0x08001679   0x16  Code  Lc  gpio.o [1]
LL_APB1_GRP1_EnableClock
                        0x08000c59   0x16  Code  Lc  radiotimer.o [1]
LL_EXTI_Init            0x08001301  0x130  Code  Gb  stm32l4xx_ll_exti.o [1]
LL_GPIO_Init            0x08000f79   0xca  Code  Gb  stm32l4xx_ll_gpio.o [1]
LL_GPIO_SetAFPin_8_15   0x08000803   0x24  Code  Lc  spi.o [1]
LL_GPIO_SetAFPin_8_15   0x080010eb   0x24  Code  Lc  uart.o [1]
LL_GPIO_SetPinMode      0x080007ad   0x10  Code  Lc  spi.o [1]
LL_GPIO_SetPinMode      0x08001089   0x10  Code  Lc  uart.o [1]
LL_GPIO_SetPinOutputType
                        0x08001099    0xc  Code  Lc  uart.o [1]
LL_GPIO_SetPinPull      0x080007e5   0x10  Code  Lc  spi.o [1]
LL_GPIO_SetPinPull      0x080010cd   0x10  Code  Lc  uart.o [1]
LL_GPIO_SetPinSpeed     0x080007bd   0x10  Code  Lc  spi.o [1]
LL_GPIO_SetPinSpeed     0x080010a5   0x10  Code  Lc  uart.o [1]
LL_Init1msTick          0x08001781   0x18  Code  Gb  stm32l4xx_ll_utils.o [1]
LL_LPTIM_Init           0x08000e8d   0x2c  Code  Gb  stm32l4xx_ll_lptim.o [1]
LL_RCC_GetUARTClockFreq
                        0x080005c7   0x6a  Code  Gb  stm32l4xx_ll_rcc.o [1]
LL_RCC_GetUSARTClockFreq
                        0x08000539   0x8e  Code  Gb  stm32l4xx_ll_rcc.o [1]
LL_SPI_Init             0x08000a05   0x54  Code  Gb  stm32l4xx_ll_spi.o [1]
LL_SetSystemCoreClock   0x08001799    0x6  Code  Gb  stm32l4xx_ll_utils.o [1]
LL_TIM_Init             0x08000189   0xa2  Code  Gb  stm32l4xx_ll_tim.o [1]
LL_TIM_OC_Init          0x0800022b  0x1bc  Code  Gb  stm32l4xx_ll_tim.o [1]
LL_USART_Init           0x08001235   0xb4  Code  Gb  stm32l4xx_ll_usart.o [1]
LPTIM1_IRQHandler       0x08001819   0x2e  Code  Gb  stm32l4xx_it.o [1]
MSIRangeTable           0x0800191c   0x30  Data  Gb  system_stm32l4xx.o [1]
MemManage_Handler       0x080017e1    0x2  Code  Gb  stm32l4xx_it.o [1]
NMI_Handler             0x080017dd    0x2  Code  Gb  stm32l4xx_it.o [1]
NVIC_Configuration      0x08000f53   0x12  Code  Gb  nvic.o [1]
NVIC_EnableIRQ          0x08000ec1   0x12  Code  Lc  nvic.o [1]
NVIC_EncodePriority     0x08000eed   0x32  Code  Lc  nvic.o [1]
NVIC_SetPriority        0x08000ed3   0x1a  Code  Lc  nvic.o [1]
NVIC_radio              0x08000f3d   0x16  Code  Gb  nvic.o [1]
NVIC_radiotimer         0x08000f1f   0x16  Code  Gb  nvic.o [1]
OC2Config               0x080003f3   0x7c  Code  Lc  stm32l4xx_ll_tim.o [1]
OC3Config               0x080004a1   0x92  Code  Lc  stm32l4xx_ll_tim.o [1]
PendSV_Handler          0x080017eb    0x2  Code  Gb  stm32l4xx_it.o [1]
RCC_Configuration       0x080015e5   0x82  Code  Gb  rcc.o [1]
RCC_GetHCLKClockFreq    0x080006bb   0x10  Code  Gb  stm32l4xx_ll_rcc.o [1]
RCC_GetPCLK1ClockFreq   0x080006cb    0xe  Code  Gb  stm32l4xx_ll_rcc.o [1]
RCC_GetPCLK2ClockFreq   0x080006df   0x10  Code  Gb  stm32l4xx_ll_rcc.o [1]
RCC_GetSystemClockFreq  0x08000657   0x64  Code  Gb  stm32l4xx_ll_rcc.o [1]
RCC_PLL_GetFreqDomain_SYS
                        0x080006ef   0x64  Code  Gb  stm32l4xx_ll_rcc.o [1]
Region$$Table$$Base     0x08001a04          --   Gb  - Linker created -
Region$$Table$$Limit    0x08001a28          --   Gb  - Linker created -
SPI2_IRQHandler         0x08001847    0xe  Code  Gb  stm32l4xx_it.o [1]
SVC_Handler             0x080017e7    0x2  Code  Gb  stm32l4xx_it.o [1]
SysTick_Handler         0x080017ed    0x2  Code  Gb  stm32l4xx_it.o [1]
SystemCoreClock         0x20000000    0x4  Data  Gb  system_stm32l4xx.o [1]
SystemInit              0x080018c1   0x3c  Code  Gb  system_stm32l4xx.o [1]
TIM1_UP_TIM16_IRQHandler
                        0x080017ef   0x10  Code  Gb  stm32l4xx_it.o [1]
TIM2_IRQHandler         0x080017ff   0x1a  Code  Gb  stm32l4xx_it.o [1]
USART1_IRQHandler       0x08001855   0x30  Code  Gb  stm32l4xx_it.o [1]
UsageFault_Handler      0x080017e5    0x2  Code  Gb  stm32l4xx_it.o [1]
__aeabi_memclr4         0x08001779         Code  Gb  ABImemclr4.o [5]
__cmain                 0x08001a29         Code  Gb  cmain.o [5]
__exit                  0x08001a59   0x14  Code  Gb  exit.o [6]
__iar_Memset4_word      0x080017a9         Code  Gb  ABImemset48.o [5]
__iar_Memset8_word      0x080017a9         Code  Gb  ABImemset48.o [5]
__iar_copy_init3        0x0800198d   0x2c  Code  Gb  copy_init3.o [5]
__iar_data_init3        0x080019b9   0x28  Code  Gb  data_init.o [5]
__iar_init_vfp          0x080019e1         Code  Gb  fpinit_M.o [4]
__iar_program_start     0x08001a7d         Code  Gb  cstartup_M.o [5]
__iar_zero_init3        0x0800194d   0x40  Code  Gb  zero_init3.o [5]
__low_level_init        0x08001a43    0x4  Code  Gb  low_level_init.o [3]
__vector_table          0x08000000         Data  Gb  startup_stm32l476xx.o [1]
_call_main              0x08001a35         Code  Gb  cmain.o [5]
_exit                   0x08001a4d         Code  Gb  cexit.o [5]
_main                   0x08001a3f         Code  Gb  cmain.o [5]
app_dbg                 0x200004c4    0x4  Data  Gb  01bsp_radio_tx.o [1]
app_vars                0x20000408   0x84  Data  Gb  01bsp_radio_tx.o [1]
board_init              0x0800143d   0xc6  Code  Gb  board.o [1]
board_sleep             0x0800151f    0x2  Code  Gb  board.o [1]
bsp_timer_init          0x080016e1   0x80  Code  Gb  bsp_timer.o [1]
bsp_timer_isr           0x08001761    0xc  Code  Gb  bsp_timer.o [1]
bsp_timer_vars          0x200004b4    0x8  Data  Gb  bsp_timer.o [1]
cb_endFrame             0x080015d1    0xc  Code  Gb  01bsp_radio_tx.o [1]
cb_radioTimerCompare    0x080015a9    0xa  Code  Gb  01bsp_radio_tx.o [1]
cb_radioTimerOverflows  0x080015b5   0x10  Code  Gb  01bsp_radio_tx.o [1]
cb_startFrame           0x080015c5    0xc  Code  Gb  01bsp_radio_tx.o [1]
debugpins_init          0x08000d65   0x76  Code  Gb  debugpins.o [1]
debugpins_isr_clr       0x08000deb    0x4  Code  Gb  debugpins.o [1]
debugpins_isr_set       0x08000def    0x2  Code  Gb  debugpins.o [1]
debugpins_radio_clr     0x08000df7    0x4  Code  Gb  debugpins.o [1]
debugpins_radio_set     0x08000e0d    0x8  Code  Gb  debugpins.o [1]
exit                    0x08001a47    0x4  Code  Gb  exit.o [3]
leds_error_toggle       0x08000e53    0xc  Code  Gb  leds.o [1]
leds_init               0x08000e1d   0x36  Code  Gb  leds.o [1]
leds_radio_off          0x08000e63    0x2  Code  Gb  leds.o [1]
leds_radio_on           0x08000e5f    0x4  Code  Gb  leds.o [1]
leds_sync_off           0x08000e6f    0x2  Code  Gb  leds.o [1]
leds_sync_on            0x08000e6b    0x4  Code  Gb  leds.o [1]
main                    0x08001439    0x4  Code  Gb  board.o [1]
mote_main               0x08001521   0x88  Code  Gb  01bsp_radio_tx.o [1]
radio_init              0x08000a65   0x42  Code  Gb  radio.o [1]
radio_isr               0x08000c11   0x3c  Code  Gb  radio.o [1]
radio_loadPacket        0x08000b03   0x12  Code  Gb  radio.o [1]
radio_rfOff             0x08000ad7   0x26  Code  Gb  radio.o [1]
radio_rfOn              0x08000ad5    0x2  Code  Gb  radio.o [1]
radio_setCompareCb      0x08000aab    0x4  Code  Gb  radio.o [1]
radio_setEndFrameCb     0x08000ab5    0x6  Code  Gb  radio.o [1]
radio_setFrequency      0x08000abb   0x1a  Code  Gb  radio.o [1]
radio_setOverflowCb     0x08000aa7    0x4  Code  Gb  radio.o [1]
radio_setStartFrameCb   0x08000aaf    0x6  Code  Gb  radio.o [1]
radio_spiReadReg        0x08000b95   0x32  Code  Gb  radio.o [1]
radio_spiWriteReg       0x08000b71   0x24  Code  Gb  radio.o [1]
radio_spiWriteTxFifo    0x08000bc7   0x3e  Code  Gb  radio.o [1]
radio_txEnable          0x08000b15   0x28  Code  Gb  radio.o [1]
radio_txNow             0x08000b45   0x2c  Code  Gb  radio.o [1]
radio_vars              0x2000049c    0xc  Data  Gb  radio.o [1]
radiotimer_compare_isr  0x08000d33   0x10  Code  Gb  radiotimer.o [1]
radiotimer_getCapturedTime
                        0x08000d13    0x2  Code  Gb  radiotimer.o [1]
radiotimer_init         0x08000c6f   0x44  Code  Gb  radiotimer.o [1]
radiotimer_overflow_isr
                        0x08000d1d   0x16  Code  Gb  radiotimer.o [1]
radiotimer_setCompareCb
                        0x08000cb9    0x6  Code  Gb  radiotimer.o [1]
radiotimer_setOverflowCb
                        0x08000cb3    0x6  Code  Gb  radiotimer.o [1]
radiotimer_start        0x08000cbf   0x54  Code  Gb  radiotimer.o [1]
radiotimer_vars         0x200004bc    0x8  Data  Gb  radiotimer.o [1]
spi_init                0x08000827  0x124  Code  Gb  spi.o [1]
spi_isr                 0x08000a01    0x2  Code  Gb  spi.o [1]
spi_txrx                0x0800095f   0x8a  Code  Gb  spi.o [1]
spi_vars                0x2000048c   0x10  Data  Gb  spi.o [1]
uart_init               0x0800110f   0xea  Code  Gb  uart.o [1]
uart_rx_isr             0x0800121b    0xc  Code  Gb  uart.o [1]
uart_tx_isr             0x0800120f    0xc  Code  Gb  uart.o [1]
uart_vars               0x200004a8    0xc  Data  Gb  uart.o [1]


[1] = E:\openwsn\openwsn-fw\projects\openmotestmL4\bspradio_tx\EWARM\STM32L476RG_NUCLEO\Obj
[2] = command line
[3] = dl7M_tln.a
[4] = m7M_tls.a
[5] = rt7M_tl.a
[6] = shb_l.a

  7 054 bytes of readonly  code memory
     50 bytes of readonly  data memory
  1 220 bytes of readwrite data memory

Errors: none
Warnings: none
