###############################################################################
#
# IAR ELF Linker V7.50.3.10732/W32 for ARM                13/Feb/2019  22:43:27
# Copyright 2007-2016 IAR Systems AB.
#
#    Output file  =  
#        E:\openwsn\openwsn-fw\projects\openmotestmL4\bothtimers\EWARM\STM32L476RG_NUCLEO\Exe\Project.out
#    Map file     =  
#        E:\openwsn\openwsn-fw\projects\openmotestmL4\bothtimers\EWARM\STM32L476RG_NUCLEO\List\Project.map
#    Command line =  
#        E:\openwsn\openwsn-fw\projects\openmotestmL4\bothtimers\EWARM\STM32L476RG_NUCLEO\Obj\01bsp_bothtimers.o
#        E:\openwsn\openwsn-fw\projects\openmotestmL4\bothtimers\EWARM\STM32L476RG_NUCLEO\Obj\board.o
#        E:\openwsn\openwsn-fw\projects\openmotestmL4\bothtimers\EWARM\STM32L476RG_NUCLEO\Obj\bsp_timer.o
#        E:\openwsn\openwsn-fw\projects\openmotestmL4\bothtimers\EWARM\STM32L476RG_NUCLEO\Obj\debugpins.o
#        E:\openwsn\openwsn-fw\projects\openmotestmL4\bothtimers\EWARM\STM32L476RG_NUCLEO\Obj\gpio.o
#        E:\openwsn\openwsn-fw\projects\openmotestmL4\bothtimers\EWARM\STM32L476RG_NUCLEO\Obj\leds.o
#        E:\openwsn\openwsn-fw\projects\openmotestmL4\bothtimers\EWARM\STM32L476RG_NUCLEO\Obj\nvic.o
#        E:\openwsn\openwsn-fw\projects\openmotestmL4\bothtimers\EWARM\STM32L476RG_NUCLEO\Obj\opentimers.o
#        E:\openwsn\openwsn-fw\projects\openmotestmL4\bothtimers\EWARM\STM32L476RG_NUCLEO\Obj\radiotimer.o
#        E:\openwsn\openwsn-fw\projects\openmotestmL4\bothtimers\EWARM\STM32L476RG_NUCLEO\Obj\rcc.o
#        E:\openwsn\openwsn-fw\projects\openmotestmL4\bothtimers\EWARM\STM32L476RG_NUCLEO\Obj\startup_stm32l476xx.o
#        E:\openwsn\openwsn-fw\projects\openmotestmL4\bothtimers\EWARM\STM32L476RG_NUCLEO\Obj\stm32l4xx_it.o
#        E:\openwsn\openwsn-fw\projects\openmotestmL4\bothtimers\EWARM\STM32L476RG_NUCLEO\Obj\stm32l4xx_ll_adc.o
#        E:\openwsn\openwsn-fw\projects\openmotestmL4\bothtimers\EWARM\STM32L476RG_NUCLEO\Obj\stm32l4xx_ll_comp.o
#        E:\openwsn\openwsn-fw\projects\openmotestmL4\bothtimers\EWARM\STM32L476RG_NUCLEO\Obj\stm32l4xx_ll_crc.o
#        E:\openwsn\openwsn-fw\projects\openmotestmL4\bothtimers\EWARM\STM32L476RG_NUCLEO\Obj\stm32l4xx_ll_crs.o
#        E:\openwsn\openwsn-fw\projects\openmotestmL4\bothtimers\EWARM\STM32L476RG_NUCLEO\Obj\stm32l4xx_ll_dac.o
#        E:\openwsn\openwsn-fw\projects\openmotestmL4\bothtimers\EWARM\STM32L476RG_NUCLEO\Obj\stm32l4xx_ll_dma.o
#        E:\openwsn\openwsn-fw\projects\openmotestmL4\bothtimers\EWARM\STM32L476RG_NUCLEO\Obj\stm32l4xx_ll_dma2d.o
#        E:\openwsn\openwsn-fw\projects\openmotestmL4\bothtimers\EWARM\STM32L476RG_NUCLEO\Obj\stm32l4xx_ll_exti.o
#        E:\openwsn\openwsn-fw\projects\openmotestmL4\bothtimers\EWARM\STM32L476RG_NUCLEO\Obj\stm32l4xx_ll_gpio.o
#        E:\openwsn\openwsn-fw\projects\openmotestmL4\bothtimers\EWARM\STM32L476RG_NUCLEO\Obj\stm32l4xx_ll_i2c.o
#        E:\openwsn\openwsn-fw\projects\openmotestmL4\bothtimers\EWARM\STM32L476RG_NUCLEO\Obj\stm32l4xx_ll_lptim.o
#        E:\openwsn\openwsn-fw\projects\openmotestmL4\bothtimers\EWARM\STM32L476RG_NUCLEO\Obj\stm32l4xx_ll_lpuart.o
#        E:\openwsn\openwsn-fw\projects\openmotestmL4\bothtimers\EWARM\STM32L476RG_NUCLEO\Obj\stm32l4xx_ll_opamp.o
#        E:\openwsn\openwsn-fw\projects\openmotestmL4\bothtimers\EWARM\STM32L476RG_NUCLEO\Obj\stm32l4xx_ll_pwr.o
#        E:\openwsn\openwsn-fw\projects\openmotestmL4\bothtimers\EWARM\STM32L476RG_NUCLEO\Obj\stm32l4xx_ll_rcc.o
#        E:\openwsn\openwsn-fw\projects\openmotestmL4\bothtimers\EWARM\STM32L476RG_NUCLEO\Obj\stm32l4xx_ll_rng.o
#        E:\openwsn\openwsn-fw\projects\openmotestmL4\bothtimers\EWARM\STM32L476RG_NUCLEO\Obj\stm32l4xx_ll_rtc.o
#        E:\openwsn\openwsn-fw\projects\openmotestmL4\bothtimers\EWARM\STM32L476RG_NUCLEO\Obj\stm32l4xx_ll_spi.o
#        E:\openwsn\openwsn-fw\projects\openmotestmL4\bothtimers\EWARM\STM32L476RG_NUCLEO\Obj\stm32l4xx_ll_swpmi.o
#        E:\openwsn\openwsn-fw\projects\openmotestmL4\bothtimers\EWARM\STM32L476RG_NUCLEO\Obj\stm32l4xx_ll_tim.o
#        E:\openwsn\openwsn-fw\projects\openmotestmL4\bothtimers\EWARM\STM32L476RG_NUCLEO\Obj\stm32l4xx_ll_usart.o
#        E:\openwsn\openwsn-fw\projects\openmotestmL4\bothtimers\EWARM\STM32L476RG_NUCLEO\Obj\stm32l4xx_ll_utils.o
#        E:\openwsn\openwsn-fw\projects\openmotestmL4\bothtimers\EWARM\STM32L476RG_NUCLEO\Obj\system_stm32l4xx.o
#        -o
#        E:\openwsn\openwsn-fw\projects\openmotestmL4\bothtimers\EWARM\STM32L476RG_NUCLEO\Exe\Project.out
#        --map
#        E:\openwsn\openwsn-fw\projects\openmotestmL4\bothtimers\EWARM\STM32L476RG_NUCLEO\List\Project.map
#        --config
#        E:\openwsn\openwsn-fw\projects\openmotestmL4\bothtimers\EWARM\stm32l476xx_flash.icf
#        --semihosting --entry __iar_program_start --vfe
#
###############################################################################

*******************************************************************************
*** RUNTIME MODEL ATTRIBUTES
***

CppFlavor       = *
__SystemLibrary = DLib


*******************************************************************************
*** PLACEMENT SUMMARY
***

"A1":  place at 0x08000000 { ro section .intvec };
"P1":  place in [from 0x08000000 to 0x080fffff] { ro };
"P2":  place in [from 0x20000000 to 0x20017fff] { rw, block CSTACK, block HEAP };

  Section            Kind        Address   Size  Object
  -------            ----        -------   ----  ------
"A1":                                     0x188
  .intvec            ro code  0x08000000  0x188  startup_stm32l476xx.o [1]
                            - 0x08000188  0x188

"P1":                                     0xf7a
  .text              ro code  0x08000188  0x3b0  stm32l4xx_ll_tim.o [1]
  .text              ro code  0x08000538  0x13a  radiotimer.o [1]
  .text              ro code  0x08000674   0x34  stm32l4xx_ll_lptim.o [1]
  .text              ro code  0x080006a8   0xbc  nvic.o [1]
  .text              ro code  0x08000764  0x138  stm32l4xx_ll_exti.o [1]
  .text              ro code  0x0800089c  0x110  stm32l4xx_ll_gpio.o [1]
  .text              ro code  0x080009ac   0xdc  01bsp_bothtimers.o [1]
  .text              ro code  0x08000a88   0xd4  board.o [1]
  .text              ro code  0x08000b5c   0x74  leds.o [1]
  .text              ro code  0x08000bd0   0xdc  bsp_timer.o [1]
  .text              ro code  0x08000cac   0x38  debugpins.o [1]
  .text              ro code  0x08000ce4   0x94  rcc.o [1]
  .text              ro code  0x08000d78   0x66  gpio.o [1]
  .text              ro code  0x08000de0   0x28  stm32l4xx_ll_utils.o [1]
  .text              ro code  0x08000e08   0x7c  stm32l4xx_it.o [1]
  .text              ro code  0x08000e84   0x4c  system_stm32l4xx.o [1]
  .text              ro code  0x08000ed0   0x38  packbits_init_single.o [5]
  .text              ro code  0x08000f08   0x28  data_init.o [5]
  .text              ro code  0x08000f30   0x22  fpinit_M.o [4]
  .iar.init_table    const    0x08000f54   0x10  - Linker created -
  .text              ro code  0x08000f64   0x1a  cmain.o [5]
  .text              ro code  0x08000f7e    0x4  low_level_init.o [3]
  .text              ro code  0x08000f82    0x4  exit.o [3]
  .text              ro code  0x08000f88    0xa  cexit.o [5]
  .text              ro code  0x08000f94   0x14  exit.o [6]
  .text              ro code  0x08000fa8   0x10  startup_stm32l476xx.o [1]
  .text              ro code  0x08000fb8    0xc  cstartup_M.o [5]
  .text              ro code  0x08000fc4    0x4  startup_stm32l476xx.o [1]
  .text              ro code  0x08000fc8    0x4  startup_stm32l476xx.o [1]
  .text              ro code  0x08000fcc    0x4  startup_stm32l476xx.o [1]
  .text              ro code  0x08000fd0    0x4  startup_stm32l476xx.o [1]
  .text              ro code  0x08000fd4    0x4  startup_stm32l476xx.o [1]
  .text              ro code  0x08000fd8    0x4  startup_stm32l476xx.o [1]
  .text              ro code  0x08000fdc    0x4  startup_stm32l476xx.o [1]
  .text              ro code  0x08000fe0    0x4  startup_stm32l476xx.o [1]
  .text              ro code  0x08000fe4    0x4  startup_stm32l476xx.o [1]
  .text              ro code  0x08000fe8    0x4  startup_stm32l476xx.o [1]
  .text              ro code  0x08000fec    0x4  startup_stm32l476xx.o [1]
  .text              ro code  0x08000ff0    0x4  startup_stm32l476xx.o [1]
  .text              ro code  0x08000ff4    0x4  startup_stm32l476xx.o [1]
  .text              ro code  0x08000ff8    0x4  startup_stm32l476xx.o [1]
  .text              ro code  0x08000ffc    0x4  startup_stm32l476xx.o [1]
  .text              ro code  0x08001000    0x4  startup_stm32l476xx.o [1]
  .text              ro code  0x08001004    0x4  startup_stm32l476xx.o [1]
  .text              ro code  0x08001008    0x4  startup_stm32l476xx.o [1]
  .text              ro code  0x0800100c    0x4  startup_stm32l476xx.o [1]
  .text              ro code  0x08001010    0x4  startup_stm32l476xx.o [1]
  .text              ro code  0x08001014    0x4  startup_stm32l476xx.o [1]
  .text              ro code  0x08001018    0x4  startup_stm32l476xx.o [1]
  .text              ro code  0x0800101c    0x4  startup_stm32l476xx.o [1]
  .text              ro code  0x08001020    0x4  startup_stm32l476xx.o [1]
  .text              ro code  0x08001024    0x4  startup_stm32l476xx.o [1]
  .text              ro code  0x08001028    0x4  startup_stm32l476xx.o [1]
  .text              ro code  0x0800102c    0x4  startup_stm32l476xx.o [1]
  .text              ro code  0x08001030    0x4  startup_stm32l476xx.o [1]
  .text              ro code  0x08001034    0x4  startup_stm32l476xx.o [1]
  .text              ro code  0x08001038    0x4  startup_stm32l476xx.o [1]
  .text              ro code  0x0800103c    0x4  startup_stm32l476xx.o [1]
  .text              ro code  0x08001040    0x4  startup_stm32l476xx.o [1]
  .text              ro code  0x08001044    0x4  startup_stm32l476xx.o [1]
  .text              ro code  0x08001048    0x4  startup_stm32l476xx.o [1]
  .text              ro code  0x0800104c    0x4  startup_stm32l476xx.o [1]
  .text              ro code  0x08001050    0x4  startup_stm32l476xx.o [1]
  .text              ro code  0x08001054    0x4  startup_stm32l476xx.o [1]
  .text              ro code  0x08001058    0x4  startup_stm32l476xx.o [1]
  .text              ro code  0x0800105c    0x4  startup_stm32l476xx.o [1]
  .text              ro code  0x08001060    0x4  startup_stm32l476xx.o [1]
  .text              ro code  0x08001064    0x4  startup_stm32l476xx.o [1]
  .text              ro code  0x08001068    0x4  startup_stm32l476xx.o [1]
  .text              ro code  0x0800106c    0x4  startup_stm32l476xx.o [1]
  .text              ro code  0x08001070    0x4  startup_stm32l476xx.o [1]
  .text              ro code  0x08001074    0x4  startup_stm32l476xx.o [1]
  .text              ro code  0x08001078    0x4  startup_stm32l476xx.o [1]
  .text              ro code  0x0800107c    0x4  startup_stm32l476xx.o [1]
  .text              ro code  0x08001080    0x4  startup_stm32l476xx.o [1]
  .text              ro code  0x08001084    0x4  startup_stm32l476xx.o [1]
  .text              ro code  0x08001088    0x4  startup_stm32l476xx.o [1]
  .text              ro code  0x0800108c    0x4  startup_stm32l476xx.o [1]
  .text              ro code  0x08001090    0x4  startup_stm32l476xx.o [1]
  .text              ro code  0x08001094    0x4  startup_stm32l476xx.o [1]
  .text              ro code  0x08001098    0x4  startup_stm32l476xx.o [1]
  .text              ro code  0x0800109c    0x4  startup_stm32l476xx.o [1]
  .text              ro code  0x080010a0    0x4  startup_stm32l476xx.o [1]
  .text              ro code  0x080010a4    0x4  startup_stm32l476xx.o [1]
  .text              ro code  0x080010a8    0x4  startup_stm32l476xx.o [1]
  .text              ro code  0x080010ac    0x4  startup_stm32l476xx.o [1]
  .text              ro code  0x080010b0    0x4  startup_stm32l476xx.o [1]
  .text              ro code  0x080010b4    0x4  startup_stm32l476xx.o [1]
  .text              ro code  0x080010b8    0x4  startup_stm32l476xx.o [1]
  .text              ro code  0x080010bc    0x4  startup_stm32l476xx.o [1]
  .text              ro code  0x080010c0    0x4  startup_stm32l476xx.o [1]
  .text              ro code  0x080010c4    0x4  startup_stm32l476xx.o [1]
  .text              ro code  0x080010c8    0x4  startup_stm32l476xx.o [1]
  .text              ro code  0x080010cc    0x4  startup_stm32l476xx.o [1]
  .text              ro code  0x080010d0    0x4  startup_stm32l476xx.o [1]
  .text              ro code  0x080010d4    0x4  startup_stm32l476xx.o [1]
  .text              ro code  0x080010d8    0x4  startup_stm32l476xx.o [1]
  .text              ro code  0x080010dc    0x4  startup_stm32l476xx.o [1]
  .text              ro code  0x080010e0    0x4  startup_stm32l476xx.o [1]
  .text              ro code  0x080010e4    0x4  startup_stm32l476xx.o [1]
  .text              ro code  0x080010e8    0x4  startup_stm32l476xx.o [1]
  .text              ro code  0x080010ec    0x4  startup_stm32l476xx.o [1]
  .text              ro code  0x080010f0    0x4  startup_stm32l476xx.o [1]
  .text              ro code  0x080010f4    0x4  startup_stm32l476xx.o [1]
  .text              ro code  0x080010f8    0x4  startup_stm32l476xx.o [1]
  .rodata            const    0x080010fc    0x0  packbits_init_single.o [5]
  Initializer bytes  const    0x080010fc    0x6  <for P2-1>
                            - 0x08001102  0xf7a

"P2", part 1 of 2:                         0x20
  P2-1                        0x20000000   0x20  <Init block>
    .data            inited   0x20000000    0x4  system_stm32l4xx.o [1]
    .bss             inited   0x20000004    0xc  01bsp_bothtimers.o [1]
    .bss             inited   0x20000010    0x8  bsp_timer.o [1]
    .bss             inited   0x20000018    0x8  radiotimer.o [1]
                            - 0x20000020   0x20

"P2", part 2 of 2:                        0x400
  CSTACK                      0x20000020  0x400  <Block>
    CSTACK           uninit   0x20000020  0x400  <Block tail>
                            - 0x20000420  0x400


*******************************************************************************
*** INIT TABLE
***

          Address     Size
          -------     ----
Copy/packbits (__iar_packbits_init_single3)
    1 source range, total size 0x6 (18% of destination):
          0x080010fc   0x6
    1 destination range, total size 0x20:
          0x20000000  0x20



*******************************************************************************
*** MODULE SUMMARY
***

    Module                  ro code  ro data  rw data
    ------                  -------  -------  -------
E:\openwsn\openwsn-fw\projects\openmotestmL4\bothtimers\EWARM\STM32L476RG_NUCLEO\Obj: [1]
    01bsp_bothtimers.o          220        3       12
    board.o                     212
    bsp_timer.o                 220        1        8
    debugpins.o                  56
    gpio.o                      102
    leds.o                      116
    nvic.o                      188
    radiotimer.o                314        2        8
    rcc.o                       148
    startup_stm32l476xx.o       720
    stm32l4xx_it.o              124
    stm32l4xx_ll_exti.o         312
    stm32l4xx_ll_gpio.o         272
    stm32l4xx_ll_lptim.o         52
    stm32l4xx_ll_tim.o          944
    stm32l4xx_ll_utils.o         40
    system_stm32l4xx.o           76                 4
    -------------------------------------------------
    Total:                    4 116        6       32

command line: [2]
    -------------------------------------------------
    Total:

dl7M_tln.a: [3]
    exit.o                        4
    low_level_init.o              4
    -------------------------------------------------
    Total:                        8

m7M_tls.a: [4]
    fpinit_M.o                   34
    -------------------------------------------------
    Total:                       34

rt7M_tl.a: [5]
    cexit.o                      10
    cmain.o                      26
    cstartup_M.o                 12
    data_init.o                  40
    packbits_init_single.o       56
    -------------------------------------------------
    Total:                      144

shb_l.a: [6]
    exit.o                       20
    -------------------------------------------------
    Total:                       20

    Gaps                          8        2
    Linker created                        16    1 024
-----------------------------------------------------
    Grand Total:              4 330       24    1 056


*******************************************************************************
*** ENTRY LIST
***

Entry                      Address   Size  Type      Object
-----                      -------   ----  ----      ------
.iar.init_table$$Base   0x08000f54          --   Gb  - Linker created -
.iar.init_table$$Limit  0x08000f64          --   Gb  - Linker created -
?main                   0x08000f65         Code  Gb  cmain.o [5]
BusFault_Handler        0x08000e0f    0x2  Code  Gb  stm32l4xx_it.o [1]
CSTACK$$Base            0x20000020          --   Gb  - Linker created -
CSTACK$$Limit           0x20000420          --   Gb  - Linker created -
DebugMon_Handler        0x08000e15    0x2  Code  Gb  stm32l4xx_it.o [1]
GPIO_Configuration      0x08000d95   0x30  Code  Gb  gpio.o [1]
HardFault_Handler       0x08000e0b    0x2  Code  Gb  stm32l4xx_it.o [1]
LL_AHB2_GRP1_EnableClock
                        0x08000d79   0x16  Code  Lc  gpio.o [1]
LL_APB1_GRP1_EnableClock
                        0x08000539   0x16  Code  Lc  radiotimer.o [1]
LL_EXTI_Init            0x08000765  0x130  Code  Gb  stm32l4xx_ll_exti.o [1]
LL_GPIO_Init            0x0800089d   0xca  Code  Gb  stm32l4xx_ll_gpio.o [1]
LL_Init1msTick          0x08000de1   0x18  Code  Gb  stm32l4xx_ll_utils.o [1]
LL_LPTIM_Init           0x08000675   0x2c  Code  Gb  stm32l4xx_ll_lptim.o [1]
LL_SetSystemCoreClock   0x08000df9    0x6  Code  Gb  stm32l4xx_ll_utils.o [1]
LL_TIM_Init             0x08000189   0xa2  Code  Gb  stm32l4xx_ll_tim.o [1]
LL_TIM_OC_Init          0x0800022b  0x1bc  Code  Gb  stm32l4xx_ll_tim.o [1]
LPTIM1_IRQHandler       0x08000e4b   0x2e  Code  Gb  stm32l4xx_it.o [1]
MemManage_Handler       0x08000e0d    0x2  Code  Gb  stm32l4xx_it.o [1]
NMI_Handler             0x08000e09    0x2  Code  Gb  stm32l4xx_it.o [1]
NVIC_Configuration      0x0800073f   0x12  Code  Gb  nvic.o [1]
NVIC_EnableIRQ          0x080006a9   0x12  Code  Lc  nvic.o [1]
NVIC_EncodePriority     0x080006d5   0x32  Code  Lc  nvic.o [1]
NVIC_SetPriority        0x080006bb   0x1a  Code  Lc  nvic.o [1]
NVIC_bsptimer           0x08000707   0x1c  Code  Gb  nvic.o [1]
NVIC_radiotimer         0x08000723   0x1c  Code  Gb  nvic.o [1]
OC2Config               0x080003f3   0x7c  Code  Lc  stm32l4xx_ll_tim.o [1]
OC3Config               0x080004a1   0x92  Code  Lc  stm32l4xx_ll_tim.o [1]
PendSV_Handler          0x08000e17    0x2  Code  Gb  stm32l4xx_it.o [1]
RCC_Configuration       0x08000ce5   0x82  Code  Gb  rcc.o [1]
Region$$Table$$Base     0x08000f54          --   Gb  - Linker created -
Region$$Table$$Limit    0x08000f64          --   Gb  - Linker created -
SVC_Handler             0x08000e13    0x2  Code  Gb  stm32l4xx_it.o [1]
SysTick_Handler         0x08000e19    0x2  Code  Gb  stm32l4xx_it.o [1]
SystemCoreClock         0x20000000    0x4  Data  Gb  system_stm32l4xx.o [1]
SystemInit              0x08000e85   0x3c  Code  Gb  system_stm32l4xx.o [1]
TIM1_UP_TIM16_IRQHandler
                        0x08000e1b   0x10  Code  Gb  stm32l4xx_it.o [1]
TIM2_IRQHandler         0x08000e2b   0x20  Code  Gb  stm32l4xx_it.o [1]
UsageFault_Handler      0x08000e11    0x2  Code  Gb  stm32l4xx_it.o [1]
__cmain                 0x08000f65         Code  Gb  cmain.o [5]
__exit                  0x08000f95   0x14  Code  Gb  exit.o [6]
__iar_data_init3        0x08000f09   0x28  Code  Gb  data_init.o [5]
__iar_init_vfp          0x08000f31         Code  Gb  fpinit_M.o [4]
__iar_packbits_init_single3
                        0x08000ed1   0x38  Code  Gb  packbits_init_single.o [5]
__iar_program_start     0x08000fb9         Code  Gb  cstartup_M.o [5]
__low_level_init        0x08000f7f    0x4  Code  Gb  low_level_init.o [3]
__vector_table          0x08000000         Data  Gb  startup_stm32l476xx.o [1]
_call_main              0x08000f71         Code  Gb  cmain.o [5]
_exit                   0x08000f89         Code  Gb  cexit.o [5]
_main                   0x08000f7b         Code  Gb  cmain.o [5]
app_dbg                 0x20000008    0x8  Data  Gb  01bsp_bothtimers.o [1]
app_vars                0x20000004    0x4  Data  Gb  01bsp_bothtimers.o [1]
board_init              0x08000a8d   0xb2  Code  Gb  board.o [1]
board_sleep             0x08000b5b    0x2  Code  Gb  board.o [1]
bsp_timer_cb_compare    0x080009f5   0x1e  Code  Gb  01bsp_bothtimers.o [1]
bsp_timer_init          0x08000bd1   0x80  Code  Gb  bsp_timer.o [1]
bsp_timer_isr           0x08000c95    0xc  Code  Gb  bsp_timer.o [1]
bsp_timer_scheduleIn    0x08000c59   0x3c  Code  Gb  bsp_timer.o [1]
bsp_timer_set_callback  0x08000c51    0x8  Code  Gb  bsp_timer.o [1]
bsp_timer_vars          0x20000010    0x8  Data  Gb  bsp_timer.o [1]
debugpins_frame_toggle  0x08000cad    0x4  Code  Gb  debugpins.o [1]
debugpins_fsm_toggle    0x08000cbd    0x2  Code  Gb  debugpins.o [1]
debugpins_isr_clr       0x08000cc9    0x4  Code  Gb  debugpins.o [1]
debugpins_isr_set       0x08000ccd    0x2  Code  Gb  debugpins.o [1]
debugpins_slot_toggle   0x08000cb1    0xc  Code  Gb  debugpins.o [1]
exit                    0x08000f83    0x4  Code  Gb  exit.o [3]
leds_error_toggle       0x08000b93    0xc  Code  Gb  leds.o [1]
leds_init               0x08000b5d   0x36  Code  Gb  leds.o [1]
leds_radio_on           0x08000b9f    0x4  Code  Gb  leds.o [1]
leds_radio_toggle       0x08000ba9    0xc  Code  Gb  leds.o [1]
leds_sync_toggle        0x08000bb5    0xc  Code  Gb  leds.o [1]
main                    0x08000a89    0x4  Code  Gb  board.o [1]
mote_main               0x080009ad   0x48  Code  Gb  01bsp_bothtimers.o [1]
radiotimer_cancel       0x08000611   0x18  Code  Gb  radiotimer.o [1]
radiotimer_cb_compare   0x08000a51   0x34  Code  Gb  01bsp_bothtimers.o [1]
radiotimer_cb_overflow  0x08000a15   0x3a  Code  Gb  01bsp_bothtimers.o [1]
radiotimer_compare_isr  0x0800063f   0x10  Code  Gb  radiotimer.o [1]
radiotimer_init         0x0800054f   0x44  Code  Gb  radiotimer.o [1]
radiotimer_overflow_isr
                        0x08000629   0x16  Code  Gb  radiotimer.o [1]
radiotimer_schedule     0x080005f3   0x1e  Code  Gb  radiotimer.o [1]
radiotimer_setCompareCb
                        0x08000599    0x6  Code  Gb  radiotimer.o [1]
radiotimer_setOverflowCb
                        0x08000593    0x6  Code  Gb  radiotimer.o [1]
radiotimer_start        0x0800059f   0x54  Code  Gb  radiotimer.o [1]
radiotimer_vars         0x20000018    0x8  Data  Gb  radiotimer.o [1]


[1] = E:\openwsn\openwsn-fw\projects\openmotestmL4\bothtimers\EWARM\STM32L476RG_NUCLEO\Obj
[2] = command line
[3] = dl7M_tln.a
[4] = m7M_tls.a
[5] = rt7M_tl.a
[6] = shb_l.a

  4 330 bytes of readonly  code memory
     24 bytes of readonly  data memory
  1 056 bytes of readwrite data memory

Errors: none
Warnings: none
