###############################################################################
#
# IAR ELF Linker V7.50.3.10732/W32 for ARM                12/Feb/2019  18:29:20
# Copyright 2007-2016 IAR Systems AB.
#
#    Output file  =  
#        E:\openwsn\openwsn-fw\projects\openmotestmL4\GPIO_InfiniteLedToggling\EWARM\STM32L476RG_NUCLEO\Exe\Project.out
#    Map file     =  
#        E:\openwsn\openwsn-fw\projects\openmotestmL4\GPIO_InfiniteLedToggling\EWARM\STM32L476RG_NUCLEO\List\Project.map
#    Command line =  
#        E:\openwsn\openwsn-fw\projects\openmotestmL4\GPIO_InfiniteLedToggling\EWARM\STM32L476RG_NUCLEO\Obj\01bsp_leds.o
#        E:\openwsn\openwsn-fw\projects\openmotestmL4\GPIO_InfiniteLedToggling\EWARM\STM32L476RG_NUCLEO\Obj\board.o
#        E:\openwsn\openwsn-fw\projects\openmotestmL4\GPIO_InfiniteLedToggling\EWARM\STM32L476RG_NUCLEO\Obj\gpio.o
#        E:\openwsn\openwsn-fw\projects\openmotestmL4\GPIO_InfiniteLedToggling\EWARM\STM32L476RG_NUCLEO\Obj\leds.o
#        E:\openwsn\openwsn-fw\projects\openmotestmL4\GPIO_InfiniteLedToggling\EWARM\STM32L476RG_NUCLEO\Obj\nvic.o
#        E:\openwsn\openwsn-fw\projects\openmotestmL4\GPIO_InfiniteLedToggling\EWARM\STM32L476RG_NUCLEO\Obj\opentimers.o
#        E:\openwsn\openwsn-fw\projects\openmotestmL4\GPIO_InfiniteLedToggling\EWARM\STM32L476RG_NUCLEO\Obj\rcc.o
#        E:\openwsn\openwsn-fw\projects\openmotestmL4\GPIO_InfiniteLedToggling\EWARM\STM32L476RG_NUCLEO\Obj\startup_stm32l476xx.o
#        E:\openwsn\openwsn-fw\projects\openmotestmL4\GPIO_InfiniteLedToggling\EWARM\STM32L476RG_NUCLEO\Obj\stm32l4xx_it.o
#        E:\openwsn\openwsn-fw\projects\openmotestmL4\GPIO_InfiniteLedToggling\EWARM\STM32L476RG_NUCLEO\Obj\stm32l4xx_ll_adc.o
#        E:\openwsn\openwsn-fw\projects\openmotestmL4\GPIO_InfiniteLedToggling\EWARM\STM32L476RG_NUCLEO\Obj\stm32l4xx_ll_comp.o
#        E:\openwsn\openwsn-fw\projects\openmotestmL4\GPIO_InfiniteLedToggling\EWARM\STM32L476RG_NUCLEO\Obj\stm32l4xx_ll_crc.o
#        E:\openwsn\openwsn-fw\projects\openmotestmL4\GPIO_InfiniteLedToggling\EWARM\STM32L476RG_NUCLEO\Obj\stm32l4xx_ll_crs.o
#        E:\openwsn\openwsn-fw\projects\openmotestmL4\GPIO_InfiniteLedToggling\EWARM\STM32L476RG_NUCLEO\Obj\stm32l4xx_ll_dac.o
#        E:\openwsn\openwsn-fw\projects\openmotestmL4\GPIO_InfiniteLedToggling\EWARM\STM32L476RG_NUCLEO\Obj\stm32l4xx_ll_dma.o
#        E:\openwsn\openwsn-fw\projects\openmotestmL4\GPIO_InfiniteLedToggling\EWARM\STM32L476RG_NUCLEO\Obj\stm32l4xx_ll_dma2d.o
#        E:\openwsn\openwsn-fw\projects\openmotestmL4\GPIO_InfiniteLedToggling\EWARM\STM32L476RG_NUCLEO\Obj\stm32l4xx_ll_exti.o
#        E:\openwsn\openwsn-fw\projects\openmotestmL4\GPIO_InfiniteLedToggling\EWARM\STM32L476RG_NUCLEO\Obj\stm32l4xx_ll_gpio.o
#        E:\openwsn\openwsn-fw\projects\openmotestmL4\GPIO_InfiniteLedToggling\EWARM\STM32L476RG_NUCLEO\Obj\stm32l4xx_ll_i2c.o
#        E:\openwsn\openwsn-fw\projects\openmotestmL4\GPIO_InfiniteLedToggling\EWARM\STM32L476RG_NUCLEO\Obj\stm32l4xx_ll_lptim.o
#        E:\openwsn\openwsn-fw\projects\openmotestmL4\GPIO_InfiniteLedToggling\EWARM\STM32L476RG_NUCLEO\Obj\stm32l4xx_ll_lpuart.o
#        E:\openwsn\openwsn-fw\projects\openmotestmL4\GPIO_InfiniteLedToggling\EWARM\STM32L476RG_NUCLEO\Obj\stm32l4xx_ll_opamp.o
#        E:\openwsn\openwsn-fw\projects\openmotestmL4\GPIO_InfiniteLedToggling\EWARM\STM32L476RG_NUCLEO\Obj\stm32l4xx_ll_pwr.o
#        E:\openwsn\openwsn-fw\projects\openmotestmL4\GPIO_InfiniteLedToggling\EWARM\STM32L476RG_NUCLEO\Obj\stm32l4xx_ll_rcc.o
#        E:\openwsn\openwsn-fw\projects\openmotestmL4\GPIO_InfiniteLedToggling\EWARM\STM32L476RG_NUCLEO\Obj\stm32l4xx_ll_rng.o
#        E:\openwsn\openwsn-fw\projects\openmotestmL4\GPIO_InfiniteLedToggling\EWARM\STM32L476RG_NUCLEO\Obj\stm32l4xx_ll_rtc.o
#        E:\openwsn\openwsn-fw\projects\openmotestmL4\GPIO_InfiniteLedToggling\EWARM\STM32L476RG_NUCLEO\Obj\stm32l4xx_ll_spi.o
#        E:\openwsn\openwsn-fw\projects\openmotestmL4\GPIO_InfiniteLedToggling\EWARM\STM32L476RG_NUCLEO\Obj\stm32l4xx_ll_swpmi.o
#        E:\openwsn\openwsn-fw\projects\openmotestmL4\GPIO_InfiniteLedToggling\EWARM\STM32L476RG_NUCLEO\Obj\stm32l4xx_ll_tim.o
#        E:\openwsn\openwsn-fw\projects\openmotestmL4\GPIO_InfiniteLedToggling\EWARM\STM32L476RG_NUCLEO\Obj\stm32l4xx_ll_usart.o
#        E:\openwsn\openwsn-fw\projects\openmotestmL4\GPIO_InfiniteLedToggling\EWARM\STM32L476RG_NUCLEO\Obj\stm32l4xx_ll_utils.o
#        E:\openwsn\openwsn-fw\projects\openmotestmL4\GPIO_InfiniteLedToggling\EWARM\STM32L476RG_NUCLEO\Obj\system_stm32l4xx.o
#        -o
#        E:\openwsn\openwsn-fw\projects\openmotestmL4\GPIO_InfiniteLedToggling\EWARM\STM32L476RG_NUCLEO\Exe\Project.out
#        --map
#        E:\openwsn\openwsn-fw\projects\openmotestmL4\GPIO_InfiniteLedToggling\EWARM\STM32L476RG_NUCLEO\List\Project.map
#        --config
#        E:\openwsn\openwsn-fw\projects\openmotestmL4\GPIO_InfiniteLedToggling\EWARM\stm32l476xx_flash.icf
#        --semihosting --entry __iar_program_start --vfe
#
###############################################################################

*******************************************************************************
*** RUNTIME MODEL ATTRIBUTES
***

CppFlavor       = *
__SystemLibrary = DLib


*******************************************************************************
*** PLACEMENT SUMMARY
***

"A1":  place at 0x08000000 { ro section .intvec };
"P1":  place in [from 0x08000000 to 0x080fffff] { ro };
"P2":  place in [from 0x20000000 to 0x20017fff] { rw, block CSTACK, block HEAP };

  Section            Kind        Address   Size  Object
  -------            ----        -------   ----  ------
"A1":                                     0x188
  .intvec            ro code  0x08000000  0x188  startup_stm32l476xx.o [1]
                            - 0x08000188  0x188

"P1":                                     0x90c
  .text              ro code  0x08000188  0x15c  leds.o [1]
  .text              ro code  0x080002e4  0x110  stm32l4xx_ll_gpio.o [1]
  .text              ro code  0x080003f4  0x138  stm32l4xx_ll_exti.o [1]
  .text              ro code  0x0800052c   0xd0  01bsp_leds.o [1]
  .text              ro code  0x080005fc   0xca  board.o [1]
  .text              ro code  0x080006c8   0x94  rcc.o [1]
  .text              ro code  0x0800075c    0x2  nvic.o [1]
  .text              ro code  0x08000760   0x66  gpio.o [1]
  .text              ro code  0x080007c8   0x28  stm32l4xx_ll_utils.o [1]
  .text              ro code  0x080007f0   0x4c  system_stm32l4xx.o [1]
  .text              ro code  0x0800083c   0x2c  copy_init3.o [5]
  .text              ro code  0x08000868   0x28  stm32l4xx_it.o [1]
  .text              ro code  0x08000890   0x28  data_init.o [5]
  .text              ro code  0x080008b8   0x22  fpinit_M.o [4]
  .iar.init_table    const    0x080008dc   0x14  - Linker created -
  .text              ro code  0x080008f0   0x1a  cmain.o [5]
  .text              ro code  0x0800090a    0x4  low_level_init.o [3]
  .text              ro code  0x0800090e    0x4  exit.o [3]
  .text              ro code  0x08000914    0xa  cexit.o [5]
  .text              ro code  0x08000920   0x14  exit.o [6]
  .text              ro code  0x08000934   0x10  startup_stm32l476xx.o [1]
  .text              ro code  0x08000944    0xc  cstartup_M.o [5]
  .text              ro code  0x08000950    0x4  startup_stm32l476xx.o [1]
  .text              ro code  0x08000954    0x4  startup_stm32l476xx.o [1]
  .text              ro code  0x08000958    0x4  startup_stm32l476xx.o [1]
  .text              ro code  0x0800095c    0x4  startup_stm32l476xx.o [1]
  .text              ro code  0x08000960    0x4  startup_stm32l476xx.o [1]
  .text              ro code  0x08000964    0x4  startup_stm32l476xx.o [1]
  .text              ro code  0x08000968    0x4  startup_stm32l476xx.o [1]
  .text              ro code  0x0800096c    0x4  startup_stm32l476xx.o [1]
  .text              ro code  0x08000970    0x4  startup_stm32l476xx.o [1]
  .text              ro code  0x08000974    0x4  startup_stm32l476xx.o [1]
  .text              ro code  0x08000978    0x4  startup_stm32l476xx.o [1]
  .text              ro code  0x0800097c    0x4  startup_stm32l476xx.o [1]
  .text              ro code  0x08000980    0x4  startup_stm32l476xx.o [1]
  .text              ro code  0x08000984    0x4  startup_stm32l476xx.o [1]
  .text              ro code  0x08000988    0x4  startup_stm32l476xx.o [1]
  .text              ro code  0x0800098c    0x4  startup_stm32l476xx.o [1]
  .text              ro code  0x08000990    0x4  startup_stm32l476xx.o [1]
  .text              ro code  0x08000994    0x4  startup_stm32l476xx.o [1]
  .text              ro code  0x08000998    0x4  startup_stm32l476xx.o [1]
  .text              ro code  0x0800099c    0x4  startup_stm32l476xx.o [1]
  .text              ro code  0x080009a0    0x4  startup_stm32l476xx.o [1]
  .text              ro code  0x080009a4    0x4  startup_stm32l476xx.o [1]
  .text              ro code  0x080009a8    0x4  startup_stm32l476xx.o [1]
  .text              ro code  0x080009ac    0x4  startup_stm32l476xx.o [1]
  .text              ro code  0x080009b0    0x4  startup_stm32l476xx.o [1]
  .text              ro code  0x080009b4    0x4  startup_stm32l476xx.o [1]
  .text              ro code  0x080009b8    0x4  startup_stm32l476xx.o [1]
  .text              ro code  0x080009bc    0x4  startup_stm32l476xx.o [1]
  .text              ro code  0x080009c0    0x4  startup_stm32l476xx.o [1]
  .text              ro code  0x080009c4    0x4  startup_stm32l476xx.o [1]
  .text              ro code  0x080009c8    0x4  startup_stm32l476xx.o [1]
  .text              ro code  0x080009cc    0x4  startup_stm32l476xx.o [1]
  .text              ro code  0x080009d0    0x4  startup_stm32l476xx.o [1]
  .text              ro code  0x080009d4    0x4  startup_stm32l476xx.o [1]
  .text              ro code  0x080009d8    0x4  startup_stm32l476xx.o [1]
  .text              ro code  0x080009dc    0x4  startup_stm32l476xx.o [1]
  .text              ro code  0x080009e0    0x4  startup_stm32l476xx.o [1]
  .text              ro code  0x080009e4    0x4  startup_stm32l476xx.o [1]
  .text              ro code  0x080009e8    0x4  startup_stm32l476xx.o [1]
  .text              ro code  0x080009ec    0x4  startup_stm32l476xx.o [1]
  .text              ro code  0x080009f0    0x4  startup_stm32l476xx.o [1]
  .text              ro code  0x080009f4    0x4  startup_stm32l476xx.o [1]
  .text              ro code  0x080009f8    0x4  startup_stm32l476xx.o [1]
  .text              ro code  0x080009fc    0x4  startup_stm32l476xx.o [1]
  .text              ro code  0x08000a00    0x4  startup_stm32l476xx.o [1]
  .text              ro code  0x08000a04    0x4  startup_stm32l476xx.o [1]
  .text              ro code  0x08000a08    0x4  startup_stm32l476xx.o [1]
  .text              ro code  0x08000a0c    0x4  startup_stm32l476xx.o [1]
  .text              ro code  0x08000a10    0x4  startup_stm32l476xx.o [1]
  .text              ro code  0x08000a14    0x4  startup_stm32l476xx.o [1]
  .text              ro code  0x08000a18    0x4  startup_stm32l476xx.o [1]
  .text              ro code  0x08000a1c    0x4  startup_stm32l476xx.o [1]
  .text              ro code  0x08000a20    0x4  startup_stm32l476xx.o [1]
  .text              ro code  0x08000a24    0x4  startup_stm32l476xx.o [1]
  .text              ro code  0x08000a28    0x4  startup_stm32l476xx.o [1]
  .text              ro code  0x08000a2c    0x4  startup_stm32l476xx.o [1]
  .text              ro code  0x08000a30    0x4  startup_stm32l476xx.o [1]
  .text              ro code  0x08000a34    0x4  startup_stm32l476xx.o [1]
  .text              ro code  0x08000a38    0x4  startup_stm32l476xx.o [1]
  .text              ro code  0x08000a3c    0x4  startup_stm32l476xx.o [1]
  .text              ro code  0x08000a40    0x4  startup_stm32l476xx.o [1]
  .text              ro code  0x08000a44    0x4  startup_stm32l476xx.o [1]
  .text              ro code  0x08000a48    0x4  startup_stm32l476xx.o [1]
  .text              ro code  0x08000a4c    0x4  startup_stm32l476xx.o [1]
  .text              ro code  0x08000a50    0x4  startup_stm32l476xx.o [1]
  .text              ro code  0x08000a54    0x4  startup_stm32l476xx.o [1]
  .text              ro code  0x08000a58    0x4  startup_stm32l476xx.o [1]
  .text              ro code  0x08000a5c    0x4  startup_stm32l476xx.o [1]
  .text              ro code  0x08000a60    0x4  startup_stm32l476xx.o [1]
  .text              ro code  0x08000a64    0x4  startup_stm32l476xx.o [1]
  .text              ro code  0x08000a68    0x4  startup_stm32l476xx.o [1]
  .text              ro code  0x08000a6c    0x4  startup_stm32l476xx.o [1]
  .text              ro code  0x08000a70    0x4  startup_stm32l476xx.o [1]
  .text              ro code  0x08000a74    0x4  startup_stm32l476xx.o [1]
  .text              ro code  0x08000a78    0x4  startup_stm32l476xx.o [1]
  .text              ro code  0x08000a7c    0x4  startup_stm32l476xx.o [1]
  .text              ro code  0x08000a80    0x4  startup_stm32l476xx.o [1]
  .text              ro code  0x08000a84    0x4  startup_stm32l476xx.o [1]
  .text              ro code  0x08000a88    0x4  startup_stm32l476xx.o [1]
  .text              ro code  0x08000a8c    0x4  startup_stm32l476xx.o [1]
  Initializer bytes  const    0x08000a90    0x4  <for P2-1>
  .rodata            const    0x08000a94    0x0  copy_init3.o [5]
                            - 0x08000a94  0x90c

"P2", part 1 of 2:                          0x4
  P2-1                        0x20000000    0x4  <Init block>
    .data            inited   0x20000000    0x4  system_stm32l4xx.o [1]
                            - 0x20000004    0x4

"P2", part 2 of 2:                        0x400
  CSTACK                      0x20000008  0x400  <Block>
    CSTACK           uninit   0x20000008  0x400  <Block tail>
                            - 0x20000408  0x400


*******************************************************************************
*** INIT TABLE
***

          Address     Size
          -------     ----
Copy (__iar_copy_init3)
    1 source range, total size 0x4:
          0x08000a90   0x4
    1 destination range, total size 0x4:
          0x20000000   0x4



*******************************************************************************
*** MODULE SUMMARY
***

    Module                 ro code  ro data  rw data
    ------                 -------  -------  -------
E:\openwsn\openwsn-fw\projects\openmotestmL4\GPIO_InfiniteLedToggling\EWARM\STM32L476RG_NUCLEO\Obj: [1]
    01bsp_leds.o               208
    board.o                    202
    gpio.o                     102
    leds.o                     348
    nvic.o                       2
    rcc.o                      148
    startup_stm32l476xx.o      728
    stm32l4xx_it.o              40
    stm32l4xx_ll_exti.o        312
    stm32l4xx_ll_gpio.o        272
    stm32l4xx_ll_utils.o        40
    system_stm32l4xx.o          76        4        4
    ------------------------------------------------
    Total:                   2 478        4        4

command line: [2]
    ------------------------------------------------
    Total:

dl7M_tln.a: [3]
    exit.o                       4
    low_level_init.o             4
    ------------------------------------------------
    Total:                       8

m7M_tls.a: [4]
    fpinit_M.o                  34
    ------------------------------------------------
    Total:                      34

rt7M_tl.a: [5]
    cexit.o                     10
    cmain.o                     26
    copy_init3.o                44
    cstartup_M.o                12
    data_init.o                 40
    ------------------------------------------------
    Total:                     132

shb_l.a: [6]
    exit.o                      20
    ------------------------------------------------
    Total:                      20

    Gaps                        10        2
    Linker created                       20    1 024
----------------------------------------------------
    Grand Total:             2 682       26    1 028


*******************************************************************************
*** ENTRY LIST
***

Entry                      Address   Size  Type      Object
-----                      -------   ----  ----      ------
.iar.init_table$$Base   0x080008dc          --   Gb  - Linker created -
.iar.init_table$$Limit  0x080008f0          --   Gb  - Linker created -
?main                   0x080008f1         Code  Gb  cmain.o [5]
BusFault_Handler        0x0800086f    0x2  Code  Gb  stm32l4xx_it.o [1]
CSTACK$$Base            0x20000008          --   Gb  - Linker created -
CSTACK$$Limit           0x20000408          --   Gb  - Linker created -
DebugMon_Handler        0x08000875    0x2  Code  Gb  stm32l4xx_it.o [1]
Delay                   0x080002c5   0x20  Code  Gb  leds.o [1]
GPIO_Configuration      0x0800077d   0x30  Code  Gb  gpio.o [1]
HardFault_Handler       0x0800086b    0x2  Code  Gb  stm32l4xx_it.o [1]
LL_AHB2_GRP1_EnableClock
                        0x08000761   0x16  Code  Lc  gpio.o [1]
LL_EXTI_Init            0x080003f5  0x130  Code  Gb  stm32l4xx_ll_exti.o [1]
LL_GPIO_Init            0x080002e5   0xca  Code  Gb  stm32l4xx_ll_gpio.o [1]
LL_Init1msTick          0x080007c9   0x18  Code  Gb  stm32l4xx_ll_utils.o [1]
LL_SetSystemCoreClock   0x080007e1    0x6  Code  Gb  stm32l4xx_ll_utils.o [1]
MemManage_Handler       0x0800086d    0x2  Code  Gb  stm32l4xx_it.o [1]
NMI_Handler             0x08000869    0x2  Code  Gb  stm32l4xx_it.o [1]
NVIC_Configuration      0x0800075d    0x2  Code  Gb  nvic.o [1]
PendSV_Handler          0x08000877    0x2  Code  Gb  stm32l4xx_it.o [1]
RCC_Configuration       0x080006c9   0x82  Code  Gb  rcc.o [1]
Region$$Table$$Base     0x080008dc          --   Gb  - Linker created -
Region$$Table$$Limit    0x080008f0          --   Gb  - Linker created -
SVC_Handler             0x08000873    0x2  Code  Gb  stm32l4xx_it.o [1]
SysTick_Handler         0x08000879    0x2  Code  Gb  stm32l4xx_it.o [1]
SystemCoreClock         0x20000000    0x4  Data  Gb  system_stm32l4xx.o [1]
SystemInit              0x080007f1   0x3c  Code  Gb  system_stm32l4xx.o [1]
TIM1_UP_TIM16_IRQHandler
                        0x0800087b   0x10  Code  Gb  stm32l4xx_it.o [1]
UsageFault_Handler      0x08000871    0x2  Code  Gb  stm32l4xx_it.o [1]
__cmain                 0x080008f1         Code  Gb  cmain.o [5]
__exit                  0x08000921   0x14  Code  Gb  exit.o [6]
__iar_copy_init3        0x0800083d   0x2c  Code  Gb  copy_init3.o [5]
__iar_data_init3        0x08000891   0x28  Code  Gb  data_init.o [5]
__iar_init_vfp          0x080008b9         Code  Gb  fpinit_M.o [4]
__iar_program_start     0x08000945         Code  Gb  cstartup_M.o [5]
__low_level_init        0x0800090b    0x4  Code  Gb  low_level_init.o [3]
__vector_table          0x08000000         Data  Gb  startup_stm32l476xx.o [1]
_call_main              0x080008fd         Code  Gb  cmain.o [5]
_exit                   0x08000915         Code  Gb  cexit.o [5]
_main                   0x08000907         Code  Gb  cmain.o [5]
board_init              0x08000601   0xaa  Code  Gb  board.o [1]
exit                    0x0800090f    0x4  Code  Gb  exit.o [3]
leds_all_off            0x0800023f    0x2  Code  Gb  leds.o [1]
leds_all_on             0x0800023b    0x4  Code  Gb  leds.o [1]
leds_all_toggle         0x08000249    0xc  Code  Gb  leds.o [1]
leds_circular_shift     0x08000255   0x4c  Code  Gb  leds.o [1]
leds_debug_off          0x08000225    0x2  Code  Gb  leds.o [1]
leds_debug_on           0x08000221    0x4  Code  Gb  leds.o [1]
leds_debug_toggle       0x0800022f    0xc  Code  Gb  leds.o [1]
leds_error_blink        0x080001d7   0x18  Code  Gb  leds.o [1]
leds_error_off          0x080001c3    0x2  Code  Gb  leds.o [1]
leds_error_on           0x080001bf    0x4  Code  Gb  leds.o [1]
leds_error_toggle       0x080001cb    0xc  Code  Gb  leds.o [1]
leds_increment          0x080002c3    0x2  Code  Gb  leds.o [1]
leds_init               0x08000189   0x36  Code  Gb  leds.o [1]
leds_radio_off          0x080001f3    0x2  Code  Gb  leds.o [1]
leds_radio_on           0x080001ef    0x4  Code  Gb  leds.o [1]
leds_radio_toggle       0x080001fb    0xc  Code  Gb  leds.o [1]
leds_sync_off           0x0800020b    0x2  Code  Gb  leds.o [1]
leds_sync_on            0x08000207    0x4  Code  Gb  leds.o [1]
leds_sync_toggle        0x08000215    0xc  Code  Gb  leds.o [1]
main                    0x080005fd    0x4  Code  Gb  board.o [1]
mote_main               0x0800052d   0xb2  Code  Gb  01bsp_leds.o [1]
some_delay              0x080005df   0x1e  Code  Gb  01bsp_leds.o [1]


[1] = E:\openwsn\openwsn-fw\projects\openmotestmL4\GPIO_InfiniteLedToggling\EWARM\STM32L476RG_NUCLEO\Obj
[2] = command line
[3] = dl7M_tln.a
[4] = m7M_tls.a
[5] = rt7M_tl.a
[6] = shb_l.a

  2 682 bytes of readonly  code memory
     26 bytes of readonly  data memory
  1 028 bytes of readwrite data memory

Errors: none
Warnings: none
