###############################################################################
#
# IAR ELF Linker V7.50.3.10732/W32 for ARM                18/Feb/2019  23:37:20
# Copyright 2007-2016 IAR Systems AB.
#
#    Output file  =  
#        E:\openwsn\openwsn-fw\projects\openmotestmL4\radiotimer\EWARM\STM32L476RG_NUCLEO\Exe\Project.out
#    Map file     =  
#        E:\openwsn\openwsn-fw\projects\openmotestmL4\radiotimer\EWARM\STM32L476RG_NUCLEO\List\Project.map
#    Command line =  
#        E:\openwsn\openwsn-fw\projects\openmotestmL4\radiotimer\EWARM\STM32L476RG_NUCLEO\Obj\01bsp_radiotimer.o
#        E:\openwsn\openwsn-fw\projects\openmotestmL4\radiotimer\EWARM\STM32L476RG_NUCLEO\Obj\board.o
#        E:\openwsn\openwsn-fw\projects\openmotestmL4\radiotimer\EWARM\STM32L476RG_NUCLEO\Obj\bsp_timer.o
#        E:\openwsn\openwsn-fw\projects\openmotestmL4\radiotimer\EWARM\STM32L476RG_NUCLEO\Obj\debugpins.o
#        E:\openwsn\openwsn-fw\projects\openmotestmL4\radiotimer\EWARM\STM32L476RG_NUCLEO\Obj\gpio.o
#        E:\openwsn\openwsn-fw\projects\openmotestmL4\radiotimer\EWARM\STM32L476RG_NUCLEO\Obj\leds.o
#        E:\openwsn\openwsn-fw\projects\openmotestmL4\radiotimer\EWARM\STM32L476RG_NUCLEO\Obj\nvic.o
#        E:\openwsn\openwsn-fw\projects\openmotestmL4\radiotimer\EWARM\STM32L476RG_NUCLEO\Obj\opentimers.o
#        E:\openwsn\openwsn-fw\projects\openmotestmL4\radiotimer\EWARM\STM32L476RG_NUCLEO\Obj\radiotimer.o
#        E:\openwsn\openwsn-fw\projects\openmotestmL4\radiotimer\EWARM\STM32L476RG_NUCLEO\Obj\rcc.o
#        E:\openwsn\openwsn-fw\projects\openmotestmL4\radiotimer\EWARM\STM32L476RG_NUCLEO\Obj\startup_stm32l476xx.o
#        E:\openwsn\openwsn-fw\projects\openmotestmL4\radiotimer\EWARM\STM32L476RG_NUCLEO\Obj\stm32l4xx_it.o
#        E:\openwsn\openwsn-fw\projects\openmotestmL4\radiotimer\EWARM\STM32L476RG_NUCLEO\Obj\stm32l4xx_ll_adc.o
#        E:\openwsn\openwsn-fw\projects\openmotestmL4\radiotimer\EWARM\STM32L476RG_NUCLEO\Obj\stm32l4xx_ll_comp.o
#        E:\openwsn\openwsn-fw\projects\openmotestmL4\radiotimer\EWARM\STM32L476RG_NUCLEO\Obj\stm32l4xx_ll_crc.o
#        E:\openwsn\openwsn-fw\projects\openmotestmL4\radiotimer\EWARM\STM32L476RG_NUCLEO\Obj\stm32l4xx_ll_crs.o
#        E:\openwsn\openwsn-fw\projects\openmotestmL4\radiotimer\EWARM\STM32L476RG_NUCLEO\Obj\stm32l4xx_ll_dac.o
#        E:\openwsn\openwsn-fw\projects\openmotestmL4\radiotimer\EWARM\STM32L476RG_NUCLEO\Obj\stm32l4xx_ll_dma.o
#        E:\openwsn\openwsn-fw\projects\openmotestmL4\radiotimer\EWARM\STM32L476RG_NUCLEO\Obj\stm32l4xx_ll_dma2d.o
#        E:\openwsn\openwsn-fw\projects\openmotestmL4\radiotimer\EWARM\STM32L476RG_NUCLEO\Obj\stm32l4xx_ll_exti.o
#        E:\openwsn\openwsn-fw\projects\openmotestmL4\radiotimer\EWARM\STM32L476RG_NUCLEO\Obj\stm32l4xx_ll_gpio.o
#        E:\openwsn\openwsn-fw\projects\openmotestmL4\radiotimer\EWARM\STM32L476RG_NUCLEO\Obj\stm32l4xx_ll_i2c.o
#        E:\openwsn\openwsn-fw\projects\openmotestmL4\radiotimer\EWARM\STM32L476RG_NUCLEO\Obj\stm32l4xx_ll_lptim.o
#        E:\openwsn\openwsn-fw\projects\openmotestmL4\radiotimer\EWARM\STM32L476RG_NUCLEO\Obj\stm32l4xx_ll_lpuart.o
#        E:\openwsn\openwsn-fw\projects\openmotestmL4\radiotimer\EWARM\STM32L476RG_NUCLEO\Obj\stm32l4xx_ll_opamp.o
#        E:\openwsn\openwsn-fw\projects\openmotestmL4\radiotimer\EWARM\STM32L476RG_NUCLEO\Obj\stm32l4xx_ll_pwr.o
#        E:\openwsn\openwsn-fw\projects\openmotestmL4\radiotimer\EWARM\STM32L476RG_NUCLEO\Obj\stm32l4xx_ll_rcc.o
#        E:\openwsn\openwsn-fw\projects\openmotestmL4\radiotimer\EWARM\STM32L476RG_NUCLEO\Obj\stm32l4xx_ll_rng.o
#        E:\openwsn\openwsn-fw\projects\openmotestmL4\radiotimer\EWARM\STM32L476RG_NUCLEO\Obj\stm32l4xx_ll_rtc.o
#        E:\openwsn\openwsn-fw\projects\openmotestmL4\radiotimer\EWARM\STM32L476RG_NUCLEO\Obj\stm32l4xx_ll_spi.o
#        E:\openwsn\openwsn-fw\projects\openmotestmL4\radiotimer\EWARM\STM32L476RG_NUCLEO\Obj\stm32l4xx_ll_swpmi.o
#        E:\openwsn\openwsn-fw\projects\openmotestmL4\radiotimer\EWARM\STM32L476RG_NUCLEO\Obj\stm32l4xx_ll_tim.o
#        E:\openwsn\openwsn-fw\projects\openmotestmL4\radiotimer\EWARM\STM32L476RG_NUCLEO\Obj\stm32l4xx_ll_usart.o
#        E:\openwsn\openwsn-fw\projects\openmotestmL4\radiotimer\EWARM\STM32L476RG_NUCLEO\Obj\stm32l4xx_ll_utils.o
#        E:\openwsn\openwsn-fw\projects\openmotestmL4\radiotimer\EWARM\STM32L476RG_NUCLEO\Obj\system_stm32l4xx.o
#        -o
#        E:\openwsn\openwsn-fw\projects\openmotestmL4\radiotimer\EWARM\STM32L476RG_NUCLEO\Exe\Project.out
#        --map
#        E:\openwsn\openwsn-fw\projects\openmotestmL4\radiotimer\EWARM\STM32L476RG_NUCLEO\List\Project.map
#        --config
#        E:\openwsn\openwsn-fw\projects\openmotestmL4\radiotimer\EWARM\stm32l476xx_flash.icf
#        --semihosting --entry __iar_program_start --vfe
#
###############################################################################

*******************************************************************************
*** RUNTIME MODEL ATTRIBUTES
***

CppFlavor       = *
__SystemLibrary = DLib


*******************************************************************************
*** PLACEMENT SUMMARY
***

"A1":  place at 0x08000000 { ro section .intvec };
"P1":  place in [from 0x08000000 to 0x080fffff] { ro };
"P2":  place in [from 0x20000000 to 0x20017fff] { rw, block CSTACK, block HEAP };

  Section            Kind        Address   Size  Object
  -------            ----        -------   ----  ------
"A1":                                     0x188
  .intvec            ro code  0x08000000  0x188  startup_stm32l476xx.o [1]
                            - 0x08000188  0x188

"P1":                                     0xf5e
  .text              ro code  0x08000188  0x3b0  stm32l4xx_ll_tim.o [1]
  .text              ro code  0x08000538  0x138  stm32l4xx_ll_exti.o [1]
  .text              ro code  0x08000670  0x12e  radiotimer.o [1]
  .text              ro code  0x080007a0   0x34  stm32l4xx_ll_lptim.o [1]
  .text              ro code  0x080007d4   0xb8  nvic.o [1]
  .text              ro code  0x0800088c  0x110  stm32l4xx_ll_gpio.o [1]
  .text              ro code  0x0800099c   0xdc  board.o [1]
  .text              ro code  0x08000a78   0x8c  01bsp_radiotimer.o [1]
  .text              ro code  0x08000b04   0x94  rcc.o [1]
  .text              ro code  0x08000b98   0x66  gpio.o [1]
  .text              ro code  0x08000c00   0x68  leds.o [1]
  .text              ro code  0x08000c68   0x98  bsp_timer.o [1]
  .text              ro code  0x08000d00   0xc4  debugpins.o [1]
  .text              ro code  0x08000dc4   0x28  stm32l4xx_ll_utils.o [1]
  .text              ro code  0x08000dec   0x7c  stm32l4xx_it.o [1]
  .text              ro code  0x08000e68   0x4c  system_stm32l4xx.o [1]
  .text              ro code  0x08000eb4   0x38  packbits_init_single.o [5]
  .text              ro code  0x08000eec   0x28  data_init.o [5]
  .text              ro code  0x08000f14   0x22  fpinit_M.o [4]
  .iar.init_table    const    0x08000f38   0x10  - Linker created -
  .text              ro code  0x08000f48   0x1a  cmain.o [5]
  .text              ro code  0x08000f62    0x4  low_level_init.o [3]
  .text              ro code  0x08000f66    0x4  exit.o [3]
  .text              ro code  0x08000f6c    0xa  cexit.o [5]
  .text              ro code  0x08000f78   0x14  exit.o [6]
  .text              ro code  0x08000f8c   0x10  startup_stm32l476xx.o [1]
  .text              ro code  0x08000f9c    0xc  cstartup_M.o [5]
  .text              ro code  0x08000fa8    0x4  startup_stm32l476xx.o [1]
  .text              ro code  0x08000fac    0x4  startup_stm32l476xx.o [1]
  .text              ro code  0x08000fb0    0x4  startup_stm32l476xx.o [1]
  .text              ro code  0x08000fb4    0x4  startup_stm32l476xx.o [1]
  .text              ro code  0x08000fb8    0x4  startup_stm32l476xx.o [1]
  .text              ro code  0x08000fbc    0x4  startup_stm32l476xx.o [1]
  .text              ro code  0x08000fc0    0x4  startup_stm32l476xx.o [1]
  .text              ro code  0x08000fc4    0x4  startup_stm32l476xx.o [1]
  .text              ro code  0x08000fc8    0x4  startup_stm32l476xx.o [1]
  .text              ro code  0x08000fcc    0x4  startup_stm32l476xx.o [1]
  .text              ro code  0x08000fd0    0x4  startup_stm32l476xx.o [1]
  .text              ro code  0x08000fd4    0x4  startup_stm32l476xx.o [1]
  .text              ro code  0x08000fd8    0x4  startup_stm32l476xx.o [1]
  .text              ro code  0x08000fdc    0x4  startup_stm32l476xx.o [1]
  .text              ro code  0x08000fe0    0x4  startup_stm32l476xx.o [1]
  .text              ro code  0x08000fe4    0x4  startup_stm32l476xx.o [1]
  .text              ro code  0x08000fe8    0x4  startup_stm32l476xx.o [1]
  .text              ro code  0x08000fec    0x4  startup_stm32l476xx.o [1]
  .text              ro code  0x08000ff0    0x4  startup_stm32l476xx.o [1]
  .text              ro code  0x08000ff4    0x4  startup_stm32l476xx.o [1]
  .text              ro code  0x08000ff8    0x4  startup_stm32l476xx.o [1]
  .text              ro code  0x08000ffc    0x4  startup_stm32l476xx.o [1]
  .text              ro code  0x08001000    0x4  startup_stm32l476xx.o [1]
  .text              ro code  0x08001004    0x4  startup_stm32l476xx.o [1]
  .text              ro code  0x08001008    0x4  startup_stm32l476xx.o [1]
  .text              ro code  0x0800100c    0x4  startup_stm32l476xx.o [1]
  .text              ro code  0x08001010    0x4  startup_stm32l476xx.o [1]
  .text              ro code  0x08001014    0x4  startup_stm32l476xx.o [1]
  .text              ro code  0x08001018    0x4  startup_stm32l476xx.o [1]
  .text              ro code  0x0800101c    0x4  startup_stm32l476xx.o [1]
  .text              ro code  0x08001020    0x4  startup_stm32l476xx.o [1]
  .text              ro code  0x08001024    0x4  startup_stm32l476xx.o [1]
  .text              ro code  0x08001028    0x4  startup_stm32l476xx.o [1]
  .text              ro code  0x0800102c    0x4  startup_stm32l476xx.o [1]
  .text              ro code  0x08001030    0x4  startup_stm32l476xx.o [1]
  .text              ro code  0x08001034    0x4  startup_stm32l476xx.o [1]
  .text              ro code  0x08001038    0x4  startup_stm32l476xx.o [1]
  .text              ro code  0x0800103c    0x4  startup_stm32l476xx.o [1]
  .text              ro code  0x08001040    0x4  startup_stm32l476xx.o [1]
  .text              ro code  0x08001044    0x4  startup_stm32l476xx.o [1]
  .text              ro code  0x08001048    0x4  startup_stm32l476xx.o [1]
  .text              ro code  0x0800104c    0x4  startup_stm32l476xx.o [1]
  .text              ro code  0x08001050    0x4  startup_stm32l476xx.o [1]
  .text              ro code  0x08001054    0x4  startup_stm32l476xx.o [1]
  .text              ro code  0x08001058    0x4  startup_stm32l476xx.o [1]
  .text              ro code  0x0800105c    0x4  startup_stm32l476xx.o [1]
  .text              ro code  0x08001060    0x4  startup_stm32l476xx.o [1]
  .text              ro code  0x08001064    0x4  startup_stm32l476xx.o [1]
  .text              ro code  0x08001068    0x4  startup_stm32l476xx.o [1]
  .text              ro code  0x0800106c    0x4  startup_stm32l476xx.o [1]
  .text              ro code  0x08001070    0x4  startup_stm32l476xx.o [1]
  .text              ro code  0x08001074    0x4  startup_stm32l476xx.o [1]
  .text              ro code  0x08001078    0x4  startup_stm32l476xx.o [1]
  .text              ro code  0x0800107c    0x4  startup_stm32l476xx.o [1]
  .text              ro code  0x08001080    0x4  startup_stm32l476xx.o [1]
  .text              ro code  0x08001084    0x4  startup_stm32l476xx.o [1]
  .text              ro code  0x08001088    0x4  startup_stm32l476xx.o [1]
  .text              ro code  0x0800108c    0x4  startup_stm32l476xx.o [1]
  .text              ro code  0x08001090    0x4  startup_stm32l476xx.o [1]
  .text              ro code  0x08001094    0x4  startup_stm32l476xx.o [1]
  .text              ro code  0x08001098    0x4  startup_stm32l476xx.o [1]
  .text              ro code  0x0800109c    0x4  startup_stm32l476xx.o [1]
  .text              ro code  0x080010a0    0x4  startup_stm32l476xx.o [1]
  .text              ro code  0x080010a4    0x4  startup_stm32l476xx.o [1]
  .text              ro code  0x080010a8    0x4  startup_stm32l476xx.o [1]
  .text              ro code  0x080010ac    0x4  startup_stm32l476xx.o [1]
  .text              ro code  0x080010b0    0x4  startup_stm32l476xx.o [1]
  .text              ro code  0x080010b4    0x4  startup_stm32l476xx.o [1]
  .text              ro code  0x080010b8    0x4  startup_stm32l476xx.o [1]
  .text              ro code  0x080010bc    0x4  startup_stm32l476xx.o [1]
  .text              ro code  0x080010c0    0x4  startup_stm32l476xx.o [1]
  .text              ro code  0x080010c4    0x4  startup_stm32l476xx.o [1]
  .text              ro code  0x080010c8    0x4  startup_stm32l476xx.o [1]
  .text              ro code  0x080010cc    0x4  startup_stm32l476xx.o [1]
  .text              ro code  0x080010d0    0x4  startup_stm32l476xx.o [1]
  .text              ro code  0x080010d4    0x4  startup_stm32l476xx.o [1]
  .text              ro code  0x080010d8    0x4  startup_stm32l476xx.o [1]
  .text              ro code  0x080010dc    0x4  startup_stm32l476xx.o [1]
  .rodata            const    0x080010e0    0x0  packbits_init_single.o [5]
  Initializer bytes  const    0x080010e0    0x6  <for P2-1>
                            - 0x080010e6  0xf5e

"P2", part 1 of 2:                         0x1c
  P2-1                        0x20000000   0x1c  <Init block>
    .data            inited   0x20000000    0x4  system_stm32l4xx.o [1]
    .bss             inited   0x20000004    0x8  01bsp_radiotimer.o [1]
    .bss             inited   0x2000000c    0x8  bsp_timer.o [1]
    .bss             inited   0x20000014    0x8  radiotimer.o [1]
                            - 0x2000001c   0x1c

"P2", part 2 of 2:                        0x400
  CSTACK                      0x20000020  0x400  <Block>
    CSTACK           uninit   0x20000020  0x400  <Block tail>
                            - 0x20000420  0x400


*******************************************************************************
*** INIT TABLE
***

          Address     Size
          -------     ----
Copy/packbits (__iar_packbits_init_single3)
    1 source range, total size 0x6 (21% of destination):
          0x080010e0   0x6
    1 destination range, total size 0x1c:
          0x20000000  0x1c



*******************************************************************************
*** MODULE SUMMARY
***

    Module                  ro code  ro data  rw data
    ------                  -------  -------  -------
E:\openwsn\openwsn-fw\projects\openmotestmL4\radiotimer\EWARM\STM32L476RG_NUCLEO\Obj: [1]
    01bsp_radiotimer.o          140        2        8
    board.o                     220
    bsp_timer.o                 152        2        8
    debugpins.o                 196
    gpio.o                      102
    leds.o                      104
    nvic.o                      184
    radiotimer.o                302        2        8
    rcc.o                       148
    startup_stm32l476xx.o       720
    stm32l4xx_it.o              124
    stm32l4xx_ll_exti.o         312
    stm32l4xx_ll_gpio.o         272
    stm32l4xx_ll_lptim.o         52
    stm32l4xx_ll_tim.o          944
    stm32l4xx_ll_utils.o         40
    system_stm32l4xx.o           76                 4
    -------------------------------------------------
    Total:                    4 088        6       28

command line: [2]
    -------------------------------------------------
    Total:

dl7M_tln.a: [3]
    exit.o                        4
    low_level_init.o              4
    -------------------------------------------------
    Total:                        8

m7M_tls.a: [4]
    fpinit_M.o                   34
    -------------------------------------------------
    Total:                       34

rt7M_tl.a: [5]
    cexit.o                      10
    cmain.o                      26
    cstartup_M.o                 12
    data_init.o                  40
    packbits_init_single.o       56
    -------------------------------------------------
    Total:                      144

shb_l.a: [6]
    exit.o                       20
    -------------------------------------------------
    Total:                       20

    Gaps                          8        2
    Linker created                        16    1 024
-----------------------------------------------------
    Grand Total:              4 302       24    1 052


*******************************************************************************
*** ENTRY LIST
***

Entry                      Address   Size  Type      Object
-----                      -------   ----  ----      ------
.iar.init_table$$Base   0x08000f38          --   Gb  - Linker created -
.iar.init_table$$Limit  0x08000f48          --   Gb  - Linker created -
?main                   0x08000f49         Code  Gb  cmain.o [5]
BusFault_Handler        0x08000df3    0x2  Code  Gb  stm32l4xx_it.o [1]
CSTACK$$Base            0x20000020          --   Gb  - Linker created -
CSTACK$$Limit           0x20000420          --   Gb  - Linker created -
DebugMon_Handler        0x08000df9    0x2  Code  Gb  stm32l4xx_it.o [1]
GPIO_Configuration      0x08000bb5   0x30  Code  Gb  gpio.o [1]
HardFault_Handler       0x08000def    0x2  Code  Gb  stm32l4xx_it.o [1]
LL_AHB2_GRP1_EnableClock
                        0x08000b99   0x16  Code  Lc  gpio.o [1]
LL_APB1_GRP1_EnableClock
                        0x08000671   0x16  Code  Lc  radiotimer.o [1]
LL_EXTI_Init            0x08000539  0x130  Code  Gb  stm32l4xx_ll_exti.o [1]
LL_GPIO_Init            0x0800088d   0xca  Code  Gb  stm32l4xx_ll_gpio.o [1]
LL_Init1msTick          0x08000dc5   0x18  Code  Gb  stm32l4xx_ll_utils.o [1]
LL_LPTIM_Init           0x080007a1   0x2c  Code  Gb  stm32l4xx_ll_lptim.o [1]
LL_SetSystemCoreClock   0x08000ddd    0x6  Code  Gb  stm32l4xx_ll_utils.o [1]
LL_TIM_Init             0x08000189   0xa2  Code  Gb  stm32l4xx_ll_tim.o [1]
LL_TIM_OC_Init          0x0800022b  0x1bc  Code  Gb  stm32l4xx_ll_tim.o [1]
LPTIM1_IRQHandler       0x08000e2f   0x2e  Code  Gb  stm32l4xx_it.o [1]
MemManage_Handler       0x08000df1    0x2  Code  Gb  stm32l4xx_it.o [1]
NMI_Handler             0x08000ded    0x2  Code  Gb  stm32l4xx_it.o [1]
NVIC_Configuration      0x08000867   0x12  Code  Gb  nvic.o [1]
NVIC_EnableIRQ          0x080007d5   0x12  Code  Lc  nvic.o [1]
NVIC_EncodePriority     0x08000801   0x32  Code  Lc  nvic.o [1]
NVIC_SetPriority        0x080007e7   0x1a  Code  Lc  nvic.o [1]
NVIC_radio              0x08000851   0x16  Code  Gb  nvic.o [1]
NVIC_radiotimer         0x08000833   0x16  Code  Gb  nvic.o [1]
OC2Config               0x080003f3   0x7c  Code  Lc  stm32l4xx_ll_tim.o [1]
OC3Config               0x080004a1   0x92  Code  Lc  stm32l4xx_ll_tim.o [1]
PendSV_Handler          0x08000dfb    0x2  Code  Gb  stm32l4xx_it.o [1]
RCC_Configuration       0x08000b05   0x82  Code  Gb  rcc.o [1]
Region$$Table$$Base     0x08000f38          --   Gb  - Linker created -
Region$$Table$$Limit    0x08000f48          --   Gb  - Linker created -
SVC_Handler             0x08000df7    0x2  Code  Gb  stm32l4xx_it.o [1]
SysTick_Handler         0x08000dfd    0x2  Code  Gb  stm32l4xx_it.o [1]
SystemCoreClock         0x20000000    0x4  Data  Gb  system_stm32l4xx.o [1]
SystemInit              0x08000e69   0x3c  Code  Gb  system_stm32l4xx.o [1]
TIM1_UP_TIM16_IRQHandler
                        0x08000dff   0x10  Code  Gb  stm32l4xx_it.o [1]
TIM2_IRQHandler         0x08000e0f   0x20  Code  Gb  stm32l4xx_it.o [1]
UsageFault_Handler      0x08000df5    0x2  Code  Gb  stm32l4xx_it.o [1]
__cmain                 0x08000f49         Code  Gb  cmain.o [5]
__exit                  0x08000f79   0x14  Code  Gb  exit.o [6]
__iar_data_init3        0x08000eed   0x28  Code  Gb  data_init.o [5]
__iar_init_vfp          0x08000f15         Code  Gb  fpinit_M.o [4]
__iar_packbits_init_single3
                        0x08000eb5   0x38  Code  Gb  packbits_init_single.o [5]
__iar_program_start     0x08000f9d         Code  Gb  cstartup_M.o [5]
__low_level_init        0x08000f63    0x4  Code  Gb  low_level_init.o [3]
__vector_table          0x08000000         Data  Gb  startup_stm32l476xx.o [1]
_call_main              0x08000f55         Code  Gb  cmain.o [5]
_exit                   0x08000f6d         Code  Gb  cexit.o [5]
_main                   0x08000f5f         Code  Gb  cmain.o [5]
app_dbg                 0x20000008    0x4  Data  Gb  01bsp_radiotimer.o [1]
app_vars                0x20000004    0x4  Data  Gb  01bsp_radiotimer.o [1]
board_init              0x080009a1   0xba  Code  Gb  board.o [1]
board_sleep             0x08000a77    0x2  Code  Gb  board.o [1]
bsp_timer_init          0x08000c69   0x80  Code  Gb  bsp_timer.o [1]
bsp_timer_isr           0x08000ce9    0xc  Code  Gb  bsp_timer.o [1]
bsp_timer_vars          0x2000000c    0x8  Data  Gb  bsp_timer.o [1]
cb_compare              0x08000ad1   0x30  Code  Gb  01bsp_radiotimer.o [1]
cb_overflow             0x08000ab1   0x20  Code  Gb  01bsp_radiotimer.o [1]
debugpins_frame_toggle  0x08000d87    0x4  Code  Gb  debugpins.o [1]
debugpins_init          0x08000d01   0x76  Code  Gb  debugpins.o [1]
debugpins_isr_clr       0x08000da1    0x4  Code  Gb  debugpins.o [1]
debugpins_isr_set       0x08000da5    0x2  Code  Gb  debugpins.o [1]
debugpins_slot_toggle   0x08000d8b    0xc  Code  Gb  debugpins.o [1]
exit                    0x08000f67    0x4  Code  Gb  exit.o [3]
leds_error_toggle       0x08000c37    0xc  Code  Gb  leds.o [1]
leds_init               0x08000c01   0x36  Code  Gb  leds.o [1]
leds_radio_on           0x08000c43    0x4  Code  Gb  leds.o [1]
leds_radio_toggle       0x08000c4d    0xc  Code  Gb  leds.o [1]
main                    0x0800099d    0x4  Code  Gb  board.o [1]
mote_main               0x08000a79   0x38  Code  Gb  01bsp_radiotimer.o [1]
radiotimer_cancel       0x08000749    0xc  Code  Gb  radiotimer.o [1]
radiotimer_compare_isr  0x0800076b   0x10  Code  Gb  radiotimer.o [1]
radiotimer_init         0x08000687   0x44  Code  Gb  radiotimer.o [1]
radiotimer_overflow_isr
                        0x08000755   0x16  Code  Gb  radiotimer.o [1]
radiotimer_schedule     0x0800072b   0x1e  Code  Gb  radiotimer.o [1]
radiotimer_setCompareCb
                        0x080006d1    0x6  Code  Gb  radiotimer.o [1]
radiotimer_setOverflowCb
                        0x080006cb    0x6  Code  Gb  radiotimer.o [1]
radiotimer_start        0x080006d7   0x54  Code  Gb  radiotimer.o [1]
radiotimer_vars         0x20000014    0x8  Data  Gb  radiotimer.o [1]


[1] = E:\openwsn\openwsn-fw\projects\openmotestmL4\radiotimer\EWARM\STM32L476RG_NUCLEO\Obj
[2] = command line
[3] = dl7M_tln.a
[4] = m7M_tls.a
[5] = rt7M_tl.a
[6] = shb_l.a

  4 302 bytes of readonly  code memory
     24 bytes of readonly  data memory
  1 052 bytes of readwrite data memory

Errors: none
Warnings: none
