###############################################################################
#
# IAR ELF Linker V7.50.3.10732/W32 for ARM                14/Feb/2019  20:13:01
# Copyright 2007-2016 IAR Systems AB.
#
#    Output file  =  
#        E:\openwsn\openwsn-fw\projects\openmotestmL4\bspradio_rx\EWARM\STM32L476RG_NUCLEO\Exe\Project.out
#    Map file     =  
#        E:\openwsn\openwsn-fw\projects\openmotestmL4\bspradio_rx\EWARM\STM32L476RG_NUCLEO\List\Project.map
#    Command line =  
#        E:\openwsn\openwsn-fw\projects\openmotestmL4\bspradio_rx\EWARM\STM32L476RG_NUCLEO\Obj\01bsp_radio_rx.o
#        E:\openwsn\openwsn-fw\projects\openmotestmL4\bspradio_rx\EWARM\STM32L476RG_NUCLEO\Obj\board.o
#        E:\openwsn\openwsn-fw\projects\openmotestmL4\bspradio_rx\EWARM\STM32L476RG_NUCLEO\Obj\bsp_timer.o
#        E:\openwsn\openwsn-fw\projects\openmotestmL4\bspradio_rx\EWARM\STM32L476RG_NUCLEO\Obj\debugpins.o
#        E:\openwsn\openwsn-fw\projects\openmotestmL4\bspradio_rx\EWARM\STM32L476RG_NUCLEO\Obj\eui64.o
#        E:\openwsn\openwsn-fw\projects\openmotestmL4\bspradio_rx\EWARM\STM32L476RG_NUCLEO\Obj\gpio.o
#        E:\openwsn\openwsn-fw\projects\openmotestmL4\bspradio_rx\EWARM\STM32L476RG_NUCLEO\Obj\leds.o
#        E:\openwsn\openwsn-fw\projects\openmotestmL4\bspradio_rx\EWARM\STM32L476RG_NUCLEO\Obj\nvic.o
#        E:\openwsn\openwsn-fw\projects\openmotestmL4\bspradio_rx\EWARM\STM32L476RG_NUCLEO\Obj\opentimers.o
#        E:\openwsn\openwsn-fw\projects\openmotestmL4\bspradio_rx\EWARM\STM32L476RG_NUCLEO\Obj\radio.o
#        E:\openwsn\openwsn-fw\projects\openmotestmL4\bspradio_rx\EWARM\STM32L476RG_NUCLEO\Obj\radiotimer.o
#        E:\openwsn\openwsn-fw\projects\openmotestmL4\bspradio_rx\EWARM\STM32L476RG_NUCLEO\Obj\rcc.o
#        E:\openwsn\openwsn-fw\projects\openmotestmL4\bspradio_rx\EWARM\STM32L476RG_NUCLEO\Obj\spi.o
#        E:\openwsn\openwsn-fw\projects\openmotestmL4\bspradio_rx\EWARM\STM32L476RG_NUCLEO\Obj\startup_stm32l476xx.o
#        E:\openwsn\openwsn-fw\projects\openmotestmL4\bspradio_rx\EWARM\STM32L476RG_NUCLEO\Obj\stm32l4xx_it.o
#        E:\openwsn\openwsn-fw\projects\openmotestmL4\bspradio_rx\EWARM\STM32L476RG_NUCLEO\Obj\stm32l4xx_ll_adc.o
#        E:\openwsn\openwsn-fw\projects\openmotestmL4\bspradio_rx\EWARM\STM32L476RG_NUCLEO\Obj\stm32l4xx_ll_comp.o
#        E:\openwsn\openwsn-fw\projects\openmotestmL4\bspradio_rx\EWARM\STM32L476RG_NUCLEO\Obj\stm32l4xx_ll_crc.o
#        E:\openwsn\openwsn-fw\projects\openmotestmL4\bspradio_rx\EWARM\STM32L476RG_NUCLEO\Obj\stm32l4xx_ll_crs.o
#        E:\openwsn\openwsn-fw\projects\openmotestmL4\bspradio_rx\EWARM\STM32L476RG_NUCLEO\Obj\stm32l4xx_ll_dac.o
#        E:\openwsn\openwsn-fw\projects\openmotestmL4\bspradio_rx\EWARM\STM32L476RG_NUCLEO\Obj\stm32l4xx_ll_dma.o
#        E:\openwsn\openwsn-fw\projects\openmotestmL4\bspradio_rx\EWARM\STM32L476RG_NUCLEO\Obj\stm32l4xx_ll_dma2d.o
#        E:\openwsn\openwsn-fw\projects\openmotestmL4\bspradio_rx\EWARM\STM32L476RG_NUCLEO\Obj\stm32l4xx_ll_exti.o
#        E:\openwsn\openwsn-fw\projects\openmotestmL4\bspradio_rx\EWARM\STM32L476RG_NUCLEO\Obj\stm32l4xx_ll_gpio.o
#        E:\openwsn\openwsn-fw\projects\openmotestmL4\bspradio_rx\EWARM\STM32L476RG_NUCLEO\Obj\stm32l4xx_ll_i2c.o
#        E:\openwsn\openwsn-fw\projects\openmotestmL4\bspradio_rx\EWARM\STM32L476RG_NUCLEO\Obj\stm32l4xx_ll_lptim.o
#        E:\openwsn\openwsn-fw\projects\openmotestmL4\bspradio_rx\EWARM\STM32L476RG_NUCLEO\Obj\stm32l4xx_ll_lpuart.o
#        E:\openwsn\openwsn-fw\projects\openmotestmL4\bspradio_rx\EWARM\STM32L476RG_NUCLEO\Obj\stm32l4xx_ll_opamp.o
#        E:\openwsn\openwsn-fw\projects\openmotestmL4\bspradio_rx\EWARM\STM32L476RG_NUCLEO\Obj\stm32l4xx_ll_pwr.o
#        E:\openwsn\openwsn-fw\projects\openmotestmL4\bspradio_rx\EWARM\STM32L476RG_NUCLEO\Obj\stm32l4xx_ll_rcc.o
#        E:\openwsn\openwsn-fw\projects\openmotestmL4\bspradio_rx\EWARM\STM32L476RG_NUCLEO\Obj\stm32l4xx_ll_rng.o
#        E:\openwsn\openwsn-fw\projects\openmotestmL4\bspradio_rx\EWARM\STM32L476RG_NUCLEO\Obj\stm32l4xx_ll_rtc.o
#        E:\openwsn\openwsn-fw\projects\openmotestmL4\bspradio_rx\EWARM\STM32L476RG_NUCLEO\Obj\stm32l4xx_ll_spi.o
#        E:\openwsn\openwsn-fw\projects\openmotestmL4\bspradio_rx\EWARM\STM32L476RG_NUCLEO\Obj\stm32l4xx_ll_swpmi.o
#        E:\openwsn\openwsn-fw\projects\openmotestmL4\bspradio_rx\EWARM\STM32L476RG_NUCLEO\Obj\stm32l4xx_ll_tim.o
#        E:\openwsn\openwsn-fw\projects\openmotestmL4\bspradio_rx\EWARM\STM32L476RG_NUCLEO\Obj\stm32l4xx_ll_usart.o
#        E:\openwsn\openwsn-fw\projects\openmotestmL4\bspradio_rx\EWARM\STM32L476RG_NUCLEO\Obj\stm32l4xx_ll_utils.o
#        E:\openwsn\openwsn-fw\projects\openmotestmL4\bspradio_rx\EWARM\STM32L476RG_NUCLEO\Obj\system_stm32l4xx.o
#        E:\openwsn\openwsn-fw\projects\openmotestmL4\bspradio_rx\EWARM\STM32L476RG_NUCLEO\Obj\uart.o
#        -o
#        E:\openwsn\openwsn-fw\projects\openmotestmL4\bspradio_rx\EWARM\STM32L476RG_NUCLEO\Exe\Project.out
#        --map
#        E:\openwsn\openwsn-fw\projects\openmotestmL4\bspradio_rx\EWARM\STM32L476RG_NUCLEO\List\Project.map
#        --config
#        E:\openwsn\openwsn-fw\projects\openmotestmL4\bspradio_rx\EWARM\stm32l476xx_flash.icf
#        --semihosting --entry __iar_program_start --vfe
#
###############################################################################

*******************************************************************************
*** RUNTIME MODEL ATTRIBUTES
***

CppFlavor       = *
__SystemLibrary = DLib


*******************************************************************************
*** PLACEMENT SUMMARY
***

"A1":  place at 0x08000000 { ro section .intvec };
"P1":  place in [from 0x08000000 to 0x080fffff] { ro };
"P2":  place in [from 0x20000000 to 0x20017fff] { rw, block CSTACK, block HEAP };

  Section            Kind        Address    Size  Object
  -------            ----        -------    ----  ------
"A1":                                      0x188
  .intvec            ro code  0x08000000   0x188  startup_stm32l476xx.o [1]
                            - 0x08000188   0x188

"P1":                                     0x1a8c
  .text              ro code  0x08000188   0x3b0  stm32l4xx_ll_tim.o [1]
  .text              ro code  0x08000538   0x274  stm32l4xx_ll_rcc.o [1]
  .text              ro code  0x080007ac   0x256  spi.o [1]
  .text              ro code  0x08000a04    0x60  stm32l4xx_ll_spi.o [1]
  .text              ro code  0x08000a64   0x1f8  radio.o [1]
  .text              ro code  0x08000c5c    0xb2  radiotimer.o [1]
  .text              ro code  0x08000d10    0xb2  debugpins.o [1]
  .text              ro code  0x08000dc4    0x7c  leds.o [1]
  .text              ro code  0x08000e40   0x110  stm32l4xx_ll_gpio.o [1]
  .text              ro code  0x08000f50   0x1ec  uart.o [1]
  .text              ro code  0x0800113c    0xcc  stm32l4xx_ll_usart.o [1]
  .text              ro code  0x08001208    0xbc  nvic.o [1]
  .text              ro code  0x080012c4   0x152  01bsp_radio_rx.o [1]
  .text              ro code  0x08001418     0x6  ABImemclr4.o [5]
  .text              ro code  0x08001420    0xe8  board.o [1]
  .text              ro code  0x08001508    0x32  ABImemset48.o [5]
  .text              ro code  0x0800153c    0x94  rcc.o [1]
  .text              ro code  0x080015d0    0x66  gpio.o [1]
  .text              ro code  0x08001638   0x138  stm32l4xx_ll_exti.o [1]
  .text              ro code  0x08001770    0x98  bsp_timer.o [1]
  .text              ro code  0x08001808    0x28  stm32l4xx_ll_utils.o [1]
  .text              ro code  0x08001830    0xe4  stm32l4xx_it.o [1]
  .text              ro code  0x08001914    0x8c  system_stm32l4xx.o [1]
  .text              ro code  0x080019a0    0x40  zero_init3.o [5]
  .text              ro code  0x080019e0    0x2c  copy_init3.o [5]
  .text              ro code  0x08001a0c    0x28  data_init.o [5]
  .text              ro code  0x08001a34    0x22  fpinit_M.o [4]
  .iar.init_table    const    0x08001a58    0x24  - Linker created -
  .text              ro code  0x08001a7c    0x1a  cmain.o [5]
  .text              ro code  0x08001a96     0x4  low_level_init.o [3]
  .text              ro code  0x08001a9a     0x4  exit.o [3]
  .text              ro code  0x08001aa0     0xa  cexit.o [5]
  .text              ro code  0x08001aac    0x14  exit.o [6]
  .text              ro code  0x08001ac0    0x10  startup_stm32l476xx.o [1]
  .text              ro code  0x08001ad0     0xc  cstartup_M.o [5]
  .rodata            const    0x08001adc     0x8  system_stm32l4xx.o [1]
  .text              ro code  0x08001ae4     0x4  startup_stm32l476xx.o [1]
  .text              ro code  0x08001ae8     0x4  startup_stm32l476xx.o [1]
  .text              ro code  0x08001aec     0x4  startup_stm32l476xx.o [1]
  .text              ro code  0x08001af0     0x4  startup_stm32l476xx.o [1]
  .text              ro code  0x08001af4     0x4  startup_stm32l476xx.o [1]
  .text              ro code  0x08001af8     0x4  startup_stm32l476xx.o [1]
  .text              ro code  0x08001afc     0x4  startup_stm32l476xx.o [1]
  .text              ro code  0x08001b00     0x4  startup_stm32l476xx.o [1]
  .text              ro code  0x08001b04     0x4  startup_stm32l476xx.o [1]
  .text              ro code  0x08001b08     0x4  startup_stm32l476xx.o [1]
  .text              ro code  0x08001b0c     0x4  startup_stm32l476xx.o [1]
  .text              ro code  0x08001b10     0x4  startup_stm32l476xx.o [1]
  .text              ro code  0x08001b14     0x4  startup_stm32l476xx.o [1]
  .text              ro code  0x08001b18     0x4  startup_stm32l476xx.o [1]
  .text              ro code  0x08001b1c     0x4  startup_stm32l476xx.o [1]
  .text              ro code  0x08001b20     0x4  startup_stm32l476xx.o [1]
  .text              ro code  0x08001b24     0x4  startup_stm32l476xx.o [1]
  .text              ro code  0x08001b28     0x4  startup_stm32l476xx.o [1]
  .text              ro code  0x08001b2c     0x4  startup_stm32l476xx.o [1]
  .text              ro code  0x08001b30     0x4  startup_stm32l476xx.o [1]
  .text              ro code  0x08001b34     0x4  startup_stm32l476xx.o [1]
  .text              ro code  0x08001b38     0x4  startup_stm32l476xx.o [1]
  .text              ro code  0x08001b3c     0x4  startup_stm32l476xx.o [1]
  .text              ro code  0x08001b40     0x4  startup_stm32l476xx.o [1]
  .text              ro code  0x08001b44     0x4  startup_stm32l476xx.o [1]
  .text              ro code  0x08001b48     0x4  startup_stm32l476xx.o [1]
  .text              ro code  0x08001b4c     0x4  startup_stm32l476xx.o [1]
  .text              ro code  0x08001b50     0x4  startup_stm32l476xx.o [1]
  .text              ro code  0x08001b54     0x4  startup_stm32l476xx.o [1]
  .text              ro code  0x08001b58     0x4  startup_stm32l476xx.o [1]
  .text              ro code  0x08001b5c     0x4  startup_stm32l476xx.o [1]
  .text              ro code  0x08001b60     0x4  startup_stm32l476xx.o [1]
  .text              ro code  0x08001b64     0x4  startup_stm32l476xx.o [1]
  .text              ro code  0x08001b68     0x4  startup_stm32l476xx.o [1]
  .text              ro code  0x08001b6c     0x4  startup_stm32l476xx.o [1]
  .text              ro code  0x08001b70     0x4  startup_stm32l476xx.o [1]
  .text              ro code  0x08001b74     0x4  startup_stm32l476xx.o [1]
  .text              ro code  0x08001b78     0x4  startup_stm32l476xx.o [1]
  .text              ro code  0x08001b7c     0x4  startup_stm32l476xx.o [1]
  .text              ro code  0x08001b80     0x4  startup_stm32l476xx.o [1]
  .text              ro code  0x08001b84     0x4  startup_stm32l476xx.o [1]
  .text              ro code  0x08001b88     0x4  startup_stm32l476xx.o [1]
  .text              ro code  0x08001b8c     0x4  startup_stm32l476xx.o [1]
  .text              ro code  0x08001b90     0x4  startup_stm32l476xx.o [1]
  .text              ro code  0x08001b94     0x4  startup_stm32l476xx.o [1]
  .text              ro code  0x08001b98     0x4  startup_stm32l476xx.o [1]
  .text              ro code  0x08001b9c     0x4  startup_stm32l476xx.o [1]
  .text              ro code  0x08001ba0     0x4  startup_stm32l476xx.o [1]
  .text              ro code  0x08001ba4     0x4  startup_stm32l476xx.o [1]
  .text              ro code  0x08001ba8     0x4  startup_stm32l476xx.o [1]
  .text              ro code  0x08001bac     0x4  startup_stm32l476xx.o [1]
  .text              ro code  0x08001bb0     0x4  startup_stm32l476xx.o [1]
  .text              ro code  0x08001bb4     0x4  startup_stm32l476xx.o [1]
  .text              ro code  0x08001bb8     0x4  startup_stm32l476xx.o [1]
  .text              ro code  0x08001bbc     0x4  startup_stm32l476xx.o [1]
  .text              ro code  0x08001bc0     0x4  startup_stm32l476xx.o [1]
  .text              ro code  0x08001bc4     0x4  startup_stm32l476xx.o [1]
  .text              ro code  0x08001bc8     0x4  startup_stm32l476xx.o [1]
  .text              ro code  0x08001bcc     0x4  startup_stm32l476xx.o [1]
  .text              ro code  0x08001bd0     0x4  startup_stm32l476xx.o [1]
  .text              ro code  0x08001bd4     0x4  startup_stm32l476xx.o [1]
  .text              ro code  0x08001bd8     0x4  startup_stm32l476xx.o [1]
  .text              ro code  0x08001bdc     0x4  startup_stm32l476xx.o [1]
  .text              ro code  0x08001be0     0x4  startup_stm32l476xx.o [1]
  .text              ro code  0x08001be4     0x4  startup_stm32l476xx.o [1]
  .text              ro code  0x08001be8     0x4  startup_stm32l476xx.o [1]
  .text              ro code  0x08001bec     0x4  startup_stm32l476xx.o [1]
  .text              ro code  0x08001bf0     0x4  startup_stm32l476xx.o [1]
  .text              ro code  0x08001bf4     0x4  startup_stm32l476xx.o [1]
  .text              ro code  0x08001bf8     0x4  startup_stm32l476xx.o [1]
  .text              ro code  0x08001bfc     0x4  startup_stm32l476xx.o [1]
  .text              ro code  0x08001c00     0x4  startup_stm32l476xx.o [1]
  .text              ro code  0x08001c04     0x4  startup_stm32l476xx.o [1]
  .text              ro code  0x08001c08     0x4  startup_stm32l476xx.o [1]
  .text              ro code  0x08001c0c     0x4  startup_stm32l476xx.o [1]
  Initializer bytes  const    0x08001c10     0x4  <for P2-1>
  .rodata            const    0x08001c14     0x0  zero_init3.o [5]
  .rodata            const    0x08001c14     0x0  copy_init3.o [5]
                            - 0x08001c14  0x1a8c

"P2", part 1 of 3:                           0x4
  P2-1                        0x20000000     0x4  <Init block>
    .data            inited   0x20000000     0x4  system_stm32l4xx.o [1]
                            - 0x20000004     0x4

"P2", part 2 of 3:                         0x400
  CSTACK                      0x20000008   0x400  <Block>
    CSTACK           uninit   0x20000008   0x400  <Block tail>
                            - 0x20000408   0x400

"P2", part 3 of 3:                          0xcc
  .bss               zero     0x20000408    0x90  01bsp_radio_rx.o [1]
  .bss               zero     0x20000498    0x10  spi.o [1]
  .bss               zero     0x200004a8     0xc  radio.o [1]
  .bss               zero     0x200004b4     0xc  uart.o [1]
  .bss               zero     0x200004c0     0x8  bsp_timer.o [1]
  .bss               zero     0x200004c8     0x8  radiotimer.o [1]
  .bss               zero     0x200004d0     0x4  01bsp_radio_rx.o [1]
                            - 0x200004d4    0xcc


*******************************************************************************
*** INIT TABLE
***

          Address     Size
          -------     ----
Zero (__iar_zero_init3)
    1 destination range, total size 0xcc:
          0x20000408  0xcc

Copy (__iar_copy_init3)
    1 source range, total size 0x4:
          0x08001c10   0x4
    1 destination range, total size 0x4:
          0x20000000   0x4



*******************************************************************************
*** MODULE SUMMARY
***

    Module                 ro code  ro data  rw data
    ------                 -------  -------  -------
E:\openwsn\openwsn-fw\projects\openmotestmL4\bspradio_rx\EWARM\STM32L476RG_NUCLEO\Obj: [1]
    01bsp_radio_rx.o           338               148
    board.o                    232
    bsp_timer.o                152                 8
    debugpins.o                178
    gpio.o                     102
    leds.o                     124
    nvic.o                     188
    radio.o                    504                12
    radiotimer.o               178                 8
    rcc.o                      148
    spi.o                      598                16
    startup_stm32l476xx.o      708
    stm32l4xx_it.o             228
    stm32l4xx_ll_exti.o        312
    stm32l4xx_ll_gpio.o        272
    stm32l4xx_ll_rcc.o         628
    stm32l4xx_ll_spi.o          96
    stm32l4xx_ll_tim.o         944
    stm32l4xx_ll_usart.o       204
    stm32l4xx_ll_utils.o        40
    system_stm32l4xx.o         140       12        4
    uart.o                     492                12
    ------------------------------------------------
    Total:                   6 806       12      208

command line: [2]
    ------------------------------------------------
    Total:

dl7M_tln.a: [3]
    exit.o                       4
    low_level_init.o             4
    ------------------------------------------------
    Total:                       8

m7M_tls.a: [4]
    fpinit_M.o                  34
    ------------------------------------------------
    Total:                      34

rt7M_tl.a: [5]
    ABImemclr4.o                 6
    ABImemset48.o               50
    cexit.o                     10
    cmain.o                     26
    copy_init3.o                44
    cstartup_M.o                12
    data_init.o                 40
    zero_init3.o                64
    ------------------------------------------------
    Total:                     252

shb_l.a: [6]
    exit.o                      20
    ------------------------------------------------
    Total:                      20

    Gaps                        18        2
    Linker created                       36    1 024
----------------------------------------------------
    Grand Total:             7 138       50    1 232


*******************************************************************************
*** ENTRY LIST
***

Entry                      Address   Size  Type      Object
-----                      -------   ----  ----      ------
.iar.init_table$$Base   0x08001a58          --   Gb  - Linker created -
.iar.init_table$$Limit  0x08001a7c          --   Gb  - Linker created -
?main                   0x08001a7d         Code  Gb  cmain.o [5]
AHBPrescTable           0x08001960   0x10  Data  Gb  system_stm32l4xx.o [1]
APBPrescTable           0x08001adc    0x8  Data  Gb  system_stm32l4xx.o [1]
BusFault_Handler        0x08001837    0x2  Code  Gb  stm32l4xx_it.o [1]
CSTACK$$Base            0x20000008          --   Gb  - Linker created -
CSTACK$$Limit           0x20000408          --   Gb  - Linker created -
DebugMon_Handler        0x0800183d    0x2  Code  Gb  stm32l4xx_it.o [1]
EXTI15_10_IRQHandler    0x080018ed   0x20  Code  Gb  stm32l4xx_it.o [1]
GPIO_Configuration      0x080015ed   0x30  Code  Gb  gpio.o [1]
HardFault_Handler       0x08001833    0x2  Code  Gb  stm32l4xx_it.o [1]
LL_AHB2_GRP1_EnableClock
                        0x080015d1   0x16  Code  Lc  gpio.o [1]
LL_APB1_GRP1_EnableClock
                        0x08000c5d   0x16  Code  Lc  radiotimer.o [1]
LL_EXTI_Init            0x08001639  0x130  Code  Gb  stm32l4xx_ll_exti.o [1]
LL_GPIO_Init            0x08000e41   0xca  Code  Gb  stm32l4xx_ll_gpio.o [1]
LL_GPIO_SetAFPin_8_15   0x08000803   0x24  Code  Lc  spi.o [1]
LL_GPIO_SetAFPin_8_15   0x08000fb3   0x24  Code  Lc  uart.o [1]
LL_GPIO_SetPinMode      0x080007ad   0x10  Code  Lc  spi.o [1]
LL_GPIO_SetPinMode      0x08000f51   0x10  Code  Lc  uart.o [1]
LL_GPIO_SetPinOutputType
                        0x08000f61    0xc  Code  Lc  uart.o [1]
LL_GPIO_SetPinPull      0x080007e5   0x10  Code  Lc  spi.o [1]
LL_GPIO_SetPinPull      0x08000f95   0x10  Code  Lc  uart.o [1]
LL_GPIO_SetPinSpeed     0x080007bd   0x10  Code  Lc  spi.o [1]
LL_GPIO_SetPinSpeed     0x08000f6d   0x10  Code  Lc  uart.o [1]
LL_Init1msTick          0x08001809   0x18  Code  Gb  stm32l4xx_ll_utils.o [1]
LL_RCC_GetUARTClockFreq
                        0x080005c7   0x6a  Code  Gb  stm32l4xx_ll_rcc.o [1]
LL_RCC_GetUSARTClockFreq
                        0x08000539   0x8e  Code  Gb  stm32l4xx_ll_rcc.o [1]
LL_SPI_Init             0x08000a05   0x54  Code  Gb  stm32l4xx_ll_spi.o [1]
LL_SetSystemCoreClock   0x08001821    0x6  Code  Gb  stm32l4xx_ll_utils.o [1]
LL_TIM_Init             0x08000189   0xa2  Code  Gb  stm32l4xx_ll_tim.o [1]
LL_TIM_OC_Init          0x0800022b  0x1bc  Code  Gb  stm32l4xx_ll_tim.o [1]
LL_USART_Init           0x0800113d   0xb4  Code  Gb  stm32l4xx_ll_usart.o [1]
LPTIM1_IRQHandler       0x0800186d   0x2e  Code  Gb  stm32l4xx_it.o [1]
MSIRangeTable           0x08001970   0x30  Data  Gb  system_stm32l4xx.o [1]
MemManage_Handler       0x08001835    0x2  Code  Gb  stm32l4xx_it.o [1]
NMI_Handler             0x08001831    0x2  Code  Gb  stm32l4xx_it.o [1]
NVIC_Configuration      0x0800129f   0x12  Code  Gb  nvic.o [1]
NVIC_EnableIRQ          0x08001209   0x12  Code  Lc  nvic.o [1]
NVIC_EncodePriority     0x08001235   0x32  Code  Lc  nvic.o [1]
NVIC_SetPriority        0x0800121b   0x1a  Code  Lc  nvic.o [1]
NVIC_radio              0x08001289   0x16  Code  Gb  nvic.o [1]
NVIC_uart               0x08001267   0x1a  Code  Gb  nvic.o [1]
OC2Config               0x080003f3   0x7c  Code  Lc  stm32l4xx_ll_tim.o [1]
OC3Config               0x080004a1   0x92  Code  Lc  stm32l4xx_ll_tim.o [1]
PendSV_Handler          0x0800183f    0x2  Code  Gb  stm32l4xx_it.o [1]
RCC_Configuration       0x0800153d   0x82  Code  Gb  rcc.o [1]
RCC_GetHCLKClockFreq    0x080006bb   0x10  Code  Gb  stm32l4xx_ll_rcc.o [1]
RCC_GetPCLK1ClockFreq   0x080006cb    0xe  Code  Gb  stm32l4xx_ll_rcc.o [1]
RCC_GetPCLK2ClockFreq   0x080006df   0x10  Code  Gb  stm32l4xx_ll_rcc.o [1]
RCC_GetSystemClockFreq  0x08000657   0x64  Code  Gb  stm32l4xx_ll_rcc.o [1]
RCC_PLL_GetFreqDomain_SYS
                        0x080006ef   0x64  Code  Gb  stm32l4xx_ll_rcc.o [1]
Region$$Table$$Base     0x08001a58          --   Gb  - Linker created -
Region$$Table$$Limit    0x08001a7c          --   Gb  - Linker created -
SPI2_IRQHandler         0x0800189b    0xe  Code  Gb  stm32l4xx_it.o [1]
SVC_Handler             0x0800183b    0x2  Code  Gb  stm32l4xx_it.o [1]
SysTick_Handler         0x08001841    0x2  Code  Gb  stm32l4xx_it.o [1]
SystemCoreClock         0x20000000    0x4  Data  Gb  system_stm32l4xx.o [1]
SystemInit              0x08001915   0x3c  Code  Gb  system_stm32l4xx.o [1]
TIM1_UP_TIM16_IRQHandler
                        0x08001843   0x10  Code  Gb  stm32l4xx_it.o [1]
TIM2_IRQHandler         0x08001853   0x1a  Code  Gb  stm32l4xx_it.o [1]
USART1_IRQHandler       0x080018a9   0x30  Code  Gb  stm32l4xx_it.o [1]
UsageFault_Handler      0x08001839    0x2  Code  Gb  stm32l4xx_it.o [1]
__aeabi_memclr4         0x08001419         Code  Gb  ABImemclr4.o [5]
__cmain                 0x08001a7d         Code  Gb  cmain.o [5]
__exit                  0x08001aad   0x14  Code  Gb  exit.o [6]
__iar_Memset4_word      0x08001509         Code  Gb  ABImemset48.o [5]
__iar_Memset8_word      0x08001509         Code  Gb  ABImemset48.o [5]
__iar_copy_init3        0x080019e1   0x2c  Code  Gb  copy_init3.o [5]
__iar_data_init3        0x08001a0d   0x28  Code  Gb  data_init.o [5]
__iar_init_vfp          0x08001a35         Code  Gb  fpinit_M.o [4]
__iar_program_start     0x08001ad1         Code  Gb  cstartup_M.o [5]
__iar_zero_init3        0x080019a1   0x40  Code  Gb  zero_init3.o [5]
__low_level_init        0x08001a97    0x4  Code  Gb  low_level_init.o [3]
__vector_table          0x08000000         Data  Gb  startup_stm32l476xx.o [1]
_call_main              0x08001a89         Code  Gb  cmain.o [5]
_exit                   0x08001aa1         Code  Gb  cexit.o [5]
_main                   0x08001a93         Code  Gb  cmain.o [5]
app_dbg                 0x200004d0    0x4  Data  Gb  01bsp_radio_rx.o [1]
app_vars                0x20000408   0x90  Data  Gb  01bsp_radio_rx.o [1]
board_init              0x08001425   0xc6  Code  Gb  board.o [1]
board_sleep             0x08001507    0x2  Code  Gb  board.o [1]
bsp_timer_init          0x08001771   0x80  Code  Gb  bsp_timer.o [1]
bsp_timer_isr           0x080017f1    0xc  Code  Gb  bsp_timer.o [1]
bsp_timer_vars          0x200004c0    0x8  Data  Gb  bsp_timer.o [1]
cb_endFrame             0x080013bd   0x10  Code  Gb  01bsp_radio_rx.o [1]
cb_radioTimerCompare    0x080013a5    0xa  Code  Gb  01bsp_radio_rx.o [1]
cb_radioTimerOverflows  0x08001399    0xa  Code  Gb  01bsp_radio_rx.o [1]
cb_startFrame           0x080013b1    0xa  Code  Gb  01bsp_radio_rx.o [1]
cb_uartRxCb             0x08001409    0xe  Code  Gb  01bsp_radio_rx.o [1]
cb_uartTxDone           0x080013cd   0x32  Code  Gb  01bsp_radio_rx.o [1]
debugpins_init          0x08000d11   0x76  Code  Gb  debugpins.o [1]
debugpins_isr_clr       0x08000d97    0x4  Code  Gb  debugpins.o [1]
debugpins_isr_set       0x08000d9b    0x2  Code  Gb  debugpins.o [1]
debugpins_radio_set     0x08000db5    0x8  Code  Gb  debugpins.o [1]
exit                    0x08001a9b    0x4  Code  Gb  exit.o [3]
leds_debug_toggle       0x08000e1f    0xc  Code  Gb  leds.o [1]
leds_error_off          0x08000dff    0x2  Code  Gb  leds.o [1]
leds_error_on           0x08000dfb    0x4  Code  Gb  leds.o [1]
leds_init               0x08000dc5   0x36  Code  Gb  leds.o [1]
leds_radio_on           0x08000e07    0x4  Code  Gb  leds.o [1]
leds_sync_off           0x08000e15    0x2  Code  Gb  leds.o [1]
leds_sync_on            0x08000e11    0x4  Code  Gb  leds.o [1]
main                    0x08001421    0x4  Code  Gb  board.o [1]
mote_main               0x080012c5   0xd2  Code  Gb  01bsp_radio_rx.o [1]
radio_getReceivedFrame  0x08000b0d   0x30  Code  Gb  radio.o [1]
radio_init              0x08000a65   0x42  Code  Gb  radio.o [1]
radio_isr               0x08000c19   0x3c  Code  Gb  radio.o [1]
radio_rfOn              0x08000ad5    0x2  Code  Gb  radio.o [1]
radio_rxEnable          0x08000ae5   0x28  Code  Gb  radio.o [1]
radio_setCompareCb      0x08000aab    0x4  Code  Gb  radio.o [1]
radio_setEndFrameCb     0x08000ab5    0x6  Code  Gb  radio.o [1]
radio_setFrequency      0x08000abb   0x1a  Code  Gb  radio.o [1]
radio_setOverflowCb     0x08000aa7    0x4  Code  Gb  radio.o [1]
radio_setStartFrameCb   0x08000aaf    0x6  Code  Gb  radio.o [1]
radio_spiReadReg        0x08000b61   0x32  Code  Gb  radio.o [1]
radio_spiReadRxFifo     0x08000b9f   0x62  Code  Gb  radio.o [1]
radio_spiWriteReg       0x08000b3d   0x24  Code  Gb  radio.o [1]
radio_vars              0x200004a8    0xc  Data  Gb  radio.o [1]
radiotimer_compare_isr  0x08000ce3   0x10  Code  Gb  radiotimer.o [1]
radiotimer_getCapturedTime
                        0x08000cc3    0x2  Code  Gb  radiotimer.o [1]
radiotimer_init         0x08000c73   0x44  Code  Gb  radiotimer.o [1]
radiotimer_overflow_isr
                        0x08000ccd   0x16  Code  Gb  radiotimer.o [1]
radiotimer_setCompareCb
                        0x08000cbd    0x6  Code  Gb  radiotimer.o [1]
radiotimer_setOverflowCb
                        0x08000cb7    0x6  Code  Gb  radiotimer.o [1]
radiotimer_vars         0x200004c8    0x8  Data  Gb  radiotimer.o [1]
spi_init                0x08000827  0x124  Code  Gb  spi.o [1]
spi_isr                 0x08000a01    0x2  Code  Gb  spi.o [1]
spi_txrx                0x0800095f   0x8a  Code  Gb  spi.o [1]
spi_vars                0x20000498   0x10  Data  Gb  spi.o [1]
uart_clearRxInterrupts  0x08001101    0x2  Code  Gb  uart.o [1]
uart_clearTxInterrupts  0x08001103    0x2  Code  Gb  uart.o [1]
uart_disableInterrupts  0x080010ed   0x14  Code  Gb  uart.o [1]
uart_enableInterrupts   0x080010e1    0xc  Code  Gb  uart.o [1]
uart_init               0x08000fd7   0xea  Code  Gb  uart.o [1]
uart_rx_isr             0x08001125    0xc  Code  Gb  uart.o [1]
uart_setCallbacks       0x080010d7    0xa  Code  Gb  uart.o [1]
uart_tx_isr             0x08001119    0xc  Code  Gb  uart.o [1]
uart_vars               0x200004b4    0xc  Data  Gb  uart.o [1]
uart_writeByte          0x08001105   0x14  Code  Gb  uart.o [1]


[1] = E:\openwsn\openwsn-fw\projects\openmotestmL4\bspradio_rx\EWARM\STM32L476RG_NUCLEO\Obj
[2] = command line
[3] = dl7M_tln.a
[4] = m7M_tls.a
[5] = rt7M_tl.a
[6] = shb_l.a

  7 138 bytes of readonly  code memory
     50 bytes of readonly  data memory
  1 232 bytes of readwrite data memory

Errors: none
Warnings: none
