###############################################################################
#
# IAR ELF Linker V7.50.3.10732/W32 for ARM                13/Feb/2019  18:21:16
# Copyright 2007-2016 IAR Systems AB.
#
#    Output file  =  
#        E:\openwsn\openwsn-fw\projects\openmotestmL4\bsptimertest\EWARM\STM32L476RG_NUCLEO\Exe\Project.out
#    Map file     =  
#        E:\openwsn\openwsn-fw\projects\openmotestmL4\bsptimertest\EWARM\STM32L476RG_NUCLEO\List\Project.map
#    Command line =  
#        E:\openwsn\openwsn-fw\projects\openmotestmL4\bsptimertest\EWARM\STM32L476RG_NUCLEO\Obj\01bsp_bsp_timer.o
#        E:\openwsn\openwsn-fw\projects\openmotestmL4\bsptimertest\EWARM\STM32L476RG_NUCLEO\Obj\board.o
#        E:\openwsn\openwsn-fw\projects\openmotestmL4\bsptimertest\EWARM\STM32L476RG_NUCLEO\Obj\bsp_timer.o
#        E:\openwsn\openwsn-fw\projects\openmotestmL4\bsptimertest\EWARM\STM32L476RG_NUCLEO\Obj\debugpins.o
#        E:\openwsn\openwsn-fw\projects\openmotestmL4\bsptimertest\EWARM\STM32L476RG_NUCLEO\Obj\gpio.o
#        E:\openwsn\openwsn-fw\projects\openmotestmL4\bsptimertest\EWARM\STM32L476RG_NUCLEO\Obj\leds.o
#        E:\openwsn\openwsn-fw\projects\openmotestmL4\bsptimertest\EWARM\STM32L476RG_NUCLEO\Obj\nvic.o
#        E:\openwsn\openwsn-fw\projects\openmotestmL4\bsptimertest\EWARM\STM32L476RG_NUCLEO\Obj\opentimers.o
#        E:\openwsn\openwsn-fw\projects\openmotestmL4\bsptimertest\EWARM\STM32L476RG_NUCLEO\Obj\rcc.o
#        E:\openwsn\openwsn-fw\projects\openmotestmL4\bsptimertest\EWARM\STM32L476RG_NUCLEO\Obj\startup_stm32l476xx.o
#        E:\openwsn\openwsn-fw\projects\openmotestmL4\bsptimertest\EWARM\STM32L476RG_NUCLEO\Obj\stm32l4xx_it.o
#        E:\openwsn\openwsn-fw\projects\openmotestmL4\bsptimertest\EWARM\STM32L476RG_NUCLEO\Obj\stm32l4xx_ll_adc.o
#        E:\openwsn\openwsn-fw\projects\openmotestmL4\bsptimertest\EWARM\STM32L476RG_NUCLEO\Obj\stm32l4xx_ll_comp.o
#        E:\openwsn\openwsn-fw\projects\openmotestmL4\bsptimertest\EWARM\STM32L476RG_NUCLEO\Obj\stm32l4xx_ll_crc.o
#        E:\openwsn\openwsn-fw\projects\openmotestmL4\bsptimertest\EWARM\STM32L476RG_NUCLEO\Obj\stm32l4xx_ll_crs.o
#        E:\openwsn\openwsn-fw\projects\openmotestmL4\bsptimertest\EWARM\STM32L476RG_NUCLEO\Obj\stm32l4xx_ll_dac.o
#        E:\openwsn\openwsn-fw\projects\openmotestmL4\bsptimertest\EWARM\STM32L476RG_NUCLEO\Obj\stm32l4xx_ll_dma.o
#        E:\openwsn\openwsn-fw\projects\openmotestmL4\bsptimertest\EWARM\STM32L476RG_NUCLEO\Obj\stm32l4xx_ll_dma2d.o
#        E:\openwsn\openwsn-fw\projects\openmotestmL4\bsptimertest\EWARM\STM32L476RG_NUCLEO\Obj\stm32l4xx_ll_exti.o
#        E:\openwsn\openwsn-fw\projects\openmotestmL4\bsptimertest\EWARM\STM32L476RG_NUCLEO\Obj\stm32l4xx_ll_gpio.o
#        E:\openwsn\openwsn-fw\projects\openmotestmL4\bsptimertest\EWARM\STM32L476RG_NUCLEO\Obj\stm32l4xx_ll_i2c.o
#        E:\openwsn\openwsn-fw\projects\openmotestmL4\bsptimertest\EWARM\STM32L476RG_NUCLEO\Obj\stm32l4xx_ll_lptim.o
#        E:\openwsn\openwsn-fw\projects\openmotestmL4\bsptimertest\EWARM\STM32L476RG_NUCLEO\Obj\stm32l4xx_ll_lpuart.o
#        E:\openwsn\openwsn-fw\projects\openmotestmL4\bsptimertest\EWARM\STM32L476RG_NUCLEO\Obj\stm32l4xx_ll_opamp.o
#        E:\openwsn\openwsn-fw\projects\openmotestmL4\bsptimertest\EWARM\STM32L476RG_NUCLEO\Obj\stm32l4xx_ll_pwr.o
#        E:\openwsn\openwsn-fw\projects\openmotestmL4\bsptimertest\EWARM\STM32L476RG_NUCLEO\Obj\stm32l4xx_ll_rcc.o
#        E:\openwsn\openwsn-fw\projects\openmotestmL4\bsptimertest\EWARM\STM32L476RG_NUCLEO\Obj\stm32l4xx_ll_rng.o
#        E:\openwsn\openwsn-fw\projects\openmotestmL4\bsptimertest\EWARM\STM32L476RG_NUCLEO\Obj\stm32l4xx_ll_rtc.o
#        E:\openwsn\openwsn-fw\projects\openmotestmL4\bsptimertest\EWARM\STM32L476RG_NUCLEO\Obj\stm32l4xx_ll_spi.o
#        E:\openwsn\openwsn-fw\projects\openmotestmL4\bsptimertest\EWARM\STM32L476RG_NUCLEO\Obj\stm32l4xx_ll_swpmi.o
#        E:\openwsn\openwsn-fw\projects\openmotestmL4\bsptimertest\EWARM\STM32L476RG_NUCLEO\Obj\stm32l4xx_ll_tim.o
#        E:\openwsn\openwsn-fw\projects\openmotestmL4\bsptimertest\EWARM\STM32L476RG_NUCLEO\Obj\stm32l4xx_ll_usart.o
#        E:\openwsn\openwsn-fw\projects\openmotestmL4\bsptimertest\EWARM\STM32L476RG_NUCLEO\Obj\stm32l4xx_ll_utils.o
#        E:\openwsn\openwsn-fw\projects\openmotestmL4\bsptimertest\EWARM\STM32L476RG_NUCLEO\Obj\system_stm32l4xx.o
#        -o
#        E:\openwsn\openwsn-fw\projects\openmotestmL4\bsptimertest\EWARM\STM32L476RG_NUCLEO\Exe\Project.out
#        --map
#        E:\openwsn\openwsn-fw\projects\openmotestmL4\bsptimertest\EWARM\STM32L476RG_NUCLEO\List\Project.map
#        --config
#        E:\openwsn\openwsn-fw\projects\openmotestmL4\bsptimertest\EWARM\stm32l476xx_flash.icf
#        --semihosting --entry __iar_program_start --vfe
#
###############################################################################

*******************************************************************************
*** RUNTIME MODEL ATTRIBUTES
***

CppFlavor       = *
__SystemLibrary = DLib


*******************************************************************************
*** PLACEMENT SUMMARY
***

"A1":  place at 0x08000000 { ro section .intvec };
"P1":  place in [from 0x08000000 to 0x080fffff] { ro };
"P2":  place in [from 0x20000000 to 0x20017fff] { rw, block CSTACK, block HEAP };

  Section            Kind        Address   Size  Object
  -------            ----        -------   ----  ------
"A1":                                     0x188
  .intvec            ro code  0x08000000  0x188  startup_stm32l476xx.o [1]
                            - 0x08000188  0x188

"P1":                                     0xc84
  .text              ro code  0x08000188  0x3b0  stm32l4xx_ll_tim.o [1]
  .text              ro code  0x08000538  0x138  stm32l4xx_ll_exti.o [1]
  .text              ro code  0x08000670  0x110  stm32l4xx_ll_gpio.o [1]
  .text              ro code  0x08000780   0xdc  bsp_timer.o [1]
  .text              ro code  0x0800085c   0x34  nvic.o [1]
  .text              ro code  0x08000890   0xd0  board.o [1]
  .text              ro code  0x08000960   0x40  01bsp_bsp_timer.o [1]
  .text              ro code  0x080009a0   0x94  rcc.o [1]
  .text              ro code  0x08000a34   0x66  gpio.o [1]
  .text              ro code  0x08000a9c   0x50  leds.o [1]
  .text              ro code  0x08000aec   0x28  debugpins.o [1]
  .text              ro code  0x08000b14   0x28  stm32l4xx_ll_utils.o [1]
  .text              ro code  0x08000b3c   0x4c  stm32l4xx_it.o [1]
  .text              ro code  0x08000b88   0x4c  system_stm32l4xx.o [1]
  .text              ro code  0x08000bd4   0x2c  copy_init3.o [5]
  .text              ro code  0x08000c00   0x28  data_init.o [5]
  .text              ro code  0x08000c28   0x22  fpinit_M.o [4]
  .iar.init_table    const    0x08000c4c   0x14  - Linker created -
  .text              ro code  0x08000c60   0x1a  cmain.o [5]
  .text              ro code  0x08000c7a    0x4  low_level_init.o [3]
  .text              ro code  0x08000c7e    0x4  exit.o [3]
  .text              ro code  0x08000c84    0xa  cexit.o [5]
  .text              ro code  0x08000c90   0x14  exit.o [6]
  .text              ro code  0x08000ca4   0x10  startup_stm32l476xx.o [1]
  Initializer bytes  const    0x08000cb4   0x10  <for P2-1>
  .text              ro code  0x08000cc4    0xc  cstartup_M.o [5]
  .text              ro code  0x08000cd0    0x4  startup_stm32l476xx.o [1]
  .text              ro code  0x08000cd4    0x4  startup_stm32l476xx.o [1]
  .text              ro code  0x08000cd8    0x4  startup_stm32l476xx.o [1]
  .text              ro code  0x08000cdc    0x4  startup_stm32l476xx.o [1]
  .text              ro code  0x08000ce0    0x4  startup_stm32l476xx.o [1]
  .text              ro code  0x08000ce4    0x4  startup_stm32l476xx.o [1]
  .text              ro code  0x08000ce8    0x4  startup_stm32l476xx.o [1]
  .text              ro code  0x08000cec    0x4  startup_stm32l476xx.o [1]
  .text              ro code  0x08000cf0    0x4  startup_stm32l476xx.o [1]
  .text              ro code  0x08000cf4    0x4  startup_stm32l476xx.o [1]
  .text              ro code  0x08000cf8    0x4  startup_stm32l476xx.o [1]
  .text              ro code  0x08000cfc    0x4  startup_stm32l476xx.o [1]
  .text              ro code  0x08000d00    0x4  startup_stm32l476xx.o [1]
  .text              ro code  0x08000d04    0x4  startup_stm32l476xx.o [1]
  .text              ro code  0x08000d08    0x4  startup_stm32l476xx.o [1]
  .text              ro code  0x08000d0c    0x4  startup_stm32l476xx.o [1]
  .text              ro code  0x08000d10    0x4  startup_stm32l476xx.o [1]
  .text              ro code  0x08000d14    0x4  startup_stm32l476xx.o [1]
  .text              ro code  0x08000d18    0x4  startup_stm32l476xx.o [1]
  .text              ro code  0x08000d1c    0x4  startup_stm32l476xx.o [1]
  .text              ro code  0x08000d20    0x4  startup_stm32l476xx.o [1]
  .text              ro code  0x08000d24    0x4  startup_stm32l476xx.o [1]
  .text              ro code  0x08000d28    0x4  startup_stm32l476xx.o [1]
  .text              ro code  0x08000d2c    0x4  startup_stm32l476xx.o [1]
  .text              ro code  0x08000d30    0x4  startup_stm32l476xx.o [1]
  .text              ro code  0x08000d34    0x4  startup_stm32l476xx.o [1]
  .text              ro code  0x08000d38    0x4  startup_stm32l476xx.o [1]
  .text              ro code  0x08000d3c    0x4  startup_stm32l476xx.o [1]
  .text              ro code  0x08000d40    0x4  startup_stm32l476xx.o [1]
  .text              ro code  0x08000d44    0x4  startup_stm32l476xx.o [1]
  .text              ro code  0x08000d48    0x4  startup_stm32l476xx.o [1]
  .text              ro code  0x08000d4c    0x4  startup_stm32l476xx.o [1]
  .text              ro code  0x08000d50    0x4  startup_stm32l476xx.o [1]
  .text              ro code  0x08000d54    0x4  startup_stm32l476xx.o [1]
  .text              ro code  0x08000d58    0x4  startup_stm32l476xx.o [1]
  .text              ro code  0x08000d5c    0x4  startup_stm32l476xx.o [1]
  .text              ro code  0x08000d60    0x4  startup_stm32l476xx.o [1]
  .text              ro code  0x08000d64    0x4  startup_stm32l476xx.o [1]
  .text              ro code  0x08000d68    0x4  startup_stm32l476xx.o [1]
  .text              ro code  0x08000d6c    0x4  startup_stm32l476xx.o [1]
  .text              ro code  0x08000d70    0x4  startup_stm32l476xx.o [1]
  .text              ro code  0x08000d74    0x4  startup_stm32l476xx.o [1]
  .text              ro code  0x08000d78    0x4  startup_stm32l476xx.o [1]
  .text              ro code  0x08000d7c    0x4  startup_stm32l476xx.o [1]
  .text              ro code  0x08000d80    0x4  startup_stm32l476xx.o [1]
  .text              ro code  0x08000d84    0x4  startup_stm32l476xx.o [1]
  .text              ro code  0x08000d88    0x4  startup_stm32l476xx.o [1]
  .text              ro code  0x08000d8c    0x4  startup_stm32l476xx.o [1]
  .text              ro code  0x08000d90    0x4  startup_stm32l476xx.o [1]
  .text              ro code  0x08000d94    0x4  startup_stm32l476xx.o [1]
  .text              ro code  0x08000d98    0x4  startup_stm32l476xx.o [1]
  .text              ro code  0x08000d9c    0x4  startup_stm32l476xx.o [1]
  .text              ro code  0x08000da0    0x4  startup_stm32l476xx.o [1]
  .text              ro code  0x08000da4    0x4  startup_stm32l476xx.o [1]
  .text              ro code  0x08000da8    0x4  startup_stm32l476xx.o [1]
  .text              ro code  0x08000dac    0x4  startup_stm32l476xx.o [1]
  .text              ro code  0x08000db0    0x4  startup_stm32l476xx.o [1]
  .text              ro code  0x08000db4    0x4  startup_stm32l476xx.o [1]
  .text              ro code  0x08000db8    0x4  startup_stm32l476xx.o [1]
  .text              ro code  0x08000dbc    0x4  startup_stm32l476xx.o [1]
  .text              ro code  0x08000dc0    0x4  startup_stm32l476xx.o [1]
  .text              ro code  0x08000dc4    0x4  startup_stm32l476xx.o [1]
  .text              ro code  0x08000dc8    0x4  startup_stm32l476xx.o [1]
  .text              ro code  0x08000dcc    0x4  startup_stm32l476xx.o [1]
  .text              ro code  0x08000dd0    0x4  startup_stm32l476xx.o [1]
  .text              ro code  0x08000dd4    0x4  startup_stm32l476xx.o [1]
  .text              ro code  0x08000dd8    0x4  startup_stm32l476xx.o [1]
  .text              ro code  0x08000ddc    0x4  startup_stm32l476xx.o [1]
  .text              ro code  0x08000de0    0x4  startup_stm32l476xx.o [1]
  .text              ro code  0x08000de4    0x4  startup_stm32l476xx.o [1]
  .text              ro code  0x08000de8    0x4  startup_stm32l476xx.o [1]
  .text              ro code  0x08000dec    0x4  startup_stm32l476xx.o [1]
  .text              ro code  0x08000df0    0x4  startup_stm32l476xx.o [1]
  .text              ro code  0x08000df4    0x4  startup_stm32l476xx.o [1]
  .text              ro code  0x08000df8    0x4  startup_stm32l476xx.o [1]
  .text              ro code  0x08000dfc    0x4  startup_stm32l476xx.o [1]
  .text              ro code  0x08000e00    0x4  startup_stm32l476xx.o [1]
  .text              ro code  0x08000e04    0x4  startup_stm32l476xx.o [1]
  .text              ro code  0x08000e08    0x4  startup_stm32l476xx.o [1]
  .rodata            const    0x08000e0c    0x0  copy_init3.o [5]
                            - 0x08000e0c  0xc84

"P2", part 1 of 2:                         0x10
  P2-1                        0x20000000   0x10  <Init block>
    .data            inited   0x20000000    0x4  system_stm32l4xx.o [1]
    .bss             inited   0x20000004    0x4  01bsp_bsp_timer.o [1]
    .bss             inited   0x20000008    0x8  bsp_timer.o [1]
                            - 0x20000010   0x10

"P2", part 2 of 2:                        0x400
  CSTACK                      0x20000010  0x400  <Block>
    CSTACK           uninit   0x20000010  0x400  <Block tail>
                            - 0x20000410  0x400


*******************************************************************************
*** INIT TABLE
***

          Address     Size
          -------     ----
Copy (__iar_copy_init3)
    1 source range, total size 0x10:
          0x08000cb4  0x10
    1 destination range, total size 0x10:
          0x20000000  0x10



*******************************************************************************
*** MODULE SUMMARY
***

    Module                 ro code  ro data  rw data
    ------                 -------  -------  -------
E:\openwsn\openwsn-fw\projects\openmotestmL4\bsptimertest\EWARM\STM32L476RG_NUCLEO\Obj: [1]
    01bsp_bsp_timer.o           64        4        4
    board.o                    208
    bsp_timer.o                220        8        8
    debugpins.o                 40
    gpio.o                     102
    leds.o                      80
    nvic.o                      52
    rcc.o                      148
    startup_stm32l476xx.o      724
    stm32l4xx_it.o              76
    stm32l4xx_ll_exti.o        312
    stm32l4xx_ll_gpio.o        272
    stm32l4xx_ll_tim.o         944
    stm32l4xx_ll_utils.o        40
    system_stm32l4xx.o          76        4        4
    ------------------------------------------------
    Total:                   3 358       16       16

command line: [2]
    ------------------------------------------------
    Total:

dl7M_tln.a: [3]
    exit.o                       4
    low_level_init.o             4
    ------------------------------------------------
    Total:                       8

m7M_tls.a: [4]
    fpinit_M.o                  34
    ------------------------------------------------
    Total:                      34

rt7M_tl.a: [5]
    cexit.o                     10
    cmain.o                     26
    copy_init3.o                44
    cstartup_M.o                12
    data_init.o                 40
    ------------------------------------------------
    Total:                     132

shb_l.a: [6]
    exit.o                      20
    ------------------------------------------------
    Total:                      20

    Gaps                         6        2
    Linker created                       20    1 024
----------------------------------------------------
    Grand Total:             3 558       38    1 040


*******************************************************************************
*** ENTRY LIST
***

Entry                      Address   Size  Type      Object
-----                      -------   ----  ----      ------
.iar.init_table$$Base   0x08000c4c          --   Gb  - Linker created -
.iar.init_table$$Limit  0x08000c60          --   Gb  - Linker created -
?main                   0x08000c61         Code  Gb  cmain.o [5]
BusFault_Handler        0x08000b43    0x2  Code  Gb  stm32l4xx_it.o [1]
CSTACK$$Base            0x20000010          --   Gb  - Linker created -
CSTACK$$Limit           0x20000410          --   Gb  - Linker created -
DebugMon_Handler        0x08000b49    0x2  Code  Gb  stm32l4xx_it.o [1]
GPIO_Configuration      0x08000a51   0x30  Code  Gb  gpio.o [1]
HardFault_Handler       0x08000b3f    0x2  Code  Gb  stm32l4xx_it.o [1]
LL_AHB2_GRP1_EnableClock
                        0x08000a35   0x16  Code  Lc  gpio.o [1]
LL_EXTI_Init            0x08000539  0x130  Code  Gb  stm32l4xx_ll_exti.o [1]
LL_GPIO_Init            0x08000671   0xca  Code  Gb  stm32l4xx_ll_gpio.o [1]
LL_Init1msTick          0x08000b15   0x18  Code  Gb  stm32l4xx_ll_utils.o [1]
LL_SetSystemCoreClock   0x08000b2d    0x6  Code  Gb  stm32l4xx_ll_utils.o [1]
LL_TIM_Init             0x08000189   0xa2  Code  Gb  stm32l4xx_ll_tim.o [1]
LL_TIM_OC_Init          0x0800022b  0x1bc  Code  Gb  stm32l4xx_ll_tim.o [1]
MemManage_Handler       0x08000b41    0x2  Code  Gb  stm32l4xx_it.o [1]
NMI_Handler             0x08000b3d    0x2  Code  Gb  stm32l4xx_it.o [1]
NVIC_Configuration      0x0800086d   0x12  Code  Gb  nvic.o [1]
NVIC_bsptimer           0x0800085d   0x10  Code  Gb  nvic.o [1]
OC2Config               0x080003f3   0x7c  Code  Lc  stm32l4xx_ll_tim.o [1]
OC3Config               0x080004a1   0x92  Code  Lc  stm32l4xx_ll_tim.o [1]
PendSV_Handler          0x08000b4b    0x2  Code  Gb  stm32l4xx_it.o [1]
RCC_Configuration       0x080009a1   0x82  Code  Gb  rcc.o [1]
Region$$Table$$Base     0x08000c4c          --   Gb  - Linker created -
Region$$Table$$Limit    0x08000c60          --   Gb  - Linker created -
SVC_Handler             0x08000b47    0x2  Code  Gb  stm32l4xx_it.o [1]
SysTick_Handler         0x08000b4d    0x2  Code  Gb  stm32l4xx_it.o [1]
SystemCoreClock         0x20000000    0x4  Data  Gb  system_stm32l4xx.o [1]
SystemInit              0x08000b89   0x3c  Code  Gb  system_stm32l4xx.o [1]
TIM1_UP_TIM16_IRQHandler
                        0x08000b4f   0x10  Code  Gb  stm32l4xx_it.o [1]
TIM2_IRQHandler         0x08000b5f   0x20  Code  Gb  stm32l4xx_it.o [1]
UsageFault_Handler      0x08000b45    0x2  Code  Gb  stm32l4xx_it.o [1]
__cmain                 0x08000c61         Code  Gb  cmain.o [5]
__exit                  0x08000c91   0x14  Code  Gb  exit.o [6]
__iar_copy_init3        0x08000bd5   0x2c  Code  Gb  copy_init3.o [5]
__iar_data_init3        0x08000c01   0x28  Code  Gb  data_init.o [5]
__iar_init_vfp          0x08000c29         Code  Gb  fpinit_M.o [4]
__iar_program_start     0x08000cc5         Code  Gb  cstartup_M.o [5]
__low_level_init        0x08000c7b    0x4  Code  Gb  low_level_init.o [3]
__vector_table          0x08000000         Data  Gb  startup_stm32l476xx.o [1]
_call_main              0x08000c6d         Code  Gb  cmain.o [5]
_exit                   0x08000c85         Code  Gb  cexit.o [5]
_main                   0x08000c77         Code  Gb  cmain.o [5]
app_vars                0x20000004    0x4  Data  Gb  01bsp_bsp_timer.o [1]
board_init              0x08000895   0xae  Code  Gb  board.o [1]
board_sleep             0x0800095f    0x2  Code  Gb  board.o [1]
bsp_timer_init          0x08000781   0x80  Code  Gb  bsp_timer.o [1]
bsp_timer_isr           0x08000845    0xc  Code  Gb  bsp_timer.o [1]
bsp_timer_scheduleIn    0x08000809   0x3c  Code  Gb  bsp_timer.o [1]
bsp_timer_set_callback  0x08000801    0x8  Code  Gb  bsp_timer.o [1]
bsp_timer_vars          0x20000008    0x8  Data  Gb  bsp_timer.o [1]
cb_compare              0x0800097d   0x1e  Code  Gb  01bsp_bsp_timer.o [1]
debugpins_frame_toggle  0x08000aed    0x4  Code  Gb  debugpins.o [1]
debugpins_isr_clr       0x08000afb    0x4  Code  Gb  debugpins.o [1]
debugpins_isr_set       0x08000aff    0x2  Code  Gb  debugpins.o [1]
exit                    0x08000c7f    0x4  Code  Gb  exit.o [3]
leds_error_toggle       0x08000ad3    0xc  Code  Gb  leds.o [1]
leds_init               0x08000a9d   0x36  Code  Gb  leds.o [1]
main                    0x08000891    0x4  Code  Gb  board.o [1]
mote_main               0x08000961   0x1c  Code  Gb  01bsp_bsp_timer.o [1]


[1] = E:\openwsn\openwsn-fw\projects\openmotestmL4\bsptimertest\EWARM\STM32L476RG_NUCLEO\Obj
[2] = command line
[3] = dl7M_tln.a
[4] = m7M_tls.a
[5] = rt7M_tl.a
[6] = shb_l.a

  3 558 bytes of readonly  code memory
     38 bytes of readonly  data memory
  1 040 bytes of readwrite data memory

Errors: none
Warnings: none
